Archive member included to satisfy reference by file (symbol)

c:/program files/microchip/xc8/v2.45/avr/bin/../lib/gcc/avr/5.4.0/../../../../avr/lib/avrxmega3\libm.a(addsf3.o)
                              build/default/debug/gps.o (__subsf3)
c:/program files/microchip/xc8/v2.45/avr/bin/../lib/gcc/avr/5.4.0/../../../../avr/lib/avrxmega3\libm.a(addsf3x.o)
                              c:/program files/microchip/xc8/v2.45/avr/bin/../lib/gcc/avr/5.4.0/../../../../avr/lib/avrxmega3\libm.a(addsf3.o) (__addsf3x)
c:/program files/microchip/xc8/v2.45/avr/bin/../lib/gcc/avr/5.4.0/../../../../avr/lib/avrxmega3\libm.a(cmpsf2.o)
                              build/default/debug/mini-gmp.o (__eqsf2)
c:/program files/microchip/xc8/v2.45/avr/bin/../lib/gcc/avr/5.4.0/../../../../avr/lib/avrxmega3\libm.a(divsf3.o)
                              build/default/debug/gps.o (__divsf3)
c:/program files/microchip/xc8/v2.45/avr/bin/../lib/gcc/avr/5.4.0/../../../../avr/lib/avrxmega3\libm.a(divsf3x.o)
                              c:/program files/microchip/xc8/v2.45/avr/bin/../lib/gcc/avr/5.4.0/../../../../avr/lib/avrxmega3\libm.a(divsf3.o) (__divsf3x)
c:/program files/microchip/xc8/v2.45/avr/bin/../lib/gcc/avr/5.4.0/../../../../avr/lib/avrxmega3\libm.a(fixsfsi.o)
                              build/default/debug/gps.o (__fixsfsi)
c:/program files/microchip/xc8/v2.45/avr/bin/../lib/gcc/avr/5.4.0/../../../../avr/lib/avrxmega3\libm.a(fixunssfsi.o)
                              build/default/debug/mini-gmp.o (__fixunssfsi)
c:/program files/microchip/xc8/v2.45/avr/bin/../lib/gcc/avr/5.4.0/../../../../avr/lib/avrxmega3\libm.a(floatsisf.o)
                              build/default/debug/mini-gmp.o (__floatunsisf)
c:/program files/microchip/xc8/v2.45/avr/bin/../lib/gcc/avr/5.4.0/../../../../avr/lib/avrxmega3\libm.a(fp_cmp.o)
                              c:/program files/microchip/xc8/v2.45/avr/bin/../lib/gcc/avr/5.4.0/../../../../avr/lib/avrxmega3\libm.a(cmpsf2.o) (__fp_cmp)
c:/program files/microchip/xc8/v2.45/avr/bin/../lib/gcc/avr/5.4.0/../../../../avr/lib/avrxmega3\libm.a(fp_inf.o)
                              c:/program files/microchip/xc8/v2.45/avr/bin/../lib/gcc/avr/5.4.0/../../../../avr/lib/avrxmega3\libm.a(addsf3x.o) (__fp_inf)
c:/program files/microchip/xc8/v2.45/avr/bin/../lib/gcc/avr/5.4.0/../../../../avr/lib/avrxmega3\libm.a(fp_nan.o)
                              c:/program files/microchip/xc8/v2.45/avr/bin/../lib/gcc/avr/5.4.0/../../../../avr/lib/avrxmega3\libm.a(addsf3x.o) (__fp_nan)
c:/program files/microchip/xc8/v2.45/avr/bin/../lib/gcc/avr/5.4.0/../../../../avr/lib/avrxmega3\libm.a(fp_pscA.o)
                              c:/program files/microchip/xc8/v2.45/avr/bin/../lib/gcc/avr/5.4.0/../../../../avr/lib/avrxmega3\libm.a(addsf3x.o) (__fp_pscA)
c:/program files/microchip/xc8/v2.45/avr/bin/../lib/gcc/avr/5.4.0/../../../../avr/lib/avrxmega3\libm.a(fp_pscB.o)
                              c:/program files/microchip/xc8/v2.45/avr/bin/../lib/gcc/avr/5.4.0/../../../../avr/lib/avrxmega3\libm.a(addsf3x.o) (__fp_pscB)
c:/program files/microchip/xc8/v2.45/avr/bin/../lib/gcc/avr/5.4.0/../../../../avr/lib/avrxmega3\libm.a(fp_round.o)
                              c:/program files/microchip/xc8/v2.45/avr/bin/../lib/gcc/avr/5.4.0/../../../../avr/lib/avrxmega3\libm.a(addsf3.o) (__fp_round)
c:/program files/microchip/xc8/v2.45/avr/bin/../lib/gcc/avr/5.4.0/../../../../avr/lib/avrxmega3\libm.a(fp_split3.o)
                              c:/program files/microchip/xc8/v2.45/avr/bin/../lib/gcc/avr/5.4.0/../../../../avr/lib/avrxmega3\libm.a(addsf3x.o) (__fp_split3)
c:/program files/microchip/xc8/v2.45/avr/bin/../lib/gcc/avr/5.4.0/../../../../avr/lib/avrxmega3\libm.a(fp_zero.o)
                              c:/program files/microchip/xc8/v2.45/avr/bin/../lib/gcc/avr/5.4.0/../../../../avr/lib/avrxmega3\libm.a(addsf3x.o) (__fp_zero)
c:/program files/microchip/xc8/v2.45/avr/bin/../lib/gcc/avr/5.4.0/../../../../avr/lib/avrxmega3\libm.a(gesf2.o)
                              build/default/debug/gps.o (__gesf2)
c:/program files/microchip/xc8/v2.45/avr/bin/../lib/gcc/avr/5.4.0/../../../../avr/lib/avrxmega3\libm.a(mulsf3.o)
                              build/default/debug/gps.o (__mulsf3)
c:/program files/microchip/xc8/v2.45/avr/bin/../lib/gcc/avr/5.4.0/../../../../avr/lib/avrxmega3\libm.a(mulsf3x.o)
                              c:/program files/microchip/xc8/v2.45/avr/bin/../lib/gcc/avr/5.4.0/../../../../avr/lib/avrxmega3\libm.a(mulsf3.o) (__mulsf3x)
c:/program files/microchip/xc8/v2.45/avr/bin/../lib/gcc/avr/5.4.0/avrxmega3\libgcc.a(_mulsi3.o)
                              build/default/debug/mini-gmp.o (__mulsi3)
c:/program files/microchip/xc8/v2.45/avr/bin/../lib/gcc/avr/5.4.0/avrxmega3\libgcc.a(_udivmodhi4.o)
                              build/default/debug/mini-gmp.o (__udivmodhi4)
c:/program files/microchip/xc8/v2.45/avr/bin/../lib/gcc/avr/5.4.0/avrxmega3\libgcc.a(_udivmodsi4.o)
[...]
Memory Configuration

Name             Origin             Length             Attributes
text             0x0000000000000000 0x0000000000008000 xr
data             0x0000000000803000 0x0000000000001000 rw !x
eeprom           0x0000000000810000 0x0000000000000100 rw !x
fuse             0x0000000000820000 0x000000000000000a rw !x
lock             0x0000000000830000 0x0000000000000400 rw !x
signature        0x0000000000840000 0x0000000000000400 rw !x
user_signatures  0x0000000000850000 0x0000000000000400 rw !x
bootrow          0x0000000000860000 0x0000000000000400 rw !x
*default*        0x0000000000000000 0xffffffffffffffff

Linker script and memory map

Address of section .data set to 0x803000
                0x0000000000004000                __RODATA_PM_OFFSET__ = 0x4000
LOAD C:/Program Files/Microchip/MPLABX/v6.15/packs/Microchip/ATmega_DFP/3.0.158/xc8/avr/lib/avrxmega3/crtatmega3208.o
                0x0000000000000001                __MPLAB_BUILD = 0x1
LOAD build/default/debug/printf.o
LOAD build/default/debug/gps.o
LOAD build/default/debug/i2c.o
LOAD build/default/debug/mini-gmp.o
START GROUP
LOAD c:/program files/microchip/xc8/v2.45/avr/bin/../lib/gcc/avr/5.4.0/../../../../avr/lib/avrxmega3\libm.a
END GROUP
                0x0000000000000001                __MPLAB_DEBUG = 0x1
                0x0000000000000001                __DEBUG = 0x1
START GROUP
LOAD c:/program files/microchip/xc8/v2.45/avr/bin/../lib/gcc/avr/5.4.0/avrxmega3\libgcc.a
LOAD c:/program files/microchip/xc8/v2.45/avr/bin/../lib/gcc/avr/5.4.0/../../../../avr/lib/avrxmega3\libm.a
LOAD c:/program files/microchip/xc8/v2.45/avr/bin/../lib/gcc/avr/5.4.0/../../../../avr/lib/avrxmega3\libc.a
LOAD C:/Program Files/Microchip/MPLABX/v6.15/packs/Microchip/ATmega_DFP/3.0.158/xc8/avr/lib/avrxmega3\libatmega3208.a
END GROUP
                [0x0000000000000000]                __TEXT_REGION_ORIGIN__ = DEFINED (__TEXT_REGION_ORIGIN__)?__TEXT_REGION_ORIGIN__:0x0
                [0x0000000000803000]                __DATA_REGION_ORIGIN__ = DEFINED (__DATA_REGION_ORIGIN__)?__DATA_REGION_ORIGIN__:0x802000
                [0x0000000000008000]                __TEXT_REGION_LENGTH__ = DEFINED (__TEXT_REGION_LENGTH__)?__TEXT_REGION_LENGTH__:0x100000
                [0x0000000000001000]                __DATA_REGION_LENGTH__ = DEFINED (__DATA_REGION_LENGTH__)?__DATA_REGION_LENGTH__:0xffa0
                [0x0000000000000100]                __EEPROM_REGION_LENGTH__ = DEFINED (__EEPROM_REGION_LENGTH__)?__EEPROM_REGION_LENGTH__:0x10000
                [0x000000000000000a]                __FUSE_REGION_LENGTH__ = DEFINED (__FUSE_REGION_LENGTH__)?__FUSE_REGION_LENGTH__:0x400
                0x0000000000000400                __LOCK_REGION_LENGTH__ = DEFINED (__LOCK_REGION_LENGTH__)?__LOCK_REGION_LENGTH__:0x400
                0x0000000000000400                __SIGNATURE_REGION_LENGTH__ = DEFINED (__SIGNATURE_REGION_LENGTH__)?__SIGNATURE_REGION_LENGTH__:0x400
                0x0000000000000400                __USER_SIGNATURE_REGION_LENGTH__ = DEFINED (__USER_SIGNATURE_REGION_LENGTH__)?__USER_SIGNATURE_REGION_LENGTH__:0x400
                0x0000000000008000                __RODATA_PM_OFFSET__ = DEFINED (__RODATA_PM_OFFSET__)?__RODATA_PM_OFFSET__:0x8000
                0x0000000000000400                __BOOTROW_REGION_LENGTH__ = DEFINED (__BOOTROW_REGION_LENGTH__)?__BOOTROW_REGION_LENGTH__:0x400

.hash
 *(.hash)

.dynsym
 *(.dynsym)

.dynstr
 *(.dynstr)

.gnu.version
 *(.gnu.version)

.gnu.version_d
 *(.gnu.version_d)

.gnu.version_r
 *(.gnu.version_r)

.rel.init
 *(.rel.init)

.rela.init
 *(.rela.init)

.rel.text
 *(.rel.text)
 *(.rel.text.*)
 *(.rel.gnu.linkonce.t*)

.rela.text
 *(.rela.text)
 *(.rela.text.*)
 *(.rela.gnu.linkonce.t*)

.rel.fini
 *(.rel.fini)

.rela.fini
 *(.rela.fini)

.rel.rodata
 *(.rel.rodata)
 *(.rel.rodata.*)
 *(.rel.gnu.linkonce.r*)

.rela.rodata
 *(.rela.rodata)
 *(.rela.rodata.*)
 *(.rela.gnu.linkonce.r*)

.rel.data
 *(.rel.data)
 *(.rel.data.*)
 *(.rel.gnu.linkonce.d*)

.rela.data
 *(.rela.data)
 *(.rela.data.*)
 *(.rela.gnu.linkonce.d*)

.rel.ctors
 *(.rel.ctors)

.rela.ctors
 *(.rela.ctors)

.rel.dtors
 *(.rel.dtors)

.rela.dtors
 *(.rela.dtors)

.rel.got
 *(.rel.got)

.rela.got
 *(.rela.got)

.rel.bss
 *(.rel.bss)

.rela.bss
 *(.rela.bss)

.rel.plt
 *(.rel.plt)

.rela.plt
 *(.rela.plt)

.text           0x0000000000000000       0xea
 *(.vectors)
 .vectors       0x0000000000000000       0x90 C:/Program Files/Microchip/MPLABX/v6.15/packs/Microchip/ATmega_DFP/3.0.158/xc8/avr/lib/avrxmega3/crtatmega3208.o
                0x0000000000000000                __vector_default
                0x0000000000000000                __vectors
 *(.vectors)
 *(.progmem.gcc*)
 *(.dinit)
 .dinit         0x0000000000000090        0x5 data_init
                0x0000000000000096                . = ALIGN (0x2)
 *fill*         0x0000000000000095        0x1 
                0x0000000000000096                __trampolines_start = .
 *(.trampolines)
 .trampolines   0x0000000000000096        0x0 linker stubs
 *(.trampolines*)
                0x0000000000000096                __trampolines_end = .
 *libprintf_flt.a:*(.progmem.data)
 *libc.a:*(.progmem.data)
                0x0000000000000096                . = ALIGN (0x2)
 *(.jumptables)
 *(.jumptables*)
 *(.lowtext)
 *(.lowtext*)
                0x0000000000000096                __ctors_start = .
 *(.ctors)
                0x0000000000000096                __ctors_end = .
                0x0000000000000096                __dtors_start = .
 *(.dtors)
                0x0000000000000096                __dtors_end = .
 SORT(*)(.ctors)
 SORT(*)(.dtors)
 *(.init0)
 .init0         0x0000000000000096        0x0 C:/Program Files/Microchip/MPLABX/v6.15/packs/Microchip/ATmega_DFP/3.0.158/xc8/avr/lib/avrxmega3/crtatmega3208.o
                0x0000000000000096                __init
 *(.init0)
 *(.init1)
 *(.init1)
 *(.init2)
 .init2         0x0000000000000096        0xc C:/Program Files/Microchip/MPLABX/v6.15/packs/Microchip/ATmega_DFP/3.0.158/xc8/avr/lib/avrxmega3/crtatmega3208.o
 *(.init2)
 *(.init3)
 *(.init3)
 *(.init4)
 .init4         0x00000000000000a2       0x3c c:/program files/microchip/xc8/v2.45/avr/bin/../lib/gcc/avr/5.4.0/avrxmega3\libgcc.a(_copy_data.o)
                0x00000000000000a2                __do_copy_data
                0x00000000000000d0                __do_clear_bss
 *(.init4)
 *(.init5)
 *(.init5)
 *(.init6)
 *(.init6)
 *(.init7)
 *(.init7)
 *(.init8)
 *(.init8)
 *(.init9)
 .init9         0x00000000000000de        0x8 C:/Program Files/Microchip/MPLABX/v6.15/packs/Microchip/ATmega_DFP/3.0.158/xc8/avr/lib/avrxmega3/crtatmega3208.o
 *(.init9)
                0x00000000000000e6                . = ALIGN (0x2)
 *(.fini9)
 .fini9         0x00000000000000e6        0x0 c:/program files/microchip/xc8/v2.45/avr/bin/../lib/gcc/avr/5.4.0/avrxmega3\libgcc.a(_exit.o)
                0x00000000000000e6                _exit
 *(.fini9)
 *(.fini8)
 *(.fini8)
 *(.fini7)
 *(.fini7)
 *(.fini6)
 *(.fini6)
 *(.fini5)
 *(.fini5)
 *(.fini4)
 *(.fini4)
 *(.fini3)
 *(.fini3)
 *(.fini2)
 *(.fini2)
 *(.fini1)
 *(.fini1)
 *(.fini0)
 .fini0         0x00000000000000e6        0x4 c:/program files/microchip/xc8/v2.45/avr/bin/../lib/gcc/avr/5.4.0/avrxmega3\libgcc.a(_exit.o)
 *(.fini0)
                0x00000000000000ea                _etext = .

.data           0x0000000000803000        0x0 load address 0x00000000000000ea
                [!provide]                        PROVIDE (__data_start, .)
 *(.gnu.linkonce.d*)
                0x0000000000803000                . = ALIGN (0x2)
                0x0000000000803000                _edata = .
                [!provide]                        PROVIDE (__data_end, .)

.bss            0x0000000000803000        0x2
                [!provide]                        PROVIDE (__bss_start, .)
 *(COMMON)
 COMMON         0x0000000000803000        0x2 c:/program files/microchip/xc8/v2.45/avr/bin/../lib/gcc/avr/5.4.0/../../../../avr/lib/avrxmega3\libc.a(errno.o)
                0x0000000000803000                __errno_val
                [!provide]                        PROVIDE (__bss_end, .)
                0x00000000000000ea                __data_load_start = LOADADDR (.data)
                0x00000000000000ea                __data_load_end = (__data_load_start + SIZEOF (.data))

.noinit         0x0000000000803002        0x0
                [!provide]                        PROVIDE (__noinit_start, .)
 *(.noinit*)
                [!provide]                        PROVIDE (__noinit_end, .)
                0x0000000000803002                _end = .

.eeprom         0x0000000000810000        0x0
 *(.eeprom*)
                0x0000000000810000                __eeprom_end = .

.fuse
 *(.fuse)
 *(.lfuse)
 *(.hfuse)
 *(.efuse)

.lock
 *(.lock*)

.signature
 *(.signature*)

.user_signatures
 *(.user_signatures*)

.bootrow
 *(.bootrow*)

.stab
 *(.stab)

.stabstr
 *(.stabstr)

.stab.excl
 *(.stab.excl)

.stab.exclstr
 *(.stab.exclstr)

.stab.index
 *(.stab.index)

.stab.indexstr
 *(.stab.indexstr)

.comment        0x0000000000000000       0x5b
 *(.comment)
 .comment       0x0000000000000000       0x2f build/default/debug/printf.o
                                         0x30 (size before relaxing)
 .comment       0x000000000000002f       0x30 build/default/debug/gps.o
 .comment       0x000000000000002f       0x30 build/default/debug/i2c.o
 .comment       0x000000000000002f       0x2c c:/program files/microchip/xc8/v2.45/avr/bin/../lib/gcc/avr/5.4.0/../../../../avr/lib/avrxmega3\libc.a(exit.o)
                                         0x2d (size before relaxing)
 .comment       0x000000000000005b       0x2d c:/program files/microchip/xc8/v2.45/avr/bin/../lib/gcc/avr/5.4.0/../../../../avr/lib/avrxmega3\libc.a(__sio_snprintf_dfoux.o)
 .comment       0x000000000000005b       0x2d c:/program files/microchip/xc8/v2.45/avr/bin/../lib/gcc/avr/5.4.0/../../../../avr/lib/avrxmega3\libc.a(__sio_sscanf_dfnoux.o)
 .comment       0x000000000000005b       0x2d c:/program files/microchip/xc8/v2.45/avr/bin/../lib/gcc/avr/5.4.0/../../../../avr/lib/avrxmega3\libc.a(__int_vsnprintf.o)
 .comment       0x000000000000005b       0x2d c:/program files/microchip/xc8/v2.45/avr/bin/../lib/gcc/avr/5.4.0/../../../../avr/lib/avrxmega3\libc.a(__fmt_fp.o)
 .comment       0x000000000000005b       0x2d c:/program files/microchip/xc8/v2.45/avr/bin/../lib/gcc/avr/5.4.0/../../../../avr/lib/avrxmega3\libc.a(__fmt_s.o)
 .comment       0x000000000000005b       0x2d c:/program files/microchip/xc8/v2.45/avr/bin/../lib/gcc/avr/5.4.0/../../../../avr/lib/avrxmega3\libc.a(__printf_core.o)
 .comment       0x000000000000005b       0x2d c:/program files/microchip/xc8/v2.45/avr/bin/../lib/gcc/avr/5.4.0/../../../../avr/lib/avrxmega3\libc.a(__scan_d.o)
 .comment       0x000000000000005b       0x2d c:/program files/microchip/xc8/v2.45/avr/bin/../lib/gcc/avr/5.4.0/../../../../avr/lib/avrxmega3\libc.a(__scan_fp.o)
 .comment       0x000000000000005b       0x2d c:/program files/microchip/xc8/v2.45/avr/bin/../lib/gcc/avr/5.4.0/../../../../avr/lib/avrxmega3\libc.a(__scan_i.o)
 .comment       0x000000000000005b       0x2d c:/program files/microchip/xc8/v2.45/avr/bin/../lib/gcc/avr/5.4.0/../../../../avr/lib/avrxmega3\libc.a(__scan_o.o)
 .comment       0x000000000000005b       0x2d c:/program files/microchip/xc8/v2.45/avr/bin/../lib/gcc/avr/5.4.0/../../../../avr/lib/avrxmega3\libc.a(__scan_s.o)
 .comment       0x000000000000005b       0x2d c:/program files/microchip/xc8/v2.45/avr/bin/../lib/gcc/avr/5.4.0/../../../../avr/lib/avrxmega3\libc.a(__scan_u.o)
 .comment       0x000000000000005b       0x2d c:/program files/microchip/xc8/v2.45/avr/bin/../lib/gcc/avr/5.4.0/../../../../avr/lib/avrxmega3\libc.a(__scan_x.o)
 .comment       0x000000000000005b       0x2d c:/program files/microchip/xc8/v2.45/avr/bin/../lib/gcc/avr/5.4.0/../../../../avr/lib/avrxmega3\libc.a(__scanf_core.o)
 .comment       0x000000000000005b       0x2d c:/program files/microchip/xc8/v2.45/avr/bin/../lib/gcc/avr/5.4.0/../../../../avr/lib/avrxmega3\libc.a(fgetc.o)
 .comment       0x000000000000005b       0x2d c:/program files/microchip/xc8/v2.45/avr/bin/../lib/gcc/avr/5.4.0/../../../../avr/lib/avrxmega3\libc.a(fputc.o)
 .comment       0x000000000000005b       0x2d c:/program files/microchip/xc8/v2.45/avr/bin/../lib/gcc/avr/5.4.0/../../../../avr/lib/avrxmega3\libc.a(vsnprintf.o)
 .comment       0x000000000000005b       0x2d c:/program files/microchip/xc8/v2.45/avr/bin/../lib/gcc/avr/5.4.0/../../../../avr/lib/avrxmega3\libc.a(__pop_float.o)
 .comment       0x000000000000005b       0x2d c:/program files/microchip/xc8/v2.45/avr/bin/../lib/gcc/avr/5.4.0/../../../../avr/lib/avrxmega3\libc.a(__push_float.o)
 .comment       0x000000000000005b       0x2d c:/program files/microchip/xc8/v2.45/avr/bin/../lib/gcc/avr/5.4.0/../../../../avr/lib/avrxmega3\libc.a(__push_int.o)
 .comment       0x000000000000005b       0x2d c:/program files/microchip/xc8/v2.45/avr/bin/../lib/gcc/avr/5.4.0/../../../../avr/lib/avrxmega3\libc.a(vfprintf.o)
 .comment       0x000000000000005b       0x2d c:/program files/microchip/xc8/v2.45/avr/bin/../lib/gcc/avr/5.4.0/../../../../avr/lib/avrxmega3\libc.a(atoi.o)
 .comment       0x000000000000005b       0x2d c:/program files/microchip/xc8/v2.45/avr/bin/../lib/gcc/avr/5.4.0/../../../../avr/lib/avrxmega3\libc.a(strtof.o)
 .comment       0x000000000000005b       0x2d c:/program files/microchip/xc8/v2.45/avr/bin/../lib/gcc/avr/5.4.0/../../../../avr/lib/avrxmega3\libc.a(strtoll.o)
 .comment       0x000000000000005b       0x2d c:/program files/microchip/xc8/v2.45/avr/bin/../lib/gcc/avr/5.4.0/../../../../avr/lib/avrxmega3\libc.a(strtoull.o)
 .comment       0x000000000000005b       0x2d c:/program files/microchip/xc8/v2.45/avr/bin/../lib/gcc/avr/5.4.0/../../../../avr/lib/avrxmega3\libc.a(memset.o)
 .comment       0x000000000000005b       0x2d c:/program files/microchip/xc8/v2.45/avr/bin/../lib/gcc/avr/5.4.0/../../../../avr/lib/avrxmega3\libc.a(strchr.o)
 .comment       0x000000000000005b       0x2d c:/program files/microchip/xc8/v2.45/avr/bin/../lib/gcc/avr/5.4.0/../../../../avr/lib/avrxmega3\libc.a(strcpy.o)
 .comment       0x000000000000005b       0x2d c:/program files/microchip/xc8/v2.45/avr/bin/../lib/gcc/avr/5.4.0/../../../../avr/lib/avrxmega3\libc.a(strlen.o)
 .comment       0x000000000000005b       0x2d c:/program files/microchip/xc8/v2.45/avr/bin/../lib/gcc/avr/5.4.0/../../../../avr/lib/avrxmega3\libc.a(strncmp.o)
 .comment       0x000000000000005b       0x2d c:/program files/microchip/xc8/v2.45/avr/bin/../lib/gcc/avr/5.4.0/../../../../avr/lib/avrxmega3\libc.a(strncpy.o)
 .comment       0x000000000000005b       0x2d c:/program files/microchip/xc8/v2.45/avr/bin/../lib/gcc/avr/5.4.0/../../../../avr/lib/avrxmega3\libc.a(strstr.o)
 .comment       0x000000000000005b       0x2d c:/program files/microchip/xc8/v2.45/avr/bin/../lib/gcc/avr/5.4.0/../../../../avr/lib/avrxmega3\libc.a(strtok.o)
 .comment       0x000000000000005b       0x2d c:/program files/microchip/xc8/v2.45/avr/bin/../lib/gcc/avr/5.4.0/../../../../avr/lib/avrxmega3\libc.a(isxdigit.o)
 .comment       0x000000000000005b       0x2d c:/program files/microchip/xc8/v2.45/avr/bin/../lib/gcc/avr/5.4.0/../../../../avr/lib/avrxmega3\libc.a(tolower.o)
 .comment       0x000000000000005b       0x2d c:/program files/microchip/xc8/v2.45/avr/bin/../lib/gcc/avr/5.4.0/../../../../avr/lib/avrxmega3\libc.a(toupper.o)
 .comment       0x000000000000005b       0x2d c:/program files/microchip/xc8/v2.45/avr/bin/../lib/gcc/avr/5.4.0/../../../../avr/lib/avrxmega3\libc.a(errno.o)
 .comment       0x000000000000005b       0x2d c:/program files/microchip/xc8/v2.45/avr/bin/../lib/gcc/avr/5.4.0/../../../../avr/lib/avrxmega3\libc.a(_Exit.o)
 .comment       0x000000000000005b       0x2d c:/program files/microchip/xc8/v2.45/avr/bin/../lib/gcc/avr/5.4.0/../../../../avr/lib/avrxmega3\libc.a(__int_vfprintf.o)
 .comment       0x000000000000005b       0x2d c:/program files/microchip/xc8/v2.45/avr/bin/../lib/gcc/avr/5.4.0/../../../../avr/lib/avrxmega3\libc.a(__int_vfscanf.o)
 .comment       0x000000000000005b       0x2d c:/program files/microchip/xc8/v2.45/avr/bin/../lib/gcc/avr/5.4.0/../../../../avr/lib/avrxmega3\libc.a(__fmt_a.o)
 .comment       0x000000000000005b       0x2d c:/program files/microchip/xc8/v2.45/avr/bin/../lib/gcc/avr/5.4.0/../../../../avr/lib/avrxmega3\libc.a(__strtoxll.o)
 .comment       0x000000000000005b       0x2d c:/program files/microchip/xc8/v2.45/avr/bin/../lib/gcc/avr/5.4.0/../../../../avr/lib/avrxmega3\libc.a(strcspn.o)
 .comment       0x000000000000005b       0x2d c:/program files/microchip/xc8/v2.45/avr/bin/../lib/gcc/avr/5.4.0/../../../../avr/lib/avrxmega3\libc.a(strspn.o)
 .comment       0x000000000000005b       0x2d c:/program files/microchip/xc8/v2.45/avr/bin/../lib/gcc/avr/5.4.0/../../../../avr/lib/avrxmega3\libc.a(__printf_64bit_arg_support.o)
 .comment       0x000000000000005b       0x2d c:/program files/microchip/xc8/v2.45/avr/bin/../lib/gcc/avr/5.4.0/../../../../avr/lib/avrxmega3\libc.a(isalnum.o)
 .comment       0x000000000000005b       0x2d c:/program files/microchip/xc8/v2.45/avr/bin/../lib/gcc/avr/5.4.0/../../../../avr/lib/avrxmega3\libm.a(floorf.o)

.stack.descriptors.hdr
                0x0000000000000000      0x46e
 .stack.descriptors.hdr
                0x0000000000000000        0xe c:/program files/microchip/xc8/v2.45/avr/bin/../lib/gcc/avr/5.4.0/../../../../avr/lib/avrxmega3\libm.a(addsf3.o)
 .stack.descriptors.hdr
                0x000000000000000e        0xe c:/program files/microchip/xc8/v2.45/avr/bin/../lib/gcc/avr/5.4.0/../../../../avr/lib/avrxmega3\libm.a(addsf3x.o)
 .stack.descriptors.hdr
                0x000000000000001c        0xe c:/program files/microchip/xc8/v2.45/avr/bin/../lib/gcc/avr/5.4.0/../../../../avr/lib/avrxmega3\libm.a(cmpsf2.o)
 .stack.descriptors.hdr
                0x000000000000002a        0xe c:/program files/microchip/xc8/v2.45/avr/bin/../lib/gcc/avr/5.4.0/../../../../avr/lib/avrxmega3\libm.a(divsf3.o)
 .stack.descriptors.hdr
                0x0000000000000038        0xe c:/program files/microchip/xc8/v2.45/avr/bin/../lib/gcc/avr/5.4.0/../../../../avr/lib/avrxmega3\libm.a(divsf3x.o)
 .stack.descriptors.hdr
                0x0000000000000046        0xe c:/program files/microchip/xc8/v2.45/avr/bin/../lib/gcc/avr/5.4.0/../../../../avr/lib/avrxmega3\libm.a(fixsfsi.o)
 .stack.descriptors.hdr
                0x0000000000000054        0xe c:/program files/microchip/xc8/v2.45/avr/bin/../lib/gcc/avr/5.4.0/../../../../avr/lib/avrxmega3\libm.a(fixunssfsi.o)
 .stack.descriptors.hdr
                0x0000000000000062        0xe c:/program files/microchip/xc8/v2.45/avr/bin/../lib/gcc/avr/5.4.0/../../../../avr/lib/avrxmega3\libm.a(floatsisf.o)
 .stack.descriptors.hdr
                0x0000000000000070        0xe c:/program files/microchip/xc8/v2.45/avr/bin/../lib/gcc/avr/5.4.0/../../../../avr/lib/avrxmega3\libm.a(fp_cmp.o)
 .stack.descriptors.hdr
                0x000000000000007e        0xe c:/program files/microchip/xc8/v2.45/avr/bin/../lib/gcc/avr/5.4.0/../../../../avr/lib/avrxmega3\libm.a(fp_inf.o)
 .stack.descriptors.hdr
                0x000000000000008c        0xe c:/program files/microchip/xc8/v2.45/avr/bin/../lib/gcc/avr/5.4.0/../../../../avr/lib/avrxmega3\libm.a(fp_nan.o)
 .stack.descriptors.hdr
                0x000000000000009a        0xe c:/program files/microchip/xc8/v2.45/avr/bin/../lib/gcc/avr/5.4.0/../../../../avr/lib/avrxmega3\libm.a(fp_pscA.o)
 .stack.descriptors.hdr
                0x00000000000000a8        0xe c:/program files/microchip/xc8/v2.45/avr/bin/../lib/gcc/avr/5.4.0/../../../../avr/lib/avrxmega3\libm.a(fp_pscB.o)
 .stack.descriptors.hdr
                0x00000000000000b6        0xe c:/program files/microchip/xc8/v2.45/avr/bin/../lib/gcc/avr/5.4.0/../../../../avr/lib/avrxmega3\libm.a(fp_round.o)
 .stack.descriptors.hdr
                0x00000000000000c4        0xe c:/program files/microchip/xc8/v2.45/avr/bin/../lib/gcc/avr/5.4.0/../../../../avr/lib/avrxmega3\libm.a(fp_split3.o)
 .stack.descriptors.hdr
                0x00000000000000d2        0xe c:/program files/microchip/xc8/v2.45/avr/bin/../lib/gcc/avr/5.4.0/../../../../avr/lib/avrxmega3\libm.a(fp_zero.o)
 .stack.descriptors.hdr
                0x00000000000000e0        0xe c:/program files/microchip/xc8/v2.45/avr/bin/../lib/gcc/avr/5.4.0/../../../../avr/lib/avrxmega3\libm.a(gesf2.o)
 .stack.descriptors.hdr
                0x00000000000000ee        0xe c:/program files/microchip/xc8/v2.45/avr/bin/../lib/gcc/avr/5.4.0/../../../../avr/lib/avrxmega3\libm.a(mulsf3.o)
 .stack.descriptors.hdr
                0x00000000000000fc        0xe c:/program files/microchip/xc8/v2.45/avr/bin/../lib/gcc/avr/5.4.0/../../../../avr/lib/avrxmega3\libm.a(mulsf3x.o)
 .stack.descriptors.hdr
                0x000000000000010a        0xe c:/program files/microchip/xc8/v2.45/avr/bin/../lib/gcc/avr/5.4.0/avrxmega3\libgcc.a(_udivmodhi4.o)
 .stack.descriptors.hdr
                0x0000000000000118        0xe c:/program files/microchip/xc8/v2.45/avr/bin/../lib/gcc/avr/5.4.0/avrxmega3\libgcc.a(_muluhisi3.o)
 .stack.descriptors.hdr
                0x0000000000000126        0xe c:/program files/microchip/xc8/v2.45/avr/bin/../lib/gcc/avr/5.4.0/avrxmega3\libgcc.a(_ashrdi3.o)
 .stack.descriptors.hdr
                0x0000000000000134        0xe c:/program files/microchip/xc8/v2.45/avr/bin/../lib/gcc/avr/5.4.0/avrxmega3\libgcc.a(_umulhisi3.o)
 .stack.descriptors.hdr
                0x0000000000000142        0xe c:/program files/microchip/xc8/v2.45/avr/bin/../lib/gcc/avr/5.4.0/avrxmega3\libgcc.a(_muldi3_6.o)
 .stack.descriptors.hdr
                0x0000000000000150        0xe c:/program files/microchip/xc8/v2.45/avr/bin/../lib/gcc/avr/5.4.0/../../../../avr/lib/avrxmega3\libc.a(exit.o)
 .stack.descriptors.hdr
                0x000000000000015e        0xe c:/program files/microchip/xc8/v2.45/avr/bin/../lib/gcc/avr/5.4.0/../../../../avr/lib/avrxmega3\libc.a(__sio_snprintf_dfoux.o)
 .stack.descriptors.hdr
                0x000000000000016c        0xe c:/program files/microchip/xc8/v2.45/avr/bin/../lib/gcc/avr/5.4.0/../../../../avr/lib/avrxmega3\libc.a(__sio_sscanf_dfnoux.o)
 .stack.descriptors.hdr
                0x000000000000017a        0xe c:/program files/microchip/xc8/v2.45/avr/bin/../lib/gcc/avr/5.4.0/../../../../avr/lib/avrxmega3\libc.a(__int_vsnprintf.o)
 .stack.descriptors.hdr
                0x0000000000000188        0xe c:/program files/microchip/xc8/v2.45/avr/bin/../lib/gcc/avr/5.4.0/../../../../avr/lib/avrxmega3\libc.a(__fmt_fp.o)
 .stack.descriptors.hdr
                0x0000000000000196        0xe c:/program files/microchip/xc8/v2.45/avr/bin/../lib/gcc/avr/5.4.0/../../../../avr/lib/avrxmega3\libc.a(__fmt_s.o)
 .stack.descriptors.hdr
                0x00000000000001a4        0xe c:/program files/microchip/xc8/v2.45/avr/bin/../lib/gcc/avr/5.4.0/../../../../avr/lib/avrxmega3\libc.a(__printf_core.o)
 .stack.descriptors.hdr
                0x00000000000001b2        0xe c:/program files/microchip/xc8/v2.45/avr/bin/../lib/gcc/avr/5.4.0/../../../../avr/lib/avrxmega3\libc.a(__scan_d.o)
 .stack.descriptors.hdr
                0x00000000000001c0        0xe c:/program files/microchip/xc8/v2.45/avr/bin/../lib/gcc/avr/5.4.0/../../../../avr/lib/avrxmega3\libc.a(__scan_fp.o)
 .stack.descriptors.hdr
                0x00000000000001ce        0xe c:/program files/microchip/xc8/v2.45/avr/bin/../lib/gcc/avr/5.4.0/../../../../avr/lib/avrxmega3\libc.a(__scan_i.o)
 .stack.descriptors.hdr
                0x00000000000001dc        0xe c:/program files/microchip/xc8/v2.45/avr/bin/../lib/gcc/avr/5.4.0/../../../../avr/lib/avrxmega3\libc.a(__scan_o.o)
 .stack.descriptors.hdr
                0x00000000000001ea        0xe c:/program files/microchip/xc8/v2.45/avr/bin/../lib/gcc/avr/5.4.0/../../../../avr/lib/avrxmega3\libc.a(__scan_s.o)
 .stack.descriptors.hdr
                0x00000000000001f8        0xe c:/program files/microchip/xc8/v2.45/avr/bin/../lib/gcc/avr/5.4.0/../../../../avr/lib/avrxmega3\libc.a(__scan_u.o)
 .stack.descriptors.hdr
                0x0000000000000206        0xe c:/program files/microchip/xc8/v2.45/avr/bin/../lib/gcc/avr/5.4.0/../../../../avr/lib/avrxmega3\libc.a(__scan_x.o)
 .stack.descriptors.hdr
                0x0000000000000214        0xe c:/program files/microchip/xc8/v2.45/avr/bin/../lib/gcc/avr/5.4.0/../../../../avr/lib/avrxmega3\libc.a(__scanf_core.o)
 .stack.descriptors.hdr
                0x0000000000000222        0xe c:/program files/microchip/xc8/v2.45/avr/bin/../lib/gcc/avr/5.4.0/../../../../avr/lib/avrxmega3\libc.a(fgetc.o)
 .stack.descriptors.hdr
                0x0000000000000230        0xe c:/program files/microchip/xc8/v2.45/avr/bin/../lib/gcc/avr/5.4.0/../../../../avr/lib/avrxmega3\libc.a(fputc.o)
 .stack.descriptors.hdr
                0x000000000000023e        0xe c:/program files/microchip/xc8/v2.45/avr/bin/../lib/gcc/avr/5.4.0/../../../../avr/lib/avrxmega3\libc.a(vsnprintf.o)
 .stack.descriptors.hdr
                0x000000000000024c        0xe c:/program files/microchip/xc8/v2.45/avr/bin/../lib/gcc/avr/5.4.0/../../../../avr/lib/avrxmega3\libc.a(__pop_float.o)
 .stack.descriptors.hdr
                0x000000000000025a        0xe c:/program files/microchip/xc8/v2.45/avr/bin/../lib/gcc/avr/5.4.0/../../../../avr/lib/avrxmega3\libc.a(__push_float.o)
 .stack.descriptors.hdr
                0x0000000000000268        0xe c:/program files/microchip/xc8/v2.45/avr/bin/../lib/gcc/avr/5.4.0/../../../../avr/lib/avrxmega3\libc.a(__push_int.o)
 .stack.descriptors.hdr
                0x0000000000000276        0xe c:/program files/microchip/xc8/v2.45/avr/bin/../lib/gcc/avr/5.4.0/../../../../avr/lib/avrxmega3\libc.a(vfprintf.o)
 .stack.descriptors.hdr
                0x0000000000000284        0xe c:/program files/microchip/xc8/v2.45/avr/bin/../lib/gcc/avr/5.4.0/../../../../avr/lib/avrxmega3\libc.a(atoi.o)
 .stack.descriptors.hdr
                0x0000000000000292        0xe c:/program files/microchip/xc8/v2.45/avr/bin/../lib/gcc/avr/5.4.0/../../../../avr/lib/avrxmega3\libc.a(strtof.o)
 .stack.descriptors.hdr
                0x00000000000002a0        0xe c:/program files/microchip/xc8/v2.45/avr/bin/../lib/gcc/avr/5.4.0/../../../../avr/lib/avrxmega3\libc.a(strtoll.o)
 .stack.descriptors.hdr
                0x00000000000002ae        0xe c:/program files/microchip/xc8/v2.45/avr/bin/../lib/gcc/avr/5.4.0/../../../../avr/lib/avrxmega3\libc.a(strtoull.o)
 .stack.descriptors.hdr
                0x00000000000002bc        0xe c:/program files/microchip/xc8/v2.45/avr/bin/../lib/gcc/avr/5.4.0/../../../../avr/lib/avrxmega3\libc.a(memset.o)
 .stack.descriptors.hdr
                0x00000000000002ca        0xe c:/program files/microchip/xc8/v2.45/avr/bin/../lib/gcc/avr/5.4.0/../../../../avr/lib/avrxmega3\libc.a(strchr.o)
 .stack.descriptors.hdr
                0x00000000000002d8        0xe c:/program files/microchip/xc8/v2.45/avr/bin/../lib/gcc/avr/5.4.0/../../../../avr/lib/avrxmega3\libc.a(strcpy.o)
 .stack.descriptors.hdr
                0x00000000000002e6        0xe c:/program files/microchip/xc8/v2.45/avr/bin/../lib/gcc/avr/5.4.0/../../../../avr/lib/avrxmega3\libc.a(strlen.o)
 .stack.descriptors.hdr
                0x00000000000002f4        0xe c:/program files/microchip/xc8/v2.45/avr/bin/../lib/gcc/avr/5.4.0/../../../../avr/lib/avrxmega3\libc.a(strncmp.o)
 .stack.descriptors.hdr
                0x0000000000000302        0xe c:/program files/microchip/xc8/v2.45/avr/bin/../lib/gcc/avr/5.4.0/../../../../avr/lib/avrxmega3\libc.a(strncpy.o)
 .stack.descriptors.hdr
                0x0000000000000310        0xe c:/program files/microchip/xc8/v2.45/avr/bin/../lib/gcc/avr/5.4.0/../../../../avr/lib/avrxmega3\libc.a(strstr.o)
 .stack.descriptors.hdr
                0x000000000000031e        0xe c:/program files/microchip/xc8/v2.45/avr/bin/../lib/gcc/avr/5.4.0/../../../../avr/lib/avrxmega3\libc.a(strtok.o)
 .stack.descriptors.hdr
                0x000000000000032c        0xe c:/program files/microchip/xc8/v2.45/avr/bin/../lib/gcc/avr/5.4.0/../../../../avr/lib/avrxmega3\libc.a(isxdigit.o)
 .stack.descriptors.hdr
                0x000000000000033a        0xe c:/program files/microchip/xc8/v2.45/avr/bin/../lib/gcc/avr/5.4.0/../../../../avr/lib/avrxmega3\libc.a(tolower.o)
 .stack.descriptors.hdr
                0x0000000000000348        0xe c:/program files/microchip/xc8/v2.45/avr/bin/../lib/gcc/avr/5.4.0/../../../../avr/lib/avrxmega3\libc.a(toupper.o)
 .stack.descriptors.hdr
                0x0000000000000356        0xe c:/program files/microchip/xc8/v2.45/avr/bin/../lib/gcc/avr/5.4.0/../../../../avr/lib/avrxmega3\libc.a(errno.o)
 .stack.descriptors.hdr
                0x0000000000000364        0xe c:/program files/microchip/xc8/v2.45/avr/bin/../lib/gcc/avr/5.4.0/../../../../avr/lib/avrxmega3\libc.a(_Exit.o)
 .stack.descriptors.hdr
                0x0000000000000372        0xe c:/program files/microchip/xc8/v2.45/avr/bin/../lib/gcc/avr/5.4.0/../../../../avr/lib/avrxmega3\libc.a(__int_vfprintf.o)
 .stack.descriptors.hdr
                0x0000000000000380        0xe c:/program files/microchip/xc8/v2.45/avr/bin/../lib/gcc/avr/5.4.0/../../../../avr/lib/avrxmega3\libc.a(__int_vfscanf.o)
 .stack.descriptors.hdr
                0x000000000000038e        0xe c:/program files/microchip/xc8/v2.45/avr/bin/../lib/gcc/avr/5.4.0/../../../../avr/lib/avrxmega3\libc.a(__fmt_a.o)
 .stack.descriptors.hdr
                0x000000000000039c        0xe c:/program files/microchip/xc8/v2.45/avr/bin/../lib/gcc/avr/5.4.0/../../../../avr/lib/avrxmega3\libc.a(__strtoxll.o)
 .stack.descriptors.hdr
                0x00000000000003aa        0xe c:/program files/microchip/xc8/v2.45/avr/bin/../lib/gcc/avr/5.4.0/../../../../avr/lib/avrxmega3\libc.a(strcspn.o)
 .stack.descriptors.hdr
                0x00000000000003b8        0xe c:/program files/microchip/xc8/v2.45/avr/bin/../lib/gcc/avr/5.4.0/../../../../avr/lib/avrxmega3\libc.a(strspn.o)
 .stack.descriptors.hdr
                0x00000000000003c6        0xe c:/program files/microchip/xc8/v2.45/avr/bin/../lib/gcc/avr/5.4.0/../../../../avr/lib/avrxmega3\libc.a(__printf_64bit_arg_support.o)
 .stack.descriptors.hdr
                0x00000000000003d4        0xe c:/program files/microchip/xc8/v2.45/avr/bin/../lib/gcc/avr/5.4.0/../../../../avr/lib/avrxmega3\libc.a(isalnum.o)
 .stack.descriptors.hdr
                0x00000000000003e2        0xe c:/program files/microchip/xc8/v2.45/avr/bin/../lib/gcc/avr/5.4.0/avrxmega3\libgcc.a(_divmodhi4.o)
 .stack.descriptors.hdr
                0x00000000000003f0        0xe c:/program files/microchip/xc8/v2.45/avr/bin/../lib/gcc/avr/5.4.0/avrxmega3\libgcc.a(_exit.o)
 .stack.descriptors.hdr
                0x00000000000003fe        0xe c:/program files/microchip/xc8/v2.45/avr/bin/../lib/gcc/avr/5.4.0/avrxmega3\libgcc.a(_muldi3.o)
 .stack.descriptors.hdr
                0x000000000000040c        0xe c:/program files/microchip/xc8/v2.45/avr/bin/../lib/gcc/avr/5.4.0/avrxmega3\libgcc.a(_udivdi3.o)
 .stack.descriptors.hdr
                0x000000000000041a        0xe c:/program files/microchip/xc8/v2.45/avr/bin/../lib/gcc/avr/5.4.0/avrxmega3\libgcc.a(_udivmod64.o)
 .stack.descriptors.hdr
                0x0000000000000428        0xe c:/program files/microchip/xc8/v2.45/avr/bin/../lib/gcc/avr/5.4.0/avrxmega3\libgcc.a(_negdi2.o)
 .stack.descriptors.hdr
                0x0000000000000436        0xe c:/program files/microchip/xc8/v2.45/avr/bin/../lib/gcc/avr/5.4.0/avrxmega3\libgcc.a(_adddi3.o)
 .stack.descriptors.hdr
                0x0000000000000444        0xe c:/program files/microchip/xc8/v2.45/avr/bin/../lib/gcc/avr/5.4.0/avrxmega3\libgcc.a(_cmpdi2.o)
 .stack.descriptors.hdr
                0x0000000000000452        0xe c:/program files/microchip/xc8/v2.45/avr/bin/../lib/gcc/avr/5.4.0/avrxmega3\libgcc.a(_cmpdi2_s8.o)
 .stack.descriptors.hdr
                0x0000000000000460        0xe c:/program files/microchip/xc8/v2.45/avr/bin/../lib/gcc/avr/5.4.0/../../../../avr/lib/avrxmega3\libm.a(floorf.o)

.note.GNU-stack
                0x0000000000000000        0x0
 .note.GNU-stack
                0x0000000000000000        0x0 c:/program files/microchip/xc8/v2.45/avr/bin/../lib/gcc/avr/5.4.0/../../../../avr/lib/avrxmega3\libm.a(addsf3.o)
 .note.GNU-stack
                0x0000000000000000        0x0 c:/program files/microchip/xc8/v2.45/avr/bin/../lib/gcc/avr/5.4.0/../../../../avr/lib/avrxmega3\libm.a(addsf3x.o)
 .note.GNU-stack
                0x0000000000000000        0x0 c:/program files/microchip/xc8/v2.45/avr/bin/../lib/gcc/avr/5.4.0/../../../../avr/lib/avrxmega3\libm.a(cmpsf2.o)
 .note.GNU-stack
                0x0000000000000000        0x0 c:/program files/microchip/xc8/v2.45/avr/bin/../lib/gcc/avr/5.4.0/../../../../avr/lib/avrxmega3\libm.a(divsf3.o)
 .note.GNU-stack
                0x0000000000000000        0x0 c:/program files/microchip/xc8/v2.45/avr/bin/../lib/gcc/avr/5.4.0/../../../../avr/lib/avrxmega3\libm.a(divsf3x.o)
 .note.GNU-stack
                0x0000000000000000        0x0 c:/program files/microchip/xc8/v2.45/avr/bin/../lib/gcc/avr/5.4.0/../../../../avr/lib/avrxmega3\libm.a(fixsfsi.o)
 .note.GNU-stack
                0x0000000000000000        0x0 c:/program files/microchip/xc8/v2.45/avr/bin/../lib/gcc/avr/5.4.0/../../../../avr/lib/avrxmega3\libm.a(fixunssfsi.o)
 .note.GNU-stack
                0x0000000000000000        0x0 c:/program files/microchip/xc8/v2.45/avr/bin/../lib/gcc/avr/5.4.0/../../../../avr/lib/avrxmega3\libm.a(floatsisf.o)
 .note.GNU-stack
                0x0000000000000000        0x0 c:/program files/microchip/xc8/v2.45/avr/bin/../lib/gcc/avr/5.4.0/../../../../avr/lib/avrxmega3\libm.a(fp_cmp.o)
 .note.GNU-stack
                0x0000000000000000        0x0 c:/program files/microchip/xc8/v2.45/avr/bin/../lib/gcc/avr/5.4.0/../../../../avr/lib/avrxmega3\libm.a(fp_inf.o)
 .note.GNU-stack
                0x0000000000000000        0x0 c:/program files/microchip/xc8/v2.45/avr/bin/../lib/gcc/avr/5.4.0/../../../../avr/lib/avrxmega3\libm.a(fp_nan.o)
 .note.GNU-stack
                0x0000000000000000        0x0 c:/program files/microchip/xc8/v2.45/avr/bin/../lib/gcc/avr/5.4.0/../../../../avr/lib/avrxmega3\libm.a(fp_pscA.o)
 .note.GNU-stack
                0x0000000000000000        0x0 c:/program files/microchip/xc8/v2.45/avr/bin/../lib/gcc/avr/5.4.0/../../../../avr/lib/avrxmega3\libm.a(fp_pscB.o)
 .note.GNU-stack
                0x0000000000000000        0x0 c:/program files/microchip/xc8/v2.45/avr/bin/../lib/gcc/avr/5.4.0/../../../../avr/lib/avrxmega3\libm.a(fp_round.o)
 .note.GNU-stack
                0x0000000000000000        0x0 c:/program files/microchip/xc8/v2.45/avr/bin/../lib/gcc/avr/5.4.0/../../../../avr/lib/avrxmega3\libm.a(fp_split3.o)
 .note.GNU-stack
                0x0000000000000000        0x0 c:/program files/microchip/xc8/v2.45/avr/bin/../lib/gcc/avr/5.4.0/../../../../avr/lib/avrxmega3\libm.a(fp_zero.o)
 .note.GNU-stack
                0x0000000000000000        0x0 c:/program files/microchip/xc8/v2.45/avr/bin/../lib/gcc/avr/5.4.0/../../../../avr/lib/avrxmega3\libm.a(gesf2.o)
 .note.GNU-stack
                0x0000000000000000        0x0 c:/program files/microchip/xc8/v2.45/avr/bin/../lib/gcc/avr/5.4.0/../../../../avr/lib/avrxmega3\libm.a(mulsf3.o)
 .note.GNU-stack
                0x0000000000000000        0x0 c:/program files/microchip/xc8/v2.45/avr/bin/../lib/gcc/avr/5.4.0/../../../../avr/lib/avrxmega3\libm.a(mulsf3x.o)
 .note.GNU-stack
                0x0000000000000000        0x0 c:/program files/microchip/xc8/v2.45/avr/bin/../lib/gcc/avr/5.4.0/../../../../avr/lib/avrxmega3\libc.a(exit.o)
 .note.GNU-stack
                0x0000000000000000        0x0 c:/program files/microchip/xc8/v2.45/avr/bin/../lib/gcc/avr/5.4.0/../../../../avr/lib/avrxmega3\libc.a(__sio_snprintf_dfoux.o)
 .note.GNU-stack
                0x0000000000000000        0x0 c:/program files/microchip/xc8/v2.45/avr/bin/../lib/gcc/avr/5.4.0/../../../../avr/lib/avrxmega3\libc.a(__sio_sscanf_dfnoux.o)
 .note.GNU-stack
                0x0000000000000000        0x0 c:/program files/microchip/xc8/v2.45/avr/bin/../lib/gcc/avr/5.4.0/../../../../avr/lib/avrxmega3\libc.a(__int_vsnprintf.o)
 .note.GNU-stack
                0x0000000000000000        0x0 c:/program files/microchip/xc8/v2.45/avr/bin/../lib/gcc/avr/5.4.0/../../../../avr/lib/avrxmega3\libc.a(__fmt_fp.o)
 .note.GNU-stack
                0x0000000000000000        0x0 c:/program files/microchip/xc8/v2.45/avr/bin/../lib/gcc/avr/5.4.0/../../../../avr/lib/avrxmega3\libc.a(__fmt_s.o)
 .note.GNU-stack
                0x0000000000000000        0x0 c:/program files/microchip/xc8/v2.45/avr/bin/../lib/gcc/avr/5.4.0/../../../../avr/lib/avrxmega3\libc.a(__printf_core.o)
 .note.GNU-stack
                0x0000000000000000        0x0 c:/program files/microchip/xc8/v2.45/avr/bin/../lib/gcc/avr/5.4.0/../../../../avr/lib/avrxmega3\libc.a(__scan_d.o)
 .note.GNU-stack
                0x0000000000000000        0x0 c:/program files/microchip/xc8/v2.45/avr/bin/../lib/gcc/avr/5.4.0/../../../../avr/lib/avrxmega3\libc.a(__scan_fp.o)
 .note.GNU-stack
                0x0000000000000000        0x0 c:/program files/microchip/xc8/v2.45/avr/bin/../lib/gcc/avr/5.4.0/../../../../avr/lib/avrxmega3\libc.a(__scan_i.o)
 .note.GNU-stack
                0x0000000000000000        0x0 c:/program files/microchip/xc8/v2.45/avr/bin/../lib/gcc/avr/5.4.0/../../../../avr/lib/avrxmega3\libc.a(__scan_o.o)
 .note.GNU-stack
                0x0000000000000000        0x0 c:/program files/microchip/xc8/v2.45/avr/bin/../lib/gcc/avr/5.4.0/../../../../avr/lib/avrxmega3\libc.a(__scan_s.o)
 .note.GNU-stack
                0x0000000000000000        0x0 c:/program files/microchip/xc8/v2.45/avr/bin/../lib/gcc/avr/5.4.0/../../../../avr/lib/avrxmega3\libc.a(__scan_u.o)
 .note.GNU-stack
                0x0000000000000000        0x0 c:/program files/microchip/xc8/v2.45/avr/bin/../lib/gcc/avr/5.4.0/../../../../avr/lib/avrxmega3\libc.a(__scan_x.o)
 .note.GNU-stack
                0x0000000000000000        0x0 c:/program files/microchip/xc8/v2.45/avr/bin/../lib/gcc/avr/5.4.0/../../../../avr/lib/avrxmega3\libc.a(__scanf_core.o)
 .note.GNU-stack
                0x0000000000000000        0x0 c:/program files/microchip/xc8/v2.45/avr/bin/../lib/gcc/avr/5.4.0/../../../../avr/lib/avrxmega3\libc.a(fgetc.o)
 .note.GNU-stack
                0x0000000000000000        0x0 c:/program files/microchip/xc8/v2.45/avr/bin/../lib/gcc/avr/5.4.0/../../../../avr/lib/avrxmega3\libc.a(fputc.o)
 .note.GNU-stack
                0x0000000000000000        0x0 c:/program files/microchip/xc8/v2.45/avr/bin/../lib/gcc/avr/5.4.0/../../../../avr/lib/avrxmega3\libc.a(vsnprintf.o)
 .note.GNU-stack
                0x0000000000000000        0x0 c:/program files/microchip/xc8/v2.45/avr/bin/../lib/gcc/avr/5.4.0/../../../../avr/lib/avrxmega3\libc.a(__pop_float.o)
 .note.GNU-stack
                0x0000000000000000        0x0 c:/program files/microchip/xc8/v2.45/avr/bin/../lib/gcc/avr/5.4.0/../../../../avr/lib/avrxmega3\libc.a(__push_float.o)
 .note.GNU-stack
                0x0000000000000000        0x0 c:/program files/microchip/xc8/v2.45/avr/bin/../lib/gcc/avr/5.4.0/../../../../avr/lib/avrxmega3\libc.a(__push_int.o)
 .note.GNU-stack
                0x0000000000000000        0x0 c:/program files/microchip/xc8/v2.45/avr/bin/../lib/gcc/avr/5.4.0/../../../../avr/lib/avrxmega3\libc.a(vfprintf.o)
 .note.GNU-stack
                0x0000000000000000        0x0 c:/program files/microchip/xc8/v2.45/avr/bin/../lib/gcc/avr/5.4.0/../../../../avr/lib/avrxmega3\libc.a(atoi.o)
 .note.GNU-stack
                0x0000000000000000        0x0 c:/program files/microchip/xc8/v2.45/avr/bin/../lib/gcc/avr/5.4.0/../../../../avr/lib/avrxmega3\libc.a(strtof.o)
 .note.GNU-stack
                0x0000000000000000        0x0 c:/program files/microchip/xc8/v2.45/avr/bin/../lib/gcc/avr/5.4.0/../../../../avr/lib/avrxmega3\libc.a(strtoll.o)
 .note.GNU-stack
                0x0000000000000000        0x0 c:/program files/microchip/xc8/v2.45/avr/bin/../lib/gcc/avr/5.4.0/../../../../avr/lib/avrxmega3\libc.a(strtoull.o)
 .note.GNU-stack
                0x0000000000000000        0x0 c:/program files/microchip/xc8/v2.45/avr/bin/../lib/gcc/avr/5.4.0/../../../../avr/lib/avrxmega3\libc.a(memset.o)
 .note.GNU-stack
                0x0000000000000000        0x0 c:/program files/microchip/xc8/v2.45/avr/bin/../lib/gcc/avr/5.4.0/../../../../avr/lib/avrxmega3\libc.a(strchr.o)
 .note.GNU-stack
                0x0000000000000000        0x0 c:/program files/microchip/xc8/v2.45/avr/bin/../lib/gcc/avr/5.4.0/../../../../avr/lib/avrxmega3\libc.a(strcpy.o)
 .note.GNU-stack
                0x0000000000000000        0x0 c:/program files/microchip/xc8/v2.45/avr/bin/../lib/gcc/avr/5.4.0/../../../../avr/lib/avrxmega3\libc.a(strlen.o)
 .note.GNU-stack
                0x0000000000000000        0x0 c:/program files/microchip/xc8/v2.45/avr/bin/../lib/gcc/avr/5.4.0/../../../../avr/lib/avrxmega3\libc.a(strncmp.o)
 .note.GNU-stack
                0x0000000000000000        0x0 c:/program files/microchip/xc8/v2.45/avr/bin/../lib/gcc/avr/5.4.0/../../../../avr/lib/avrxmega3\libc.a(strncpy.o)
 .note.GNU-stack
                0x0000000000000000        0x0 c:/program files/microchip/xc8/v2.45/avr/bin/../lib/gcc/avr/5.4.0/../../../../avr/lib/avrxmega3\libc.a(strstr.o)
 .note.GNU-stack
                0x0000000000000000        0x0 c:/program files/microchip/xc8/v2.45/avr/bin/../lib/gcc/avr/5.4.0/../../../../avr/lib/avrxmega3\libc.a(strtok.o)
 .note.GNU-stack
                0x0000000000000000        0x0 c:/program files/microchip/xc8/v2.45/avr/bin/../lib/gcc/avr/5.4.0/../../../../avr/lib/avrxmega3\libc.a(isxdigit.o)
 .note.GNU-stack
                0x0000000000000000        0x0 c:/program files/microchip/xc8/v2.45/avr/bin/../lib/gcc/avr/5.4.0/../../../../avr/lib/avrxmega3\libc.a(tolower.o)
 .note.GNU-stack
                0x0000000000000000        0x0 c:/program files/microchip/xc8/v2.45/avr/bin/../lib/gcc/avr/5.4.0/../../../../avr/lib/avrxmega3\libc.a(toupper.o)
 .note.GNU-stack
                0x0000000000000000        0x0 c:/program files/microchip/xc8/v2.45/avr/bin/../lib/gcc/avr/5.4.0/../../../../avr/lib/avrxmega3\libc.a(errno.o)
 .note.GNU-stack
                0x0000000000000000        0x0 c:/program files/microchip/xc8/v2.45/avr/bin/../lib/gcc/avr/5.4.0/../../../../avr/lib/avrxmega3\libc.a(_Exit.o)
 .note.GNU-stack
                0x0000000000000000        0x0 c:/program files/microchip/xc8/v2.45/avr/bin/../lib/gcc/avr/5.4.0/../../../../avr/lib/avrxmega3\libc.a(__int_vfprintf.o)
 .note.GNU-stack
                0x0000000000000000        0x0 c:/program files/microchip/xc8/v2.45/avr/bin/../lib/gcc/avr/5.4.0/../../../../avr/lib/avrxmega3\libc.a(__int_vfscanf.o)
 .note.GNU-stack
                0x0000000000000000        0x0 c:/program files/microchip/xc8/v2.45/avr/bin/../lib/gcc/avr/5.4.0/../../../../avr/lib/avrxmega3\libc.a(__fmt_a.o)
 .note.GNU-stack
                0x0000000000000000        0x0 c:/program files/microchip/xc8/v2.45/avr/bin/../lib/gcc/avr/5.4.0/../../../../avr/lib/avrxmega3\libc.a(__strtoxll.o)
 .note.GNU-stack
                0x0000000000000000        0x0 c:/program files/microchip/xc8/v2.45/avr/bin/../lib/gcc/avr/5.4.0/../../../../avr/lib/avrxmega3\libc.a(strcspn.o)
 .note.GNU-stack
                0x0000000000000000        0x0 c:/program files/microchip/xc8/v2.45/avr/bin/../lib/gcc/avr/5.4.0/../../../../avr/lib/avrxmega3\libc.a(strspn.o)
 .note.GNU-stack
                0x0000000000000000        0x0 c:/program files/microchip/xc8/v2.45/avr/bin/../lib/gcc/avr/5.4.0/../../../../avr/lib/avrxmega3\libc.a(__printf_64bit_arg_support.o)
 .note.GNU-stack
                0x0000000000000000        0x0 c:/program files/microchip/xc8/v2.45/avr/bin/../lib/gcc/avr/5.4.0/../../../../avr/lib/avrxmega3\libc.a(isalnum.o)
 .note.GNU-stack
                0x0000000000000000        0x0 c:/program files/microchip/xc8/v2.45/avr/bin/../lib/gcc/avr/5.4.0/../../../../avr/lib/avrxmega3\libm.a(floorf.o)

.note.gnu.build-id
 *(.note.gnu.build-id)

.debug
 *(.debug)

.line
 *(.line)

.debug_srcinfo
 *(.debug_srcinfo)

.debug_sfnames
 *(.debug_sfnames)

.debug_aranges  0x0000000000000000      0x110
 *(.debug_aranges)
 .debug_aranges
                0x0000000000000000       0x50 build/default/debug/printf.o
 .debug_aranges
                0x0000000000000050       0x70 build/default/debug/gps.o
 .debug_aranges
                0x00000000000000c0       0x50 build/default/debug/i2c.o

.debug_pubnames
 *(.debug_pubnames)

.debug_info     0x0000000000000000     0x4570
 *(.debug_info .gnu.linkonce.wi.*)
 .debug_info    0x0000000000000000     0x25a7 C:/Program Files/Microchip/MPLABX/v6.15/packs/Microchip/ATmega_DFP/3.0.158/xc8/avr/lib/avrxmega3/crtatmega3208.o
 .debug_info    0x00000000000025a7      0x8c3 build/default/debug/printf.o
 .debug_info    0x0000000000002e6a      0xda0 build/default/debug/gps.o
 .debug_info    0x0000000000003c0a      0x966 build/default/debug/i2c.o

.debug_abbrev   0x0000000000000000     0x28d7
 *(.debug_abbrev)
 .debug_abbrev  0x0000000000000000     0x23a4 C:/Program Files/Microchip/MPLABX/v6.15/packs/Microchip/ATmega_DFP/3.0.158/xc8/avr/lib/avrxmega3/crtatmega3208.o
 .debug_abbrev  0x00000000000023a4      0x18c build/default/debug/printf.o
 .debug_abbrev  0x0000000000002530      0x21a build/default/debug/gps.o
 .debug_abbrev  0x000000000000274a      0x18d build/default/debug/i2c.o

.debug_line     0x0000000000000000      0xb41
 *(.debug_line .debug_line.* .debug_line_end)
 .debug_line    0x0000000000000000      0x16f C:/Program Files/Microchip/MPLABX/v6.15/packs/Microchip/ATmega_DFP/3.0.158/xc8/avr/lib/avrxmega3/crtatmega3208.o
 .debug_line    0x000000000000016f      0x314 build/default/debug/printf.o
 .debug_line    0x0000000000000483      0x48c build/default/debug/gps.o
 .debug_line    0x000000000000090f      0x232 build/default/debug/i2c.o

.debug_frame    0x0000000000000000      0x470
 *(.debug_frame)
 .debug_frame   0x0000000000000000       0xd8 build/default/debug/printf.o
 .debug_frame   0x00000000000000d8      0x304 build/default/debug/gps.o
 .debug_frame   0x00000000000003dc       0x94 build/default/debug/i2c.o

.debug_str      0x0000000000000000     0x1064
 *(.debug_str)
 .debug_str     0x0000000000000000      0xfdf C:/Program Files/Microchip/MPLABX/v6.15/packs/Microchip/ATmega_DFP/3.0.158/xc8/avr/lib/avrxmega3/crtatmega3208.o
 .debug_str     0x0000000000000fdf       0x1e build/default/debug/printf.o
 .debug_str     0x0000000000000ffd       0x5c build/default/debug/gps.o
 .debug_str     0x0000000000001059        0xb build/default/debug/i2c.o

.debug_loc      0x0000000000000000      0x7ea
 *(.debug_loc)
 .debug_loc     0x0000000000000000      0x1cb build/default/debug/printf.o
 .debug_loc     0x00000000000001cb      0x4f9 build/default/debug/gps.o
 .debug_loc     0x00000000000006c4      0x126 build/default/debug/i2c.o

.debug_macinfo
 *(.debug_macinfo)

.debug_weaknames
 *(.debug_weaknames)

.debug_funcnames
 *(.debug_funcnames)

.debug_typenames
 *(.debug_typenames)

.debug_varnames
 *(.debug_varnames)

.debug_pubtypes
 *(.debug_pubtypes)

.debug_ranges   0x0000000000000000      0x110
 *(.debug_ranges)
 .debug_ranges  0x0000000000000000       0x40 build/default/debug/printf.o
 .debug_ranges  0x0000000000000040       0x78 build/default/debug/gps.o
 .debug_ranges  0x00000000000000b8       0x58 build/default/debug/i2c.o

.debug_macro
 *(.debug_macro)
OUTPUT(dist/default/debug/final-project.X.debug.elf elf32-avr)
LOAD linker stubs
LOAD data_init

.note.gnu.avr.deviceinfo
                0x0000000000000000       0x40
 .note.gnu.avr.deviceinfo
                0x0000000000000000       0x40 C:/Program Files/Microchip/MPLABX/v6.15/packs/Microchip/ATmega_DFP/3.0.158/xc8/avr/lib/avrxmega3/crtatmega3208.o

.bss.formatted_time.4442
                0x0000000000803220       0x14
 .bss.formatted_time.4442
                0x0000000000803220       0x14 build/default/debug/gps.o

.bss.buffer_index
                0x0000000000803234        0x2
 .bss.buffer_index
                0x0000000000803234        0x2 build/default/debug/gps.o
                0x0000000000803234                buffer_index

.bss.gps_buffer
                0x0000000000803002       0xff
 .bss.gps_buffer
                0x0000000000803002       0xff build/default/debug/gps.o
                0x0000000000803002                gps_buffer

.bss._tail      0x0000000000803238        0x1
 .bss._tail     0x0000000000803238        0x1 build/default/debug/gps.o
                0x0000000000803238                _tail

.bss._head      0x0000000000803239        0x1
 .bss._head     0x0000000000803239        0x1 build/default/debug/gps.o
                0x0000000000803239                _head

.bss.gpsData    0x0000000000803101       0xff
 .bss.gpsData   0x0000000000803101       0xff build/default/debug/gps.o
                0x0000000000803101                gpsData

.bss.rxBufferLength
                0x000000000080323a        0x1
 .bss.rxBufferLength
                0x000000000080323a        0x1 build/default/debug/i2c.o
                0x000000000080323a                rxBufferLength

.bss.rxBufferIndex
                0x000000000080323b        0x1
 .bss.rxBufferIndex
                0x000000000080323b        0x1 build/default/debug/i2c.o
                0x000000000080323b                rxBufferIndex

.bss.rxBuffer   0x0000000000803200       0x20
 .bss.rxBuffer  0x0000000000803200       0x20 build/default/debug/i2c.o
                0x0000000000803200                rxBuffer

.bss.p.1208     0x0000000000803236        0x2
 .bss.p.1208    0x0000000000803236        0x2 c:/program files/microchip/xc8/v2.45/avr/bin/../lib/gcc/avr/5.4.0/../../../../avr/lib/avrxmega3\libc.a(strtok.o)

.text.__scanf_core
                0x00000000000000ea      0x76e
 .text.__scanf_core
                0x00000000000000ea      0x76e c:/program files/microchip/xc8/v2.45/avr/bin/../lib/gcc/avr/5.4.0/../../../../avr/lib/avrxmega3\libc.a(__scanf_core.o)
                0x00000000000000ea                __scanf_core

.text.strtof    0x0000000000000858      0x74e
 .text.strtof   0x0000000000000858      0x74e c:/program files/microchip/xc8/v2.45/avr/bin/../lib/gcc/avr/5.4.0/../../../../avr/lib/avrxmega3\libc.a(strtof.o)
                0x0000000000000858                strtof

.text.__fmt_fp  0x0000000000000fa6      0x72c
 .text.__fmt_fp
                0x0000000000000fa6      0x72c c:/program files/microchip/xc8/v2.45/avr/bin/../lib/gcc/avr/5.4.0/../../../../avr/lib/avrxmega3\libc.a(__fmt_fp.o)
                0x0000000000000fa6                __fmt_f_needed
                0x0000000000000fa6                __fmt_fp

.text.__fmt_a   0x00000000000016d2      0x632
 .text.__fmt_a  0x00000000000016d2      0x632 c:/program files/microchip/xc8/v2.45/avr/bin/../lib/gcc/avr/5.4.0/../../../../avr/lib/avrxmega3\libc.a(__fmt_a.o)
                0x00000000000016d2                __fmt_a_needed
                0x00000000000016d2                __fmt_a

.text.vfpfcnvrt
                0x0000000000001d04      0x408
 .text.vfpfcnvrt
                0x0000000000001d04      0x408 c:/program files/microchip/xc8/v2.45/avr/bin/../lib/gcc/avr/5.4.0/../../../../avr/lib/avrxmega3\libc.a(__printf_64bit_arg_support.o)
                0x0000000000001d04                vfpfcnvrt

.text.__strtoxll
                0x000000000000210c      0x386
 .text.__strtoxll
                0x000000000000210c      0x386 c:/program files/microchip/xc8/v2.45/avr/bin/../lib/gcc/avr/5.4.0/../../../../avr/lib/avrxmega3\libc.a(__strtoxll.o)
                0x000000000000210c                __strtoxll

.text.__scan_fp
                0x0000000000002492      0x342
 .text.__scan_fp
                0x0000000000002492      0x342 c:/program files/microchip/xc8/v2.45/avr/bin/../lib/gcc/avr/5.4.0/../../../../avr/lib/avrxmega3\libc.a(__scan_fp.o)
                0x0000000000002492                __scan_fp
                0x0000000000002492                __scan_a_needed
                0x0000000000002492                __scan_f_needed

.rodata         0x00000000008067d4      0x2c3 load address 0x00000000000027d4
 .rodata        0x00000000008067d4      0x2c3 build/default/debug/gps.o

.text.__fmt_x   0x0000000000002a98      0x280
 .text.__fmt_x  0x0000000000002a98      0x280 c:/program files/microchip/xc8/v2.45/avr/bin/../lib/gcc/avr/5.4.0/../../../../avr/lib/avrxmega3\libc.a(__printf_64bit_arg_support.o)
                0x0000000000002a98                __fmt_x

.text.check_arrival
                0x0000000000002d18      0x228
 .text.check_arrival
                0x0000000000002d18      0x228 build/default/debug/gps.o
                0x0000000000002d18                check_arrival

.text.__scan_i  0x0000000000002f40      0x1e6
 .text.__scan_i
                0x0000000000002f40      0x1e6 c:/program files/microchip/xc8/v2.45/avr/bin/../lib/gcc/avr/5.4.0/../../../../avr/lib/avrxmega3\libc.a(__scan_i.o)
                0x0000000000002f40                __scan_i_needed
                0x0000000000002f40                __scan_i

.text.parse_gngga
                0x0000000000003126      0x1b4
 .text.parse_gngga
                0x0000000000003126      0x1b4 build/default/debug/gps.o
                0x0000000000003126                parse_gngga

.text.__fmt_d   0x00000000000032da      0x17e
 .text.__fmt_d  0x00000000000032da      0x17e c:/program files/microchip/xc8/v2.45/avr/bin/../lib/gcc/avr/5.4.0/../../../../avr/lib/avrxmega3\libc.a(__printf_64bit_arg_support.o)
                0x00000000000032da                __fmt_d

.text.__pop_int
                0x0000000000003458      0x172
 .text.__pop_int
                0x0000000000003458      0x172 c:/program files/microchip/xc8/v2.45/avr/bin/../lib/gcc/avr/5.4.0/../../../../avr/lib/avrxmega3\libc.a(__printf_64bit_arg_support.o)
                0x0000000000003458                __pop_int

.text.__cvt_u   0x00000000000035ca      0x158
 .text.__cvt_u  0x00000000000035ca      0x158 c:/program files/microchip/xc8/v2.45/avr/bin/../lib/gcc/avr/5.4.0/../../../../avr/lib/avrxmega3\libc.a(__printf_64bit_arg_support.o)
                0x00000000000035ca                __cvt_u

.text.__scan_x  0x0000000000003722      0x14e
 .text.__scan_x
                0x0000000000003722      0x14e c:/program files/microchip/xc8/v2.45/avr/bin/../lib/gcc/avr/5.4.0/../../../../avr/lib/avrxmega3\libc.a(__scan_x.o)
                0x0000000000003722                __scan_x
                0x0000000000003722                __scan_x_needed

.text.__push_int
                0x0000000000003870      0x136
 .text.__push_int
                0x0000000000003870      0x136 c:/program files/microchip/xc8/v2.45/avr/bin/../lib/gcc/avr/5.4.0/../../../../avr/lib/avrxmega3\libc.a(__push_int.o)
                0x0000000000003870                __push_int_needed
                0x0000000000003870                __push_int

.text.convert_to_24hr_format
                0x00000000000039a6      0x10a
 .text.convert_to_24hr_format
                0x00000000000039a6      0x10a build/default/debug/gps.o
                0x00000000000039a6                convert_to_24hr_format

.text.loop      0x0000000000003ab0       0xf2
 .text.loop     0x0000000000003ab0       0xf2 build/default/debug/gps.o
                0x0000000000003ab0                loop

.text.floorf    0x0000000000003ba2       0xe6
 .text.floorf   0x0000000000003ba2       0xe6 c:/program files/microchip/xc8/v2.45/avr/bin/../lib/gcc/avr/5.4.0/../../../../avr/lib/avrxmega3\libm.a(floorf.o)
                0x0000000000003ba2                floorf

.text           0x0000000000003c88       0xde
 .text          0x0000000000003c88       0xde c:/program files/microchip/xc8/v2.45/avr/bin/../lib/gcc/avr/5.4.0/../../../../avr/lib/avrxmega3\libm.a(divsf3x.o)
                0x0000000000003c88                __divsf3x
                0x0000000000003cb0                __divsf3_pse

.text.__pop_ptr
                0x0000000000003d66       0xd8
 .text.__pop_ptr
                0x0000000000003d66       0xd8 c:/program files/microchip/xc8/v2.45/avr/bin/../lib/gcc/avr/5.4.0/../../../../avr/lib/avrxmega3\libc.a(__printf_64bit_arg_support.o)
                0x0000000000003d66                __pop_ptr

.text           0x0000000000003e3e       0xd4
 .text          0x0000000000003e3e       0xd4 c:/program files/microchip/xc8/v2.45/avr/bin/../lib/gcc/avr/5.4.0/../../../../avr/lib/avrxmega3\libm.a(mulsf3x.o)
                0x0000000000003e3e                __mulsf3x
                0x0000000000003e64                __mulsf3_pse

.text.__read_int
                0x0000000000003f12       0xd4
 .text.__read_int
                0x0000000000003f12       0xd4 c:/program files/microchip/xc8/v2.45/avr/bin/../lib/gcc/avr/5.4.0/../../../../avr/lib/avrxmega3\libc.a(__scan_d.o)
                0x0000000000003f12                __read_int

.text.__scan_o  0x0000000000003fe6       0xd4
 .text.__scan_o
                0x0000000000003fe6       0xd4 c:/program files/microchip/xc8/v2.45/avr/bin/../lib/gcc/avr/5.4.0/../../../../avr/lib/avrxmega3\libc.a(__scan_o.o)
                0x0000000000003fe6                __scan_o
                0x0000000000003fe6                __scan_o_needed

.text.__fmt_o   0x00000000000040ba       0xd2
 .text.__fmt_o  0x00000000000040ba       0xd2 c:/program files/microchip/xc8/v2.45/avr/bin/../lib/gcc/avr/5.4.0/../../../../avr/lib/avrxmega3\libc.a(__printf_64bit_arg_support.o)
                0x00000000000040ba                __fmt_o

.text           0x000000000000418c       0xce
 .text          0x000000000000418c       0xce c:/program files/microchip/xc8/v2.45/avr/bin/../lib/gcc/avr/5.4.0/../../../../avr/lib/avrxmega3\libm.a(addsf3x.o)
                0x000000000000418c                __addsf3x

.text.__scan_s  0x000000000000425a       0xcc
 .text.__scan_s
                0x000000000000425a       0xcc c:/program files/microchip/xc8/v2.45/avr/bin/../lib/gcc/avr/5.4.0/../../../../avr/lib/avrxmega3\libc.a(__scan_s.o)
                0x000000000000425a                __scan_s_needed
                0x000000000000425a                __scan_s
                0x000000000000425a                __scan_0_needed

.text.__fmt_u   0x0000000000004326       0xae
 .text.__fmt_u  0x0000000000004326       0xae c:/program files/microchip/xc8/v2.45/avr/bin/../lib/gcc/avr/5.4.0/../../../../avr/lib/avrxmega3\libc.a(__printf_64bit_arg_support.o)
                0x0000000000004326                __fmt_u

.text.libgcc.div
                0x00000000000043d4       0xa2
 .text.libgcc.div
                0x00000000000043d4       0xa2 c:/program files/microchip/xc8/v2.45/avr/bin/../lib/gcc/avr/5.4.0/avrxmega3\libgcc.a(_udivmod64.o)
                0x00000000000043d4                __udivmod64

.text.libgcc.mul
                0x0000000000004476       0xa0
 .text.libgcc.mul
                0x0000000000004476       0xa0 c:/program files/microchip/xc8/v2.45/avr/bin/../lib/gcc/avr/5.4.0/avrxmega3\libgcc.a(_muldi3.o)
                0x0000000000004476                __muldi3

.text.convert_to_decimal
                0x0000000000004516       0x98
 .text.convert_to_decimal
                0x0000000000004516       0x98 build/default/debug/gps.o
                0x0000000000004516                convert_to_decimal

.text.fputc     0x00000000000045ae       0x98
 .text.fputc    0x00000000000045ae       0x98 c:/program files/microchip/xc8/v2.45/avr/bin/../lib/gcc/avr/5.4.0/../../../../avr/lib/avrxmega3\libc.a(fputc.o)
                0x00000000000045ae                fputc
                0x00000000000045ae                putc

.text.fgetc     0x0000000000004646       0x96
 .text.fgetc    0x0000000000004646       0x96 c:/program files/microchip/xc8/v2.45/avr/bin/../lib/gcc/avr/5.4.0/../../../../avr/lib/avrxmega3\libc.a(fgetc.o)
                0x0000000000004646                fgetc

.text.strtok    0x00000000000046dc       0x7e
 .text.strtok   0x00000000000046dc       0x7e c:/program files/microchip/xc8/v2.45/avr/bin/../lib/gcc/avr/5.4.0/../../../../avr/lib/avrxmega3\libc.a(strtok.o)
                0x00000000000046dc                strtok

.text           0x000000000000475a       0x7a
 .text          0x000000000000475a       0x7a c:/program files/microchip/xc8/v2.45/avr/bin/../lib/gcc/avr/5.4.0/../../../../avr/lib/avrxmega3\libm.a(floatsisf.o)
                0x000000000000475a                __floatunsisf
                0x000000000000475e                __floatsisf

.text.__printf_core
                0x00000000000047d4       0x78
 .text.__printf_core
                0x00000000000047d4       0x78 c:/program files/microchip/xc8/v2.45/avr/bin/../lib/gcc/avr/5.4.0/../../../../avr/lib/avrxmega3\libc.a(__printf_core.o)
                0x00000000000047d4                __printf_core

.text.__vsnprintf
                0x000000000000484c       0x74
 .text.__vsnprintf
                0x000000000000484c       0x74 c:/program files/microchip/xc8/v2.45/avr/bin/../lib/gcc/avr/5.4.0/../../../../avr/lib/avrxmega3\libc.a(__int_vsnprintf.o)
                0x000000000000484c                __vsnprintf

.text.vsnprintf
                0x00000000000048c0       0x74
 .text.vsnprintf
                0x00000000000048c0       0x74 c:/program files/microchip/xc8/v2.45/avr/bin/../lib/gcc/avr/5.4.0/../../../../avr/lib/avrxmega3\libc.a(vsnprintf.o)
                0x00000000000048c0                vsnprintf

.text.__pad     0x0000000000004934       0x72
 .text.__pad    0x0000000000004934       0x72 c:/program files/microchip/xc8/v2.45/avr/bin/../lib/gcc/avr/5.4.0/../../../../avr/lib/avrxmega3\libc.a(__printf_core.o)
                0x0000000000004934                __pad

.text.atoi      0x00000000000049a6       0x72
 .text.atoi     0x00000000000049a6       0x72 c:/program files/microchip/xc8/v2.45/avr/bin/../lib/gcc/avr/5.4.0/../../../../avr/lib/avrxmega3\libc.a(atoi.o)
                0x00000000000049a6                atoi

.text.USART2_PRINTF_MOD
                0x0000000000004a18       0x70
 .text.USART2_PRINTF_MOD
                0x0000000000004a18       0x70 build/default/debug/printf.o
                0x0000000000004a18                USART2_PRINTF_MOD

.text.__push_float
                0x0000000000004a88       0x6a
 .text.__push_float
                0x0000000000004a88       0x6a c:/program files/microchip/xc8/v2.45/avr/bin/../lib/gcc/avr/5.4.0/../../../../avr/lib/avrxmega3\libc.a(__push_float.o)
                0x0000000000004a88                __push_float_needed
                0x0000000000004a88                __push_float

.text           0x0000000000004af2       0x5e
 .text          0x0000000000004af2       0x5e c:/program files/microchip/xc8/v2.45/avr/bin/../lib/gcc/avr/5.4.0/../../../../avr/lib/avrxmega3\libm.a(fixunssfsi.o)
                0x0000000000004af2                __fixunssfsi

.text.read_prec_or_width
                0x0000000000004b50       0x5c
 .text.read_prec_or_width
                0x0000000000004b50       0x5c c:/program files/microchip/xc8/v2.45/avr/bin/../lib/gcc/avr/5.4.0/../../../../avr/lib/avrxmega3\libc.a(__printf_64bit_arg_support.o)

.text.readFromTWI
                0x0000000000004bac       0x56
 .text.readFromTWI
                0x0000000000004bac       0x56 build/default/debug/i2c.o
                0x0000000000004bac                readFromTWI

.text.__consumews
                0x0000000000004c02       0x56
 .text.__consumews
                0x0000000000004c02       0x56 c:/program files/microchip/xc8/v2.45/avr/bin/../lib/gcc/avr/5.4.0/../../../../avr/lib/avrxmega3\libc.a(__scanf_core.o)
                0x0000000000004c02                __consumews

.text.__fmt_s   0x0000000000004c58       0x54
 .text.__fmt_s  0x0000000000004c58       0x54 c:/program files/microchip/xc8/v2.45/avr/bin/../lib/gcc/avr/5.4.0/../../../../avr/lib/avrxmega3\libc.a(__fmt_s.o)
                0x0000000000004c58                __fmt_s
                0x0000000000004c58                __fmt_0_needed
                0x0000000000004c58                __fmt_s_needed

.text.__scan_d  0x0000000000004cac       0x4c
 .text.__scan_d
                0x0000000000004cac       0x4c c:/program files/microchip/xc8/v2.45/avr/bin/../lib/gcc/avr/5.4.0/../../../../avr/lib/avrxmega3\libc.a(__scan_d.o)
                0x0000000000004cac                __scan_d_needed
                0x0000000000004cac                __scan_d

.text.__scan_u  0x0000000000004cf8       0x4c
 .text.__scan_u
                0x0000000000004cf8       0x4c c:/program files/microchip/xc8/v2.45/avr/bin/../lib/gcc/avr/5.4.0/../../../../avr/lib/avrxmega3\libc.a(__scan_u.o)
                0x0000000000004cf8                __scan_u_needed
                0x0000000000004cf8                __scan_u

.text.GPS_check
                0x0000000000004d44       0x48
 .text.GPS_check
                0x0000000000004d44       0x48 build/default/debug/gps.o
                0x0000000000004d44                GPS_check

.text           0x0000000000004d8c       0x48
 .text          0x0000000000004d8c       0x48 c:/program files/microchip/xc8/v2.45/avr/bin/../lib/gcc/avr/5.4.0/../../../../avr/lib/avrxmega3\libm.a(fp_cmp.o)
                0x0000000000004d8c                __fp_cmp

.text.strstr    0x0000000000004dd4       0x48
 .text.strstr   0x0000000000004dd4       0x48 c:/program files/microchip/xc8/v2.45/avr/bin/../lib/gcc/avr/5.4.0/../../../../avr/lib/avrxmega3\libc.a(strstr.o)
                0x0000000000004dd4                strstr

.text.GPS_available
                0x0000000000004e1c       0x46
 .text.GPS_available
                0x0000000000004e1c       0x46 build/default/debug/gps.o
                0x0000000000004e1c                GPS_available

.text.__skipws  0x0000000000004e62       0x46
 .text.__skipws
                0x0000000000004e62       0x46 c:/program files/microchip/xc8/v2.45/avr/bin/../lib/gcc/avr/5.4.0/../../../../avr/lib/avrxmega3\libc.a(__scanf_core.o)
                0x0000000000004e62                __skipws

.text           0x0000000000004ea8       0x44
 .text          0x0000000000004ea8       0x44 c:/program files/microchip/xc8/v2.45/avr/bin/../lib/gcc/avr/5.4.0/../../../../avr/lib/avrxmega3\libm.a(fp_split3.o)
                0x0000000000004ea8                __fp_split3
                0x0000000000004eb8                __fp_splitA

.text.__wrap_sscanf
                0x0000000000004eec       0x40
 .text.__wrap_sscanf
                0x0000000000004eec       0x40 c:/program files/microchip/xc8/v2.45/avr/bin/../lib/gcc/avr/5.4.0/../../../../avr/lib/avrxmega3\libc.a(__sio_sscanf_dfnoux.o)
                0x0000000000004eec                _sscanf_cdfFgGnopuxX
                0x0000000000004eec                _sscanf_cdeEgGnopuxX
                0x0000000000004eec                _sscanf_cdeEfFgGnopuxX
                0x0000000000004eec                _sscanf_cdgGnopuxX
                0x0000000000004eec                _sscanf_cdeEnopuxX
                0x0000000000004eec                _sscanf_cdfFnopuxX
                0x0000000000004eec                _sscanf_cdeEfFnopuxX

.text.__fmt_state
                0x0000000000004f2c       0x40
 .text.__fmt_state
                0x0000000000004f2c       0x40 c:/program files/microchip/xc8/v2.45/avr/bin/../lib/gcc/avr/5.4.0/../../../../avr/lib/avrxmega3\libc.a(__printf_core.o)
                0x0000000000004f2c                __fmt_state

.text.__pop_float
                0x0000000000004f6c       0x40
 .text.__pop_float
                0x0000000000004f6c       0x40 c:/program files/microchip/xc8/v2.45/avr/bin/../lib/gcc/avr/5.4.0/../../../../avr/lib/avrxmega3\libc.a(__pop_float.o)
                0x0000000000004f6c                __pop_float_needed
                0x0000000000004f6c                __pop_float

.text.USART2_PRINTF
                0x0000000000004fac       0x3e
 .text.USART2_PRINTF
                0x0000000000004fac       0x3e build/default/debug/printf.o
                0x0000000000004fac                USART2_PRINTF

.text.ungetc    0x0000000000004fea       0x3e
 .text.ungetc   0x0000000000004fea       0x3e c:/program files/microchip/xc8/v2.45/avr/bin/../lib/gcc/avr/5.4.0/../../../../avr/lib/avrxmega3\libc.a(fgetc.o)
                0x0000000000004fea                ungetc

.text.strncmp   0x0000000000005028       0x3e
 .text.strncmp  0x0000000000005028       0x3e c:/program files/microchip/xc8/v2.45/avr/bin/../lib/gcc/avr/5.4.0/../../../../avr/lib/avrxmega3\libc.a(strncmp.o)
                0x0000000000005028                strncmp

.text.libgcc.builtins
                0x0000000000005066       0x3c
 .text.libgcc.builtins
                0x0000000000005066       0x3c c:/program files/microchip/xc8/v2.45/avr/bin/../lib/gcc/avr/5.4.0/avrxmega3\libgcc.a(_ashrdi3.o)
                0x0000000000005066                __ashrdi3
                0x000000000000506a                __lshrdi3

.text.__out     0x00000000000050a2       0x3a
 .text.__out    0x00000000000050a2       0x3a c:/program files/microchip/xc8/v2.45/avr/bin/../lib/gcc/avr/5.4.0/../../../../avr/lib/avrxmega3\libc.a(__printf_core.o)
                0x00000000000050a2                __out

.text.strcspn   0x00000000000050dc       0x3a
 .text.strcspn  0x00000000000050dc       0x3a c:/program files/microchip/xc8/v2.45/avr/bin/../lib/gcc/avr/5.4.0/../../../../avr/lib/avrxmega3\libc.a(strcspn.o)
                0x00000000000050dc                strcspn

.text.strspn    0x0000000000005116       0x3a
 .text.strspn   0x0000000000005116       0x3a c:/program files/microchip/xc8/v2.45/avr/bin/../lib/gcc/avr/5.4.0/../../../../avr/lib/avrxmega3\libc.a(strspn.o)
                0x0000000000005116                strspn

.rodata._powers_
                0x0000000000809150       0x34 load address 0x0000000000005150
 .rodata._powers_
                0x0000000000809150       0x34 c:/program files/microchip/xc8/v2.45/avr/bin/../lib/gcc/avr/5.4.0/../../../../avr/lib/avrxmega3\libc.a(strtof.o)

.text.strncpy   0x0000000000005184       0x34
 .text.strncpy  0x0000000000005184       0x34 c:/program files/microchip/xc8/v2.45/avr/bin/../lib/gcc/avr/5.4.0/../../../../avr/lib/avrxmega3\libc.a(strncpy.o)
                0x0000000000005184                strncpy

.text.GPS_read  0x00000000000051b8       0x32
 .text.GPS_read
                0x00000000000051b8       0x32 build/default/debug/gps.o
                0x00000000000051b8                GPS_read

.text.libgcc.prologue
                0x00000000000051ea       0x32
 .text.libgcc.prologue
                0x00000000000051ea       0x32 c:/program files/microchip/xc8/v2.45/avr/bin/../lib/gcc/avr/5.4.0/avrxmega3\libgcc.a(_prologue.o)
                0x00000000000051ea                __prologue_saves__

.text.vfprintf  0x000000000000521c       0x30
 .text.vfprintf
                0x000000000000521c       0x30 c:/program files/microchip/xc8/v2.45/avr/bin/../lib/gcc/avr/5.4.0/../../../../avr/lib/avrxmega3\libc.a(vfprintf.o)
                0x000000000000521c                vfprintf

.text.__vfprintf
                0x000000000000524c       0x30
 .text.__vfprintf
                0x000000000000524c       0x30 c:/program files/microchip/xc8/v2.45/avr/bin/../lib/gcc/avr/5.4.0/../../../../avr/lib/avrxmega3\libc.a(__int_vfprintf.o)
                0x000000000000524c                __vfprintf

.text.__vfscanf
                0x000000000000527c       0x30
 .text.__vfscanf
                0x000000000000527c       0x30 c:/program files/microchip/xc8/v2.45/avr/bin/../lib/gcc/avr/5.4.0/../../../../avr/lib/avrxmega3\libc.a(__int_vfscanf.o)
                0x000000000000527c                __vfscanf

.text.libgcc.prologue
                0x00000000000052ac       0x30
 .text.libgcc.prologue
                0x00000000000052ac       0x30 c:/program files/microchip/xc8/v2.45/avr/bin/../lib/gcc/avr/5.4.0/avrxmega3\libgcc.a(_epilogue.o)
                0x00000000000052ac                __epilogue_restores__

.text.libgcc.div
                0x00000000000052dc       0x28
 .text.libgcc.div
                0x00000000000052dc       0x28 c:/program files/microchip/xc8/v2.45/avr/bin/../lib/gcc/avr/5.4.0/avrxmega3\libgcc.a(_udivmodhi4.o)
                0x00000000000052dc                __udivmodhi4

.text.__wrap_snprintf
                0x0000000000005304       0x28
 .text.__wrap_snprintf
                0x0000000000005304       0x28 c:/program files/microchip/xc8/v2.45/avr/bin/../lib/gcc/avr/5.4.0/../../../../avr/lib/avrxmega3\libc.a(__sio_snprintf_dfoux.o)
                0x0000000000005304                _snprintf_cdfFgGopuxX
                0x0000000000005304                _snprintf_cdeEopuxX
                0x0000000000005304                _snprintf_cdeEfFopuxX
                0x0000000000005304                _snprintf_cdeEfFgGopuxX
                0x0000000000005304                _snprintf_cdeEgGopuxX
                0x0000000000005304                _snprintf_cdfFopuxX
                0x0000000000005304                _snprintf_cdgGopuxX

.text.isxdigit  0x000000000000532c       0x28
 .text.isxdigit
                0x000000000000532c       0x28 c:/program files/microchip/xc8/v2.45/avr/bin/../lib/gcc/avr/5.4.0/../../../../avr/lib/avrxmega3\libc.a(isxdigit.o)
                0x000000000000532c                isxdigit

.text.isalnum   0x0000000000005354       0x28
 .text.isalnum  0x0000000000005354       0x28 c:/program files/microchip/xc8/v2.45/avr/bin/../lib/gcc/avr/5.4.0/../../../../avr/lib/avrxmega3\libc.a(isalnum.o)
                0x0000000000005354                isalnum

.text.libgcc.div
                0x000000000000537c       0x28
 .text.libgcc.div
                0x000000000000537c       0x28 c:/program files/microchip/xc8/v2.45/avr/bin/../lib/gcc/avr/5.4.0/avrxmega3\libgcc.a(_divmodhi4.o)
                0x000000000000537c                _div
                0x000000000000537c                __divmodhi4

.text.read      0x00000000000053a4       0x26
 .text.read     0x00000000000053a4       0x26 build/default/debug/i2c.o
                0x00000000000053a4                read

.text           0x00000000000053ca       0x22
 .text          0x00000000000053ca       0x22 c:/program files/microchip/xc8/v2.45/avr/bin/../lib/gcc/avr/5.4.0/../../../../avr/lib/avrxmega3\libm.a(fp_round.o)
                0x00000000000053ca                __fp_round

.text.USART2_INIT
                0x00000000000053ec       0x20
 .text.USART2_INIT
                0x00000000000053ec       0x20 build/default/debug/printf.o
                0x00000000000053ec                USART2_INIT

.text.libgcc    0x000000000000540c       0x20
 .text.libgcc   0x000000000000540c       0x20 c:/program files/microchip/xc8/v2.45/avr/bin/../lib/gcc/avr/5.4.0/avrxmega3\libgcc.a(_negdi2.o)
                0x000000000000540c                __negdi2

.text.libgcc.mul
                0x000000000000542c       0x1e
 .text.libgcc.mul
                0x000000000000542c       0x1e c:/program files/microchip/xc8/v2.45/avr/bin/../lib/gcc/avr/5.4.0/avrxmega3\libgcc.a(_umulhisi3.o)
                0x000000000000542c                __umulhisi3

.text.strlen    0x000000000000544a       0x1c
 .text.strlen   0x000000000000544a       0x1c c:/program files/microchip/xc8/v2.45/avr/bin/../lib/gcc/avr/5.4.0/../../../../avr/lib/avrxmega3\libc.a(strlen.o)
                0x000000000000544a                strlen

.text.libgcc.div
                0x0000000000005466       0x1c
 .text.libgcc.div
                0x0000000000005466       0x1c c:/program files/microchip/xc8/v2.45/avr/bin/../lib/gcc/avr/5.4.0/avrxmega3\libgcc.a(_udivdi3.o)
                0x0000000000005466                __umoddi3
                0x000000000000546a                __udivdi3
                0x000000000000546c                __udivdi3_umoddi3

.text.TWI_init  0x0000000000005482       0x1a
 .text.TWI_init
                0x0000000000005482       0x1a build/default/debug/i2c.o
                0x0000000000005482                TWI_init

.rodata         0x000000000080949c       0x1a load address 0x000000000000549c
 .rodata        0x000000000080949c       0x1a c:/program files/microchip/xc8/v2.45/avr/bin/../lib/gcc/avr/5.4.0/../../../../avr/lib/avrxmega3\libc.a(strtof.o)

.text.strchr    0x00000000000054b6       0x18
 .text.strchr   0x00000000000054b6       0x18 c:/program files/microchip/xc8/v2.45/avr/bin/../lib/gcc/avr/5.4.0/../../../../avr/lib/avrxmega3\libc.a(strchr.o)
                0x00000000000054b6                strchr

.text.libgcc    0x00000000000054ce       0x18
 .text.libgcc   0x00000000000054ce       0x18 c:/program files/microchip/xc8/v2.45/avr/bin/../lib/gcc/avr/5.4.0/avrxmega3\libgcc.a(_cmpdi2_s8.o)
                0x00000000000054ce                __cmpdi2_s8

.text.libgcc.mul
                0x00000000000054e6       0x16
 .text.libgcc.mul
                0x00000000000054e6       0x16 c:/program files/microchip/xc8/v2.45/avr/bin/../lib/gcc/avr/5.4.0/avrxmega3\libgcc.a(_muluhisi3.o)
                0x00000000000054e6                __muluhisi3

.text.exit      0x00000000000054fc       0x16
 .text.exit     0x00000000000054fc       0x16 c:/program files/microchip/xc8/v2.45/avr/bin/../lib/gcc/avr/5.4.0/../../../../avr/lib/avrxmega3\libc.a(exit.o)
                0x00000000000054fc                exit

.rodata.state_table
                0x0000000000809512       0x16 load address 0x0000000000005512
 .rodata.state_table
                0x0000000000809512       0x16 c:/program files/microchip/xc8/v2.45/avr/bin/../lib/gcc/avr/5.4.0/../../../../avr/lib/avrxmega3\libc.a(__printf_core.o)

.text.TWI_startRead
                0x0000000000005528       0x14
 .text.TWI_startRead
                0x0000000000005528       0x14 build/default/debug/i2c.o
                0x0000000000005528                TWI_startRead

.text.requestByte
                0x000000000000553c       0x14
 .text.requestByte
                0x000000000000553c       0x14 build/default/debug/i2c.o
                0x000000000000553c                requestByte

.text.main      0x0000000000005550       0x12
 .text.main     0x0000000000005550       0x12 build/default/debug/gps.o
                0x0000000000005550                main

.text.libgcc.mul
                0x0000000000005562       0x12
 .text.libgcc.mul
                0x0000000000005562       0x12 c:/program files/microchip/xc8/v2.45/avr/bin/../lib/gcc/avr/5.4.0/avrxmega3\libgcc.a(_muldi3_6.o)
                0x0000000000005562                __muldi3_6

.text.memset    0x0000000000005574       0x12
 .text.memset   0x0000000000005574       0x12 c:/program files/microchip/xc8/v2.45/avr/bin/../lib/gcc/avr/5.4.0/../../../../avr/lib/avrxmega3\libc.a(memset.o)
                0x0000000000005574                memset

.text.toupper   0x0000000000005586       0x12
 .text.toupper  0x0000000000005586       0x12 c:/program files/microchip/xc8/v2.45/avr/bin/../lib/gcc/avr/5.4.0/../../../../avr/lib/avrxmega3\libc.a(toupper.o)
                0x0000000000005586                toupper

.text.libgcc    0x0000000000005598       0x12
 .text.libgcc   0x0000000000005598       0x12 c:/program files/microchip/xc8/v2.45/avr/bin/../lib/gcc/avr/5.4.0/avrxmega3\libgcc.a(_adddi3.o)
                0x0000000000005598                __adddi3

.text.libgcc    0x00000000000055aa       0x12
 .text.libgcc   0x00000000000055aa       0x12 c:/program files/microchip/xc8/v2.45/avr/bin/../lib/gcc/avr/5.4.0/avrxmega3\libgcc.a(_cmpdi2.o)
                0x00000000000055aa                __cmpdi2

.text.TWI_initPins
                0x00000000000055bc       0x10
 .text.TWI_initPins
                0x00000000000055bc       0x10 build/default/debug/i2c.o
                0x00000000000055bc                TWI_initPins

.rodata         0x00000000008095cc       0x10 load address 0x00000000000055cc
 .rodata        0x00000000008095cc       0x10 c:/program files/microchip/xc8/v2.45/avr/bin/../lib/gcc/avr/5.4.0/../../../../avr/lib/avrxmega3\libc.a(__fmt_fp.o)

.text.strcpy    0x00000000000055dc       0x10
 .text.strcpy   0x00000000000055dc       0x10 c:/program files/microchip/xc8/v2.45/avr/bin/../lib/gcc/avr/5.4.0/../../../../avr/lib/avrxmega3\libc.a(strcpy.o)
                0x00000000000055dc                strcpy

.text.tolower   0x00000000000055ec       0x10
 .text.tolower  0x00000000000055ec       0x10 c:/program files/microchip/xc8/v2.45/avr/bin/../lib/gcc/avr/5.4.0/../../../../avr/lib/avrxmega3\libc.a(tolower.o)
                0x00000000000055ec                tolower

.rodata         0x00000000008095fc       0x10 load address 0x00000000000055fc
 .rodata        0x00000000008095fc       0x10 c:/program files/microchip/xc8/v2.45/avr/bin/../lib/gcc/avr/5.4.0/../../../../avr/lib/avrxmega3\libc.a(__fmt_a.o)

.text           0x000000000000560c        0xe
 .text          0x000000000000560c        0xe c:/program files/microchip/xc8/v2.45/avr/bin/../lib/gcc/avr/5.4.0/../../../../avr/lib/avrxmega3\libm.a(addsf3.o)
                0x000000000000560c                __subsf3
                0x000000000000560e                __addsf3

.text           0x000000000000561a        0xe
 .text          0x000000000000561a        0xe c:/program files/microchip/xc8/v2.45/avr/bin/../lib/gcc/avr/5.4.0/../../../../avr/lib/avrxmega3\libm.a(fixsfsi.o)
                0x000000000000561a                __fixsfsi

.text           0x0000000000005628        0xe
 .text          0x0000000000005628        0xe c:/program files/microchip/xc8/v2.45/avr/bin/../lib/gcc/avr/5.4.0/../../../../avr/lib/avrxmega3\libm.a(fp_pscA.o)
                0x0000000000005628                __fp_pscA

.text           0x0000000000005636        0xe
 .text          0x0000000000005636        0xe c:/program files/microchip/xc8/v2.45/avr/bin/../lib/gcc/avr/5.4.0/../../../../avr/lib/avrxmega3\libm.a(fp_pscB.o)
                0x0000000000005636                __fp_pscB

.text           0x0000000000005644        0xe
 .text          0x0000000000005644        0xe c:/program files/microchip/xc8/v2.45/avr/bin/../lib/gcc/avr/5.4.0/../../../../avr/lib/avrxmega3\libm.a(fp_zero.o)
                0x0000000000005644                __fp_zero
                0x0000000000005646                __fp_szero

.text           0x0000000000005652        0xc
 .text          0x0000000000005652        0xc c:/program files/microchip/xc8/v2.45/avr/bin/../lib/gcc/avr/5.4.0/../../../../avr/lib/avrxmega3\libm.a(fp_inf.o)
                0x0000000000005652                __fp_inf

.rodata         0x000000000080965e        0xc load address 0x000000000000565e
 .rodata        0x000000000080965e        0xc c:/program files/microchip/xc8/v2.45/avr/bin/../lib/gcc/avr/5.4.0/../../../../avr/lib/avrxmega3\libc.a(__scan_fp.o)

.text.GPS_begin
                0x000000000000566a        0xa
 .text.GPS_begin
                0x000000000000566a        0xa build/default/debug/gps.o
                0x000000000000566a                GPS_begin

.text           0x0000000000005674        0xa
 .text          0x0000000000005674        0xa c:/program files/microchip/xc8/v2.45/avr/bin/../lib/gcc/avr/5.4.0/../../../../avr/lib/avrxmega3\libm.a(cmpsf2.o)
                0x0000000000005674                __nesf2
                0x0000000000005674                __eqsf2
                0x0000000000005674                __cmpsf2
                0x0000000000005674                __ltsf2
                0x0000000000005674                __lesf2

.text           0x000000000000567e        0xa
 .text          0x000000000000567e        0xa c:/program files/microchip/xc8/v2.45/avr/bin/../lib/gcc/avr/5.4.0/../../../../avr/lib/avrxmega3\libm.a(gesf2.o)
                0x000000000000567e                __gesf2
                0x000000000000567e                __gtsf2

.text.atof      0x0000000000005688        0xa
 .text.atof     0x0000000000005688        0xa c:/program files/microchip/xc8/v2.45/avr/bin/../lib/gcc/avr/5.4.0/../../../../avr/lib/avrxmega3\libc.a(strtof.o)
                0x0000000000005688                atof

.text           0x0000000000005692        0x8
 .text          0x0000000000005692        0x8 c:/program files/microchip/xc8/v2.45/avr/bin/../lib/gcc/avr/5.4.0/../../../../avr/lib/avrxmega3\libm.a(divsf3.o)
                0x0000000000005692                __divsf3

.text           0x000000000000569a        0x8
 .text          0x000000000000569a        0x8 c:/program files/microchip/xc8/v2.45/avr/bin/../lib/gcc/avr/5.4.0/../../../../avr/lib/avrxmega3\libm.a(mulsf3.o)
                0x000000000000569a                __mulsf3

.text.strtoll   0x00000000000056a2        0x8
 .text.strtoll  0x00000000000056a2        0x8 c:/program files/microchip/xc8/v2.45/avr/bin/../lib/gcc/avr/5.4.0/../../../../avr/lib/avrxmega3\libc.a(strtoll.o)
                0x00000000000056a2                strtoll

.text.strtoull  0x00000000000056aa        0x8
 .text.strtoull
                0x00000000000056aa        0x8 c:/program files/microchip/xc8/v2.45/avr/bin/../lib/gcc/avr/5.4.0/../../../../avr/lib/avrxmega3\libc.a(strtoull.o)
                0x00000000000056aa                strtoull

.rodata.nuls.2781
                0x00000000008096b2        0x7 load address 0x00000000000056b2
 .rodata.nuls.2781
                0x00000000008096b2        0x7 c:/program files/microchip/xc8/v2.45/avr/bin/../lib/gcc/avr/5.4.0/../../../../avr/lib/avrxmega3\libc.a(__fmt_s.o)

.text           0x00000000000056ba        0x6
 .text          0x00000000000056ba        0x6 c:/program files/microchip/xc8/v2.45/avr/bin/../lib/gcc/avr/5.4.0/../../../../avr/lib/avrxmega3\libm.a(fp_nan.o)
                0x00000000000056ba                __fp_nan

.text.strtold   0x00000000000056c0        0x6
 .text.strtold  0x00000000000056c0        0x6 c:/program files/microchip/xc8/v2.45/avr/bin/../lib/gcc/avr/5.4.0/../../../../avr/lib/avrxmega3\libc.a(strtof.o)
                0x00000000000056c0                strtold

.rodata.nilstr.3022
                0x00000000008096c6        0x6 load address 0x00000000000056c6
 .rodata.nilstr.3022
                0x00000000008096c6        0x6 c:/program files/microchip/xc8/v2.45/avr/bin/../lib/gcc/avr/5.4.0/../../../../avr/lib/avrxmega3\libc.a(__printf_64bit_arg_support.o)

.text           0x00000000000056cc        0x4
 .text          0x00000000000056cc        0x4 C:/Program Files/Microchip/MPLABX/v6.15/packs/Microchip/ATmega_DFP/3.0.158/xc8/avr/lib/avrxmega3/crtatmega3208.o
                0x00000000000056cc                __vector_22
                0x00000000000056cc                __vector_28
                0x00000000000056cc                __vector_1
                0x00000000000056cc                __vector_32
                0x00000000000056cc                __vector_34
                0x00000000000056cc                __vector_24
                0x00000000000056cc                __vector_12
                0x00000000000056cc                __bad_interrupt
                0x00000000000056cc                __vector_6
                0x00000000000056cc                __vector_31
                0x00000000000056cc                __vector_35
                0x00000000000056cc                __vector_3
                0x00000000000056cc                __vector_23
                0x00000000000056cc                __vector_30
                0x00000000000056cc                __vector_25
                0x00000000000056cc                __vector_11
                0x00000000000056cc                __vector_13
                0x00000000000056cc                __vector_17
                0x00000000000056cc                __vector_19
                0x00000000000056cc                __vector_7
                0x00000000000056cc                __vector_27
                0x00000000000056cc                __vector_5
                0x00000000000056cc                __vector_33
                0x00000000000056cc                __vector_4
                0x00000000000056cc                __vector_9
                0x00000000000056cc                __vector_2
                0x00000000000056cc                __vector_21
                0x00000000000056cc                __vector_15
                0x00000000000056cc                __vector_29
                0x00000000000056cc                __vector_8
                0x00000000000056cc                __vector_26
                0x00000000000056cc                __vector_14
                0x00000000000056cc                __vector_10
                0x00000000000056cc                __vector_16
                0x00000000000056cc                __vector_18
                0x00000000000056cc                __vector_20

.text._Exit     0x00000000000056d0        0x4
 .text._Exit    0x00000000000056d0        0x4 c:/program files/microchip/xc8/v2.45/avr/bin/../lib/gcc/avr/5.4.0/../../../../avr/lib/avrxmega3\libc.a(_Exit.o)
                0x00000000000056d0                _Exit

.text.__dummy_fini
                0x00000000000056d4        0x2
 .text.__dummy_fini
                0x00000000000056d4        0x2 c:/program files/microchip/xc8/v2.45/avr/bin/../lib/gcc/avr/5.4.0/../../../../avr/lib/avrxmega3\libc.a(exit.o)
                0x00000000000056d4                _fini

.text.__dummy_funcs_on_exit
                0x00000000000056d6        0x2
 .text.__dummy_funcs_on_exit
                0x00000000000056d6        0x2 c:/program files/microchip/xc8/v2.45/avr/bin/../lib/gcc/avr/5.4.0/../../../../avr/lib/avrxmega3\libc.a(exit.o)
                0x00000000000056d6                __funcs_on_exit

.text.__dummy_simulator_exit
                0x00000000000056d8        0x2
 .text.__dummy_simulator_exit
                0x00000000000056d8        0x2 c:/program files/microchip/xc8/v2.45/avr/bin/../lib/gcc/avr/5.4.0/../../../../avr/lib/avrxmega3\libc.a(exit.o)
                0x00000000000056d8                __simulator_exit
