Archive member included to satisfy reference by file (symbol)

c:/program files/microchip/xc8/v2.45/avr/bin/../lib/gcc/avr/5.4.0/../../../../avr/lib/avrxmega3\libm.a(addsf3.o)
                              build/default/production/gps.o (__subsf3)
c:/program files/microchip/xc8/v2.45/avr/bin/../lib/gcc/avr/5.4.0/../../../../avr/lib/avrxmega3\libm.a(addsf3x.o)
                              c:/program files/microchip/xc8/v2.45/avr/bin/../lib/gcc/avr/5.4.0/../../../../avr/lib/avrxmega3\libm.a(addsf3.o) (__addsf3x)
c:/program files/microchip/xc8/v2.45/avr/bin/../lib/gcc/avr/5.4.0/../../../../avr/lib/avrxmega3\libm.a(cmpsf2.o)
                              build/default/production/mini-gmp.o (__eqsf2)
c:/program files/microchip/xc8/v2.45/avr/bin/../lib/gcc/avr/5.4.0/../../../../avr/lib/avrxmega3\libm.a(divsf3.o)
                              build/default/production/gps.o (__divsf3)
c:/program files/microchip/xc8/v2.45/avr/bin/../lib/gcc/avr/5.4.0/../../../../avr/lib/avrxmega3\libm.a(divsf3x.o)
                              c:/program files/microchip/xc8/v2.45/avr/bin/../lib/gcc/avr/5.4.0/../../../../avr/lib/avrxmega3\libm.a(divsf3.o) (__divsf3x)
c:/program files/microchip/xc8/v2.45/avr/bin/../lib/gcc/avr/5.4.0/../../../../avr/lib/avrxmega3\libm.a(fixsfsi.o)
                              build/default/production/gps.o (__fixsfsi)
c:/program files/microchip/xc8/v2.45/avr/bin/../lib/gcc/avr/5.4.0/../../../../avr/lib/avrxmega3\libm.a(fixunssfsi.o)
                              build/default/production/mini-gmp.o (__fixunssfsi)
c:/program files/microchip/xc8/v2.45/avr/bin/../lib/gcc/avr/5.4.0/../../../../avr/lib/avrxmega3\libm.a(floatsisf.o)
                              build/default/production/mini-gmp.o (__floatunsisf)
c:/program files/microchip/xc8/v2.45/avr/bin/../lib/gcc/avr/5.4.0/../../../../avr/lib/avrxmega3\libm.a(fp_cmp.o)
                              c:/program files/microchip/xc8/v2.45/avr/bin/../lib/gcc/avr/5.4.0/../../../../avr/lib/avrxmega3\libm.a(cmpsf2.o) (__fp_cmp)
c:/program files/microchip/xc8/v2.45/avr/bin/../lib/gcc/avr/5.4.0/../../../../avr/lib/avrxmega3\libm.a(fp_inf.o)
                              c:/program files/microchip/xc8/v2.45/avr/bin/../lib/gcc/avr/5.4.0/../../../../avr/lib/avrxmega3\libm.a(addsf3x.o) (__fp_inf)
c:/program files/microchip/xc8/v2.45/avr/bin/../lib/gcc/avr/5.4.0/../../../../avr/lib/avrxmega3\libm.a(fp_nan.o)
                              c:/program files/microchip/xc8/v2.45/avr/bin/../lib/gcc/avr/5.4.0/../../../../avr/lib/avrxmega3\libm.a(addsf3x.o) (__fp_nan)
c:/program files/microchip/xc8/v2.45/avr/bin/../lib/gcc/avr/5.4.0/../../../../avr/lib/avrxmega3\libm.a(fp_pscA.o)
                              c:/program files/microchip/xc8/v2.45/avr/bin/../lib/gcc/avr/5.4.0/../../../../avr/lib/avrxmega3\libm.a(addsf3x.o) (__fp_pscA)
c:/program files/microchip/xc8/v2.45/avr/bin/../lib/gcc/avr/5.4.0/../../../../avr/lib/avrxmega3\libm.a(fp_pscB.o)
                              c:/program files/microchip/xc8/v2.45/avr/bin/../lib/gcc/avr/5.4.0/../../../../avr/lib/avrxmega3\libm.a(addsf3x.o) (__fp_pscB)
c:/program files/microchip/xc8/v2.45/avr/bin/../lib/gcc/avr/5.4.0/../../../../avr/lib/avrxmega3\libm.a(fp_round.o)
                              c:/program files/microchip/xc8/v2.45/avr/bin/../lib/gcc/avr/5.4.0/../../../../avr/lib/avrxmega3\libm.a(addsf3.o) (__fp_round)
c:/program files/microchip/xc8/v2.45/avr/bin/../lib/gcc/avr/5.4.0/../../../../avr/lib/avrxmega3\libm.a(fp_split3.o)
                              c:/program files/microchip/xc8/v2.45/avr/bin/../lib/gcc/avr/5.4.0/../../../../avr/lib/avrxmega3\libm.a(addsf3x.o) (__fp_split3)
c:/program files/microchip/xc8/v2.45/avr/bin/../lib/gcc/avr/5.4.0/../../../../avr/lib/avrxmega3\libm.a(fp_zero.o)
                              c:/program files/microchip/xc8/v2.45/avr/bin/../lib/gcc/avr/5.4.0/../../../../avr/lib/avrxmega3\libm.a(addsf3x.o) (__fp_zero)
c:/program files/microchip/xc8/v2.45/avr/bin/../lib/gcc/avr/5.4.0/../../../../avr/lib/avrxmega3\libm.a(gesf2.o)
                              build/default/production/gps.o (__gesf2)
c:/program files/microchip/xc8/v2.45/avr/bin/../lib/gcc/avr/5.4.0/../../../../avr/lib/avrxmega3\libm.a(mulsf3.o)
                              build/default/production/gps.o (__mulsf3)
c:/program files/microchip/xc8/v2.45/avr/bin/../lib/gcc/avr/5.4.0/../../../../avr/lib/avrxmega3\libm.a(mulsf3x.o)
                              c:/program files/microchip/xc8/v2.45/avr/bin/../lib/gcc/avr/5.4.0/../../../../avr/lib/avrxmega3\libm.a(mulsf3.o) (__mulsf3x)
c:/program files/microchip/xc8/v2.45/avr/bin/../lib/gcc/avr/5.4.0/avrxmega3\libgcc.a(_mulsi3.o)
                              build/default/production/mini-gmp.o (__mulsi3)
c:/program files/microchip/xc8/v2.45/avr/bin/../lib/gcc/avr/5.4.0/avrxmega3\libgcc.a(_udivmodhi4.o)
                              build/default/production/mini-gmp.o (__udivmodhi4)
c:/program files/microchip/xc8/v2.45/avr/bin/../lib/gcc/avr/5.4.0/avrxmega3\libgcc.a(_udivmodsi4.o)
[...]
Memory Configuration

Name             Origin             Length             Attributes
text             0x0000000000000000 0x0000000000008000 xr
data             0x0000000000803000 0x0000000000001000 rw !x
eeprom           0x0000000000810000 0x0000000000000100 rw !x
fuse             0x0000000000820000 0x000000000000000a rw !x
lock             0x0000000000830000 0x0000000000000400 rw !x
signature        0x0000000000840000 0x0000000000000400 rw !x
user_signatures  0x0000000000850000 0x0000000000000400 rw !x
bootrow          0x0000000000860000 0x0000000000000400 rw !x
*default*        0x0000000000000000 0xffffffffffffffff

Linker script and memory map

Address of section .data set to 0x803000
                0x0000000000004000                __RODATA_PM_OFFSET__ = 0x4000
LOAD C:/Program Files/Microchip/MPLABX/v6.15/packs/Microchip/ATmega_DFP/3.0.158/xc8/avr/lib/avrxmega3/crtatmega3208.o
                0x0000000000000001                __MPLAB_BUILD = 0x1
LOAD build/default/production/printf.o
LOAD build/default/production/gps.o
LOAD build/default/production/i2c.o
LOAD build/default/production/mini-gmp.o
START GROUP
LOAD c:/program files/microchip/xc8/v2.45/avr/bin/../lib/gcc/avr/5.4.0/../../../../avr/lib/avrxmega3\libm.a
END GROUP
START GROUP
LOAD c:/program files/microchip/xc8/v2.45/avr/bin/../lib/gcc/avr/5.4.0/avrxmega3\libgcc.a
LOAD c:/program files/microchip/xc8/v2.45/avr/bin/../lib/gcc/avr/5.4.0/../../../../avr/lib/avrxmega3\libm.a
LOAD c:/program files/microchip/xc8/v2.45/avr/bin/../lib/gcc/avr/5.4.0/../../../../avr/lib/avrxmega3\libc.a
LOAD C:/Program Files/Microchip/MPLABX/v6.15/packs/Microchip/ATmega_DFP/3.0.158/xc8/avr/lib/avrxmega3\libatmega3208.a
END GROUP
                [0x0000000000000000]                __TEXT_REGION_ORIGIN__ = DEFINED (__TEXT_REGION_ORIGIN__)?__TEXT_REGION_ORIGIN__:0x0
                [0x0000000000803000]                __DATA_REGION_ORIGIN__ = DEFINED (__DATA_REGION_ORIGIN__)?__DATA_REGION_ORIGIN__:0x802000
                [0x0000000000008000]                __TEXT_REGION_LENGTH__ = DEFINED (__TEXT_REGION_LENGTH__)?__TEXT_REGION_LENGTH__:0x100000
                [0x0000000000001000]                __DATA_REGION_LENGTH__ = DEFINED (__DATA_REGION_LENGTH__)?__DATA_REGION_LENGTH__:0xffa0
                [0x0000000000000100]                __EEPROM_REGION_LENGTH__ = DEFINED (__EEPROM_REGION_LENGTH__)?__EEPROM_REGION_LENGTH__:0x10000
                [0x000000000000000a]                __FUSE_REGION_LENGTH__ = DEFINED (__FUSE_REGION_LENGTH__)?__FUSE_REGION_LENGTH__:0x400
                0x0000000000000400                __LOCK_REGION_LENGTH__ = DEFINED (__LOCK_REGION_LENGTH__)?__LOCK_REGION_LENGTH__:0x400
                0x0000000000000400                __SIGNATURE_REGION_LENGTH__ = DEFINED (__SIGNATURE_REGION_LENGTH__)?__SIGNATURE_REGION_LENGTH__:0x400
                0x0000000000000400                __USER_SIGNATURE_REGION_LENGTH__ = DEFINED (__USER_SIGNATURE_REGION_LENGTH__)?__USER_SIGNATURE_REGION_LENGTH__:0x400
                0x0000000000008000                __RODATA_PM_OFFSET__ = DEFINED (__RODATA_PM_OFFSET__)?__RODATA_PM_OFFSET__:0x8000
                0x0000000000000400                __BOOTROW_REGION_LENGTH__ = DEFINED (__BOOTROW_REGION_LENGTH__)?__BOOTROW_REGION_LENGTH__:0x400

.hash
 *(.hash)

.dynsym
 *(.dynsym)

.dynstr
 *(.dynstr)

.gnu.version
 *(.gnu.version)

.gnu.version_d
 *(.gnu.version_d)

.gnu.version_r
 *(.gnu.version_r)

.rel.init
 *(.rel.init)

.rela.init
 *(.rela.init)

.rel.text
 *(.rel.text)
 *(.rel.text.*)
 *(.rel.gnu.linkonce.t*)

.rela.text
 *(.rela.text)
 *(.rela.text.*)
 *(.rela.gnu.linkonce.t*)

.rel.fini
 *(.rel.fini)

.rela.fini
 *(.rela.fini)

.rel.rodata
 *(.rel.rodata)
 *(.rel.rodata.*)
 *(.rel.gnu.linkonce.r*)

.rela.rodata
 *(.rela.rodata)
 *(.rela.rodata.*)
 *(.rela.gnu.linkonce.r*)

.rel.data
 *(.rel.data)
 *(.rel.data.*)
 *(.rel.gnu.linkonce.d*)

.rela.data
 *(.rela.data)
 *(.rela.data.*)
 *(.rela.gnu.linkonce.d*)

.rel.ctors
 *(.rel.ctors)

.rela.ctors
 *(.rela.ctors)

.rel.dtors
 *(.rel.dtors)

.rela.dtors
 *(.rela.dtors)

.rel.got
 *(.rel.got)

.rela.got
 *(.rela.got)

.rel.bss
 *(.rel.bss)

.rela.bss
 *(.rela.bss)

.rel.plt
 *(.rel.plt)

.rela.plt
 *(.rela.plt)

.text           0x0000000000000000       0xea
 *(.vectors)
 .vectors       0x0000000000000000       0x90 C:/Program Files/Microchip/MPLABX/v6.15/packs/Microchip/ATmega_DFP/3.0.158/xc8/avr/lib/avrxmega3/crtatmega3208.o
                0x0000000000000000                __vector_default
                0x0000000000000000                __vectors
 *(.vectors)
 *(.progmem.gcc*)
 *(.dinit)
 .dinit         0x0000000000000090        0x5 data_init
                0x0000000000000096                . = ALIGN (0x2)
 *fill*         0x0000000000000095        0x1 
                0x0000000000000096                __trampolines_start = .
 *(.trampolines)
 .trampolines   0x0000000000000096        0x0 linker stubs
 *(.trampolines*)
                0x0000000000000096                __trampolines_end = .
 *libprintf_flt.a:*(.progmem.data)
 *libc.a:*(.progmem.data)
                0x0000000000000096                . = ALIGN (0x2)
 *(.jumptables)
 *(.jumptables*)
 *(.lowtext)
 *(.lowtext*)
                0x0000000000000096                __ctors_start = .
 *(.ctors)
                0x0000000000000096                __ctors_end = .
                0x0000000000000096                __dtors_start = .
 *(.dtors)
                0x0000000000000096                __dtors_end = .
 SORT(*)(.ctors)
 SORT(*)(.dtors)
 *(.init0)
 .init0         0x0000000000000096        0x0 C:/Program Files/Microchip/MPLABX/v6.15/packs/Microchip/ATmega_DFP/3.0.158/xc8/avr/lib/avrxmega3/crtatmega3208.o
                0x0000000000000096                __init
 *(.init0)
 *(.init1)
 *(.init1)
 *(.init2)
 .init2         0x0000000000000096        0xc C:/Program Files/Microchip/MPLABX/v6.15/packs/Microchip/ATmega_DFP/3.0.158/xc8/avr/lib/avrxmega3/crtatmega3208.o
 *(.init2)
 *(.init3)
 *(.init3)
 *(.init4)
 .init4         0x00000000000000a2       0x3c c:/program files/microchip/xc8/v2.45/avr/bin/../lib/gcc/avr/5.4.0/avrxmega3\libgcc.a(_copy_data.o)
                0x00000000000000a2                __do_copy_data
                0x00000000000000d0                __do_clear_bss
 *(.init4)
 *(.init5)
 *(.init5)
 *(.init6)
 *(.init6)
 *(.init7)
 *(.init7)
 *(.init8)
 *(.init8)
 *(.init9)
 .init9         0x00000000000000de        0x8 C:/Program Files/Microchip/MPLABX/v6.15/packs/Microchip/ATmega_DFP/3.0.158/xc8/avr/lib/avrxmega3/crtatmega3208.o
 *(.init9)
                0x00000000000000e6                . = ALIGN (0x2)
 *(.fini9)
 .fini9         0x00000000000000e6        0x0 c:/program files/microchip/xc8/v2.45/avr/bin/../lib/gcc/avr/5.4.0/avrxmega3\libgcc.a(_exit.o)
                0x00000000000000e6                _exit
 *(.fini9)
 *(.fini8)
 *(.fini8)
 *(.fini7)
 *(.fini7)
 *(.fini6)
 *(.fini6)
 *(.fini5)
 *(.fini5)
 *(.fini4)
 *(.fini4)
 *(.fini3)
 *(.fini3)
 *(.fini2)
 *(.fini2)
 *(.fini1)
 *(.fini1)
 *(.fini0)
 .fini0         0x00000000000000e6        0x4 c:/program files/microchip/xc8/v2.45/avr/bin/../lib/gcc/avr/5.4.0/avrxmega3\libgcc.a(_exit.o)
 *(.fini0)
                0x00000000000000ea                _etext = .

.data           0x0000000000803000        0x0 load address 0x00000000000000ea
                [!provide]                        PROVIDE (__data_start, .)
 *(.gnu.linkonce.d*)
                0x0000000000803000                . = ALIGN (0x2)
                0x0000000000803000                _edata = .
                [!provide]                        PROVIDE (__data_end, .)

.bss            0x0000000000803000        0x2
                [!provide]                        PROVIDE (__bss_start, .)
 *(COMMON)
 COMMON         0x0000000000803000        0x2 c:/program files/microchip/xc8/v2.45/avr/bin/../lib/gcc/avr/5.4.0/../../../../avr/lib/avrxmega3\libc.a(errno.o)
                0x0000000000803000                __errno_val
                [!provide]                        PROVIDE (__bss_end, .)
                0x00000000000000ea                __data_load_start = LOADADDR (.data)
                0x00000000000000ea                __data_load_end = (__data_load_start + SIZEOF (.data))

.noinit         0x0000000000803002        0x0
                [!provide]                        PROVIDE (__noinit_start, .)
 *(.noinit*)
                [!provide]                        PROVIDE (__noinit_end, .)
                0x0000000000803002                _end = .

.eeprom         0x0000000000810000        0x0
 *(.eeprom*)
                0x0000000000810000                __eeprom_end = .

.fuse
 *(.fuse)
 *(.lfuse)
 *(.hfuse)
 *(.efuse)

.lock
 *(.lock*)

.signature
 *(.signature*)

.user_signatures
 *(.user_signatures*)

.bootrow
 *(.bootrow*)

.stab
 *(.stab)

.stabstr
 *(.stabstr)

.stab.excl
 *(.stab.excl)

.stab.exclstr
 *(.stab.exclstr)

.stab.index
 *(.stab.index)

.stab.indexstr
 *(.stab.indexstr)

.comment        0x0000000000000000       0x5b
 *(.comment)
 .comment       0x0000000000000000       0x2f build/default/production/printf.o
                                         0x30 (size before relaxing)
 .comment       0x000000000000002f       0x30 build/default/production/gps.o
 .comment       0x000000000000002f       0x30 build/default/production/i2c.o
 .comment       0x000000000000002f       0x2c c:/program files/microchip/xc8/v2.45/avr/bin/../lib/gcc/avr/5.4.0/../../../../avr/lib/avrxmega3\libc.a(exit.o)
                                         0x2d (size before relaxing)
 .comment       0x000000000000005b       0x2d c:/program files/microchip/xc8/v2.45/avr/bin/../lib/gcc/avr/5.4.0/../../../../avr/lib/avrxmega3\libc.a(__sio_snprintf_dfoux.o)
 .comment       0x000000000000005b       0x2d c:/program files/microchip/xc8/v2.45/avr/bin/../lib/gcc/avr/5.4.0/../../../../avr/lib/avrxmega3\libc.a(__sio_sscanf_dfnoux.o)
 .comment       0x000000000000005b       0x2d c:/program files/microchip/xc8/v2.45/avr/bin/../lib/gcc/avr/5.4.0/../../../../avr/lib/avrxmega3\libc.a(__int_vsnprintf.o)
 .comment       0x000000000000005b       0x2d c:/program files/microchip/xc8/v2.45/avr/bin/../lib/gcc/avr/5.4.0/../../../../avr/lib/avrxmega3\libc.a(__fmt_fp.o)
 .comment       0x000000000000005b       0x2d c:/program files/microchip/xc8/v2.45/avr/bin/../lib/gcc/avr/5.4.0/../../../../avr/lib/avrxmega3\libc.a(__fmt_s.o)
 .comment       0x000000000000005b       0x2d c:/program files/microchip/xc8/v2.45/avr/bin/../lib/gcc/avr/5.4.0/../../../../avr/lib/avrxmega3\libc.a(__printf_core.o)
 .comment       0x000000000000005b       0x2d c:/program files/microchip/xc8/v2.45/avr/bin/../lib/gcc/avr/5.4.0/../../../../avr/lib/avrxmega3\libc.a(__scan_d.o)
 .comment       0x000000000000005b       0x2d c:/program files/microchip/xc8/v2.45/avr/bin/../lib/gcc/avr/5.4.0/../../../../avr/lib/avrxmega3\libc.a(__scan_fp.o)
 .comment       0x000000000000005b       0x2d c:/program files/microchip/xc8/v2.45/avr/bin/../lib/gcc/avr/5.4.0/../../../../avr/lib/avrxmega3\libc.a(__scan_i.o)
 .comment       0x000000000000005b       0x2d c:/program files/microchip/xc8/v2.45/avr/bin/../lib/gcc/avr/5.4.0/../../../../avr/lib/avrxmega3\libc.a(__scan_o.o)
 .comment       0x000000000000005b       0x2d c:/program files/microchip/xc8/v2.45/avr/bin/../lib/gcc/avr/5.4.0/../../../../avr/lib/avrxmega3\libc.a(__scan_s.o)
 .comment       0x000000000000005b       0x2d c:/program files/microchip/xc8/v2.45/avr/bin/../lib/gcc/avr/5.4.0/../../../../avr/lib/avrxmega3\libc.a(__scan_u.o)
 .comment       0x000000000000005b       0x2d c:/program files/microchip/xc8/v2.45/avr/bin/../lib/gcc/avr/5.4.0/../../../../avr/lib/avrxmega3\libc.a(__scan_x.o)
 .comment       0x000000000000005b       0x2d c:/program files/microchip/xc8/v2.45/avr/bin/../lib/gcc/avr/5.4.0/../../../../avr/lib/avrxmega3\libc.a(__scanf_core.o)
 .comment       0x000000000000005b       0x2d c:/program files/microchip/xc8/v2.45/avr/bin/../lib/gcc/avr/5.4.0/../../../../avr/lib/avrxmega3\libc.a(fgetc.o)
 .comment       0x000000000000005b       0x2d c:/program files/microchip/xc8/v2.45/avr/bin/../lib/gcc/avr/5.4.0/../../../../avr/lib/avrxmega3\libc.a(fputc.o)
 .comment       0x000000000000005b       0x2d c:/program files/microchip/xc8/v2.45/avr/bin/../lib/gcc/avr/5.4.0/../../../../avr/lib/avrxmega3\libc.a(vsnprintf.o)
 .comment       0x000000000000005b       0x2d c:/program files/microchip/xc8/v2.45/avr/bin/../lib/gcc/avr/5.4.0/../../../../avr/lib/avrxmega3\libc.a(__pop_float.o)
 .comment       0x000000000000005b       0x2d c:/program files/microchip/xc8/v2.45/avr/bin/../lib/gcc/avr/5.4.0/../../../../avr/lib/avrxmega3\libc.a(__push_float.o)
 .comment       0x000000000000005b       0x2d c:/program files/microchip/xc8/v2.45/avr/bin/../lib/gcc/avr/5.4.0/../../../../avr/lib/avrxmega3\libc.a(__push_int.o)
 .comment       0x000000000000005b       0x2d c:/program files/microchip/xc8/v2.45/avr/bin/../lib/gcc/avr/5.4.0/../../../../avr/lib/avrxmega3\libc.a(vfprintf.o)
 .comment       0x000000000000005b       0x2d c:/program files/microchip/xc8/v2.45/avr/bin/../lib/gcc/avr/5.4.0/../../../../avr/lib/avrxmega3\libc.a(atoi.o)
 .comment       0x000000000000005b       0x2d c:/program files/microchip/xc8/v2.45/avr/bin/../lib/gcc/avr/5.4.0/../../../../avr/lib/avrxmega3\libc.a(strtof.o)
 .comment       0x000000000000005b       0x2d c:/program files/microchip/xc8/v2.45/avr/bin/../lib/gcc/avr/5.4.0/../../../../avr/lib/avrxmega3\libc.a(strtoll.o)
 .comment       0x000000000000005b       0x2d c:/program files/microchip/xc8/v2.45/avr/bin/../lib/gcc/avr/5.4.0/../../../../avr/lib/avrxmega3\libc.a(strtoull.o)
 .comment       0x000000000000005b       0x2d c:/program files/microchip/xc8/v2.45/avr/bin/../lib/gcc/avr/5.4.0/../../../../avr/lib/avrxmega3\libc.a(memset.o)
 .comment       0x000000000000005b       0x2d c:/program files/microchip/xc8/v2.45/avr/bin/../lib/gcc/avr/5.4.0/../../../../avr/lib/avrxmega3\libc.a(strchr.o)
 .comment       0x000000000000005b       0x2d c:/program files/microchip/xc8/v2.45/avr/bin/../lib/gcc/avr/5.4.0/../../../../avr/lib/avrxmega3\libc.a(strcpy.o)
 .comment       0x000000000000005b       0x2d c:/program files/microchip/xc8/v2.45/avr/bin/../lib/gcc/avr/5.4.0/../../../../avr/lib/avrxmega3\libc.a(strlen.o)
 .comment       0x000000000000005b       0x2d c:/program files/microchip/xc8/v2.45/avr/bin/../lib/gcc/avr/5.4.0/../../../../avr/lib/avrxmega3\libc.a(strncmp.o)
 .comment       0x000000000000005b       0x2d c:/program files/microchip/xc8/v2.45/avr/bin/../lib/gcc/avr/5.4.0/../../../../avr/lib/avrxmega3\libc.a(strncpy.o)
 .comment       0x000000000000005b       0x2d c:/program files/microchip/xc8/v2.45/avr/bin/../lib/gcc/avr/5.4.0/../../../../avr/lib/avrxmega3\libc.a(strstr.o)
 .comment       0x000000000000005b       0x2d c:/program files/microchip/xc8/v2.45/avr/bin/../lib/gcc/avr/5.4.0/../../../../avr/lib/avrxmega3\libc.a(strtok.o)
 .comment       0x000000000000005b       0x2d c:/program files/microchip/xc8/v2.45/avr/bin/../lib/gcc/avr/5.4.0/../../../../avr/lib/avrxmega3\libc.a(isxdigit.o)
 .comment       0x000000000000005b       0x2d c:/program files/microchip/xc8/v2.45/avr/bin/../lib/gcc/avr/5.4.0/../../../../avr/lib/avrxmega3\libc.a(tolower.o)
 .comment       0x000000000000005b       0x2d c:/program files/microchip/xc8/v2.45/avr/bin/../lib/gcc/avr/5.4.0/../../../../avr/lib/avrxmega3\libc.a(toupper.o)
 .comment       0x000000000000005b       0x2d c:/program files/microchip/xc8/v2.45/avr/bin/../lib/gcc/avr/5.4.0/../../../../avr/lib/avrxmega3\libc.a(errno.o)
 .comment       0x000000000000005b       0x2d c:/program files/microchip/xc8/v2.45/avr/bin/../lib/gcc/avr/5.4.0/../../../../avr/lib/avrxmega3\libc.a(_Exit.o)
 .comment       0x000000000000005b       0x2d c:/program files/microchip/xc8/v2.45/avr/bin/../lib/gcc/avr/5.4.0/../../../../avr/lib/avrxmega3\libc.a(__int_vfprintf.o)
 .comment       0x000000000000005b       0x2d c:/program files/microchip/xc8/v2.45/avr/bin/../lib/gcc/avr/5.4.0/../../../../avr/lib/avrxmega3\libc.a(__int_vfscanf.o)
 .comment       0x000000000000005b       0x2d c:/program files/microchip/xc8/v2.45/avr/bin/../lib/gcc/avr/5.4.0/../../../../avr/lib/avrxmega3\libc.a(__fmt_a.o)
 .comment       0x000000000000005b       0x2d c:/program files/microchip/xc8/v2.45/avr/bin/../lib/gcc/avr/5.4.0/../../../../avr/lib/avrxmega3\libc.a(__strtoxll.o)
 .comment       0x000000000000005b       0x2d c:/program files/microchip/xc8/v2.45/avr/bin/../lib/gcc/avr/5.4.0/../../../../avr/lib/avrxmega3\libc.a(strcspn.o)
 .comment       0x000000000000005b       0x2d c:/program files/microchip/xc8/v2.45/avr/bin/../lib/gcc/avr/5.4.0/../../../../avr/lib/avrxmega3\libc.a(strspn.o)
 .comment       0x000000000000005b       0x2d c:/program files/microchip/xc8/v2.45/avr/bin/../lib/gcc/avr/5.4.0/../../../../avr/lib/avrxmega3\libc.a(__printf_64bit_arg_support.o)
 .comment       0x000000000000005b       0x2d c:/program files/microchip/xc8/v2.45/avr/bin/../lib/gcc/avr/5.4.0/../../../../avr/lib/avrxmega3\libc.a(isalnum.o)
 .comment       0x000000000000005b       0x2d c:/program files/microchip/xc8/v2.45/avr/bin/../lib/gcc/avr/5.4.0/../../../../avr/lib/avrxmega3\libm.a(floorf.o)

.stack.descriptors.hdr
                0x0000000000000000      0x46e
 .stack.descriptors.hdr
                0x0000000000000000        0xe c:/program files/microchip/xc8/v2.45/avr/bin/../lib/gcc/avr/5.4.0/../../../../avr/lib/avrxmega3\libm.a(addsf3.o)
 .stack.descriptors.hdr
                0x000000000000000e        0xe c:/program files/microchip/xc8/v2.45/avr/bin/../lib/gcc/avr/5.4.0/../../../../avr/lib/avrxmega3\libm.a(addsf3x.o)
 .stack.descriptors.hdr
                0x000000000000001c        0xe c:/program files/microchip/xc8/v2.45/avr/bin/../lib/gcc/avr/5.4.0/../../../../avr/lib/avrxmega3\libm.a(cmpsf2.o)
 .stack.descriptors.hdr
                0x000000000000002a        0xe c:/program files/microchip/xc8/v2.45/avr/bin/../lib/gcc/avr/5.4.0/../../../../avr/lib/avrxmega3\libm.a(divsf3.o)
 .stack.descriptors.hdr
                0x0000000000000038        0xe c:/program files/microchip/xc8/v2.45/avr/bin/../lib/gcc/avr/5.4.0/../../../../avr/lib/avrxmega3\libm.a(divsf3x.o)
 .stack.descriptors.hdr
                0x0000000000000046        0xe c:/program files/microchip/xc8/v2.45/avr/bin/../lib/gcc/avr/5.4.0/../../../../avr/lib/avrxmega3\libm.a(fixsfsi.o)
 .stack.descriptors.hdr
                0x0000000000000054        0xe c:/program files/microchip/xc8/v2.45/avr/bin/../lib/gcc/avr/5.4.0/../../../../avr/lib/avrxmega3\libm.a(fixunssfsi.o)
 .stack.descriptors.hdr
                0x0000000000000062        0xe c:/program files/microchip/xc8/v2.45/avr/bin/../lib/gcc/avr/5.4.0/../../../../avr/lib/avrxmega3\libm.a(floatsisf.o)
 .stack.descriptors.hdr
                0x0000000000000070        0xe c:/program files/microchip/xc8/v2.45/avr/bin/../lib/gcc/avr/5.4.0/../../../../avr/lib/avrxmega3\libm.a(fp_cmp.o)
 .stack.descriptors.hdr
                0x000000000000007e        0xe c:/program files/microchip/xc8/v2.45/avr/bin/../lib/gcc/avr/5.4.0/../../../../avr/lib/avrxmega3\libm.a(fp_inf.o)
 .stack.descriptors.hdr
                0x000000000000008c        0xe c:/program files/microchip/xc8/v2.45/avr/bin/../lib/gcc/avr/5.4.0/../../../../avr/lib/avrxmega3\libm.a(fp_nan.o)
 .stack.descriptors.hdr
                0x000000000000009a        0xe c:/program files/microchip/xc8/v2.45/avr/bin/../lib/gcc/avr/5.4.0/../../../../avr/lib/avrxmega3\libm.a(fp_pscA.o)
 .stack.descriptors.hdr
                0x00000000000000a8        0xe c:/program files/microchip/xc8/v2.45/avr/bin/../lib/gcc/avr/5.4.0/../../../../avr/lib/avrxmega3\libm.a(fp_pscB.o)
 .stack.descriptors.hdr
                0x00000000000000b6        0xe c:/program files/microchip/xc8/v2.45/avr/bin/../lib/gcc/avr/5.4.0/../../../../avr/lib/avrxmega3\libm.a(fp_round.o)
 .stack.descriptors.hdr
                0x00000000000000c4        0xe c:/program files/microchip/xc8/v2.45/avr/bin/../lib/gcc/avr/5.4.0/../../../../avr/lib/avrxmega3\libm.a(fp_split3.o)
 .stack.descriptors.hdr
                0x00000000000000d2        0xe c:/program files/microchip/xc8/v2.45/avr/bin/../lib/gcc/avr/5.4.0/../../../../avr/lib/avrxmega3\libm.a(fp_zero.o)
 .stack.descriptors.hdr
                0x00000000000000e0        0xe c:/program files/microchip/xc8/v2.45/avr/bin/../lib/gcc/avr/5.4.0/../../../../avr/lib/avrxmega3\libm.a(gesf2.o)
 .stack.descriptors.hdr
                0x00000000000000ee        0xe c:/program files/microchip/xc8/v2.45/avr/bin/../lib/gcc/avr/5.4.0/../../../../avr/lib/avrxmega3\libm.a(mulsf3.o)
 .stack.descriptors.hdr
                0x00000000000000fc        0xe c:/program files/microchip/xc8/v2.45/avr/bin/../lib/gcc/avr/5.4.0/../../../../avr/lib/avrxmega3\libm.a(mulsf3x.o)
 .stack.descriptors.hdr
                0x000000000000010a        0xe c:/program files/microchip/xc8/v2.45/avr/bin/../lib/gcc/avr/5.4.0/avrxmega3\libgcc.a(_udivmodhi4.o)
 .stack.descriptors.hdr
                0x0000000000000118        0xe c:/program files/microchip/xc8/v2.45/avr/bin/../lib/gcc/avr/5.4.0/avrxmega3\libgcc.a(_muluhisi3.o)
 .stack.descriptors.hdr
                0x0000000000000126        0xe c:/program files/microchip/xc8/v2.45/avr/bin/../lib/gcc/avr/5.4.0/avrxmega3\libgcc.a(_ashrdi3.o)
 .stack.descriptors.hdr
                0x0000000000000134        0xe c:/program files/microchip/xc8/v2.45/avr/bin/../lib/gcc/avr/5.4.0/avrxmega3\libgcc.a(_umulhisi3.o)
 .stack.descriptors.hdr
                0x0000000000000142        0xe c:/program files/microchip/xc8/v2.45/avr/bin/../lib/gcc/avr/5.4.0/avrxmega3\libgcc.a(_muldi3_6.o)
 .stack.descriptors.hdr
                0x0000000000000150        0xe c:/program files/microchip/xc8/v2.45/avr/bin/../lib/gcc/avr/5.4.0/../../../../avr/lib/avrxmega3\libc.a(exit.o)
 .stack.descriptors.hdr
                0x000000000000015e        0xe c:/program files/microchip/xc8/v2.45/avr/bin/../lib/gcc/avr/5.4.0/../../../../avr/lib/avrxmega3\libc.a(__sio_snprintf_dfoux.o)
 .stack.descriptors.hdr
                0x000000000000016c        0xe c:/program files/microchip/xc8/v2.45/avr/bin/../lib/gcc/avr/5.4.0/../../../../avr/lib/avrxmega3\libc.a(__sio_sscanf_dfnoux.o)
 .stack.descriptors.hdr
                0x000000000000017a        0xe c:/program files/microchip/xc8/v2.45/avr/bin/../lib/gcc/avr/5.4.0/../../../../avr/lib/avrxmega3\libc.a(__int_vsnprintf.o)
 .stack.descriptors.hdr
                0x0000000000000188        0xe c:/program files/microchip/xc8/v2.45/avr/bin/../lib/gcc/avr/5.4.0/../../../../avr/lib/avrxmega3\libc.a(__fmt_fp.o)
 .stack.descriptors.hdr
                0x0000000000000196        0xe c:/program files/microchip/xc8/v2.45/avr/bin/../lib/gcc/avr/5.4.0/../../../../avr/lib/avrxmega3\libc.a(__fmt_s.o)
 .stack.descriptors.hdr
                0x00000000000001a4        0xe c:/program files/microchip/xc8/v2.45/avr/bin/../lib/gcc/avr/5.4.0/../../../../avr/lib/avrxmega3\libc.a(__printf_core.o)
 .stack.descriptors.hdr
                0x00000000000001b2        0xe c:/program files/microchip/xc8/v2.45/avr/bin/../lib/gcc/avr/5.4.0/../../../../avr/lib/avrxmega3\libc.a(__scan_d.o)
 .stack.descriptors.hdr
                0x00000000000001c0        0xe c:/program files/microchip/xc8/v2.45/avr/bin/../lib/gcc/avr/5.4.0/../../../../avr/lib/avrxmega3\libc.a(__scan_fp.o)
 .stack.descriptors.hdr
                0x00000000000001ce        0xe c:/program files/microchip/xc8/v2.45/avr/bin/../lib/gcc/avr/5.4.0/../../../../avr/lib/avrxmega3\libc.a(__scan_i.o)
 .stack.descriptors.hdr
                0x00000000000001dc        0xe c:/program files/microchip/xc8/v2.45/avr/bin/../lib/gcc/avr/5.4.0/../../../../avr/lib/avrxmega3\libc.a(__scan_o.o)
 .stack.descriptors.hdr
                0x00000000000001ea        0xe c:/program files/microchip/xc8/v2.45/avr/bin/../lib/gcc/avr/5.4.0/../../../../avr/lib/avrxmega3\libc.a(__scan_s.o)
 .stack.descriptors.hdr
                0x00000000000001f8        0xe c:/program files/microchip/xc8/v2.45/avr/bin/../lib/gcc/avr/5.4.0/../../../../avr/lib/avrxmega3\libc.a(__scan_u.o)
 .stack.descriptors.hdr
                0x0000000000000206        0xe c:/program files/microchip/xc8/v2.45/avr/bin/../lib/gcc/avr/5.4.0/../../../../avr/lib/avrxmega3\libc.a(__scan_x.o)
 .stack.descriptors.hdr
                0x0000000000000214        0xe c:/program files/microchip/xc8/v2.45/avr/bin/../lib/gcc/avr/5.4.0/../../../../avr/lib/avrxmega3\libc.a(__scanf_core.o)
 .stack.descriptors.hdr
                0x0000000000000222        0xe c:/program files/microchip/xc8/v2.45/avr/bin/../lib/gcc/avr/5.4.0/../../../../avr/lib/avrxmega3\libc.a(fgetc.o)
 .stack.descriptors.hdr
                0x0000000000000230        0xe c:/program files/microchip/xc8/v2.45/avr/bin/../lib/gcc/avr/5.4.0/../../../../avr/lib/avrxmega3\libc.a(fputc.o)
 .stack.descriptors.hdr
                0x000000000000023e        0xe c:/program files/microchip/xc8/v2.45/avr/bin/../lib/gcc/avr/5.4.0/../../../../avr/lib/avrxmega3\libc.a(vsnprintf.o)
 .stack.descriptors.hdr
                0x000000000000024c        0xe c:/program files/microchip/xc8/v2.45/avr/bin/../lib/gcc/avr/5.4.0/../../../../avr/lib/avrxmega3\libc.a(__pop_float.o)
 .stack.descriptors.hdr
                0x000000000000025a        0xe c:/program files/microchip/xc8/v2.45/avr/bin/../lib/gcc/avr/5.4.0/../../../../avr/lib/avrxmega3\libc.a(__push_float.o)
 .stack.descriptors.hdr
                0x0000000000000268        0xe c:/program files/microchip/xc8/v2.45/avr/bin/../lib/gcc/avr/5.4.0/../../../../avr/lib/avrxmega3\libc.a(__push_int.o)
 .stack.descriptors.hdr
                0x0000000000000276        0xe c:/program files/microchip/xc8/v2.45/avr/bin/../lib/gcc/avr/5.4.0/../../../../avr/lib/avrxmega3\libc.a(vfprintf.o)
 .stack.descriptors.hdr
                0x0000000000000284        0xe c:/program files/microchip/xc8/v2.45/avr/bin/../lib/gcc/avr/5.4.0/../../../../avr/lib/avrxmega3\libc.a(atoi.o)
 .stack.descriptors.hdr
                0x0000000000000292        0xe c:/program files/microchip/xc8/v2.45/avr/bin/../lib/gcc/avr/5.4.0/../../../../avr/lib/avrxmega3\libc.a(strtof.o)
 .stack.descriptors.hdr
                0x00000000000002a0        0xe c:/program files/microchip/xc8/v2.45/avr/bin/../lib/gcc/avr/5.4.0/../../../../avr/lib/avrxmega3\libc.a(strtoll.o)
 .stack.descriptors.hdr
                0x00000000000002ae        0xe c:/program files/microchip/xc8/v2.45/avr/bin/../lib/gcc/avr/5.4.0/../../../../avr/lib/avrxmega3\libc.a(strtoull.o)
 .stack.descriptors.hdr
                0x00000000000002bc        0xe c:/program files/microchip/xc8/v2.45/avr/bin/../lib/gcc/avr/5.4.0/../../../../avr/lib/avrxmega3\libc.a(memset.o)
 .stack.descriptors.hdr
                0x00000000000002ca        0xe c:/program files/microchip/xc8/v2.45/avr/bin/../lib/gcc/avr/5.4.0/../../../../avr/lib/avrxmega3\libc.a(strchr.o)
 .stack.descriptors.hdr
                0x00000000000002d8        0xe c:/program files/microchip/xc8/v2.45/avr/bin/../lib/gcc/avr/5.4.0/../../../../avr/lib/avrxmega3\libc.a(strcpy.o)
 .stack.descriptors.hdr
                0x00000000000002e6        0xe c:/program files/microchip/xc8/v2.45/avr/bin/../lib/gcc/avr/5.4.0/../../../../avr/lib/avrxmega3\libc.a(strlen.o)
 .stack.descriptors.hdr
                0x00000000000002f4        0xe c:/program files/microchip/xc8/v2.45/avr/bin/../lib/gcc/avr/5.4.0/../../../../avr/lib/avrxmega3\libc.a(strncmp.o)
 .stack.descriptors.hdr
                0x0000000000000302        0xe c:/program files/microchip/xc8/v2.45/avr/bin/../lib/gcc/avr/5.4.0/../../../../avr/lib/avrxmega3\libc.a(strncpy.o)
 .stack.descriptors.hdr
                0x0000000000000310        0xe c:/program files/microchip/xc8/v2.45/avr/bin/../lib/gcc/avr/5.4.0/../../../../avr/lib/avrxmega3\libc.a(strstr.o)
 .stack.descriptors.hdr
                0x000000000000031e        0xe c:/program files/microchip/xc8/v2.45/avr/bin/../lib/gcc/avr/5.4.0/../../../../avr/lib/avrxmega3\libc.a(strtok.o)
 .stack.descriptors.hdr
                0x000000000000032c        0xe c:/program files/microchip/xc8/v2.45/avr/bin/../lib/gcc/avr/5.4.0/../../../../avr/lib/avrxmega3\libc.a(isxdigit.o)
 .stack.descriptors.hdr
                0x000000000000033a        0xe c:/program files/microchip/xc8/v2.45/avr/bin/../lib/gcc/avr/5.4.0/../../../../avr/lib/avrxmega3\libc.a(tolower.o)
 .stack.descriptors.hdr
                0x0000000000000348        0xe c:/program files/microchip/xc8/v2.45/avr/bin/../lib/gcc/avr/5.4.0/../../../../avr/lib/avrxmega3\libc.a(toupper.o)
 .stack.descriptors.hdr
                0x0000000000000356        0xe c:/program files/microchip/xc8/v2.45/avr/bin/../lib/gcc/avr/5.4.0/../../../../avr/lib/avrxmega3\libc.a(errno.o)
 .stack.descriptors.hdr
                0x0000000000000364        0xe c:/program files/microchip/xc8/v2.45/avr/bin/../lib/gcc/avr/5.4.0/../../../../avr/lib/avrxmega3\libc.a(_Exit.o)
 .stack.descriptors.hdr
                0x0000000000000372        0xe c:/program files/microchip/xc8/v2.45/avr/bin/../lib/gcc/avr/5.4.0/../../../../avr/lib/avrxmega3\libc.a(__int_vfprintf.o)
 .stack.descriptors.hdr
                0x0000000000000380        0xe c:/program files/microchip/xc8/v2.45/avr/bin/../lib/gcc/avr/5.4.0/../../../../avr/lib/avrxmega3\libc.a(__int_vfscanf.o)
 .stack.descriptors.hdr
                0x000000000000038e        0xe c:/program files/microchip/xc8/v2.45/avr/bin/../lib/gcc/avr/5.4.0/../../../../avr/lib/avrxmega3\libc.a(__fmt_a.o)
 .stack.descriptors.hdr
                0x000000000000039c        0xe c:/program files/microchip/xc8/v2.45/avr/bin/../lib/gcc/avr/5.4.0/../../../../avr/lib/avrxmega3\libc.a(__strtoxll.o)
 .stack.descriptors.hdr
                0x00000000000003aa        0xe c:/program files/microchip/xc8/v2.45/avr/bin/../lib/gcc/avr/5.4.0/../../../../avr/lib/avrxmega3\libc.a(strcspn.o)
 .stack.descriptors.hdr
                0x00000000000003b8        0xe c:/program files/microchip/xc8/v2.45/avr/bin/../lib/gcc/avr/5.4.0/../../../../avr/lib/avrxmega3\libc.a(strspn.o)
 .stack.descriptors.hdr
                0x00000000000003c6        0xe c:/program files/microchip/xc8/v2.45/avr/bin/../lib/gcc/avr/5.4.0/../../../../avr/lib/avrxmega3\libc.a(__printf_64bit_arg_support.o)
 .stack.descriptors.hdr
                0x00000000000003d4        0xe c:/program files/microchip/xc8/v2.45/avr/bin/../lib/gcc/avr/5.4.0/../../../../avr/lib/avrxmega3\libc.a(isalnum.o)
 .stack.descriptors.hdr
                0x00000000000003e2        0xe c:/program files/microchip/xc8/v2.45/avr/bin/../lib/gcc/avr/5.4.0/avrxmega3\libgcc.a(_divmodhi4.o)
 .stack.descriptors.hdr
                0x00000000000003f0        0xe c:/program files/microchip/xc8/v2.45/avr/bin/../lib/gcc/avr/5.4.0/avrxmega3\libgcc.a(_exit.o)
 .stack.descriptors.hdr
                0x00000000000003fe        0xe c:/program files/microchip/xc8/v2.45/avr/bin/../lib/gcc/avr/5.4.0/avrxmega3\libgcc.a(_muldi3.o)
 .stack.descriptors.hdr
                0x000000000000040c        0xe c:/program files/microchip/xc8/v2.45/avr/bin/../lib/gcc/avr/5.4.0/avrxmega3\libgcc.a(_udivdi3.o)
 .stack.descriptors.hdr
                0x000000000000041a        0xe c:/program files/microchip/xc8/v2.45/avr/bin/../lib/gcc/avr/5.4.0/avrxmega3\libgcc.a(_udivmod64.o)
 .stack.descriptors.hdr
                0x0000000000000428        0xe c:/program files/microchip/xc8/v2.45/avr/bin/../lib/gcc/avr/5.4.0/avrxmega3\libgcc.a(_negdi2.o)
 .stack.descriptors.hdr
                0x0000000000000436        0xe c:/program files/microchip/xc8/v2.45/avr/bin/../lib/gcc/avr/5.4.0/avrxmega3\libgcc.a(_adddi3.o)
 .stack.descriptors.hdr
                0x0000000000000444        0xe c:/program files/microchip/xc8/v2.45/avr/bin/../lib/gcc/avr/5.4.0/avrxmega3\libgcc.a(_cmpdi2.o)
 .stack.descriptors.hdr
                0x0000000000000452        0xe c:/program files/microchip/xc8/v2.45/avr/bin/../lib/gcc/avr/5.4.0/avrxmega3\libgcc.a(_cmpdi2_s8.o)
 .stack.descriptors.hdr
                0x0000000000000460        0xe c:/program files/microchip/xc8/v2.45/avr/bin/../lib/gcc/avr/5.4.0/../../../../avr/lib/avrxmega3\libm.a(floorf.o)

.note.GNU-stack
                0x0000000000000000        0x0
 .note.GNU-stack
                0x0000000000000000        0x0 c:/program files/microchip/xc8/v2.45/avr/bin/../lib/gcc/avr/5.4.0/../../../../avr/lib/avrxmega3\libm.a(addsf3.o)
 .note.GNU-stack
                0x0000000000000000        0x0 c:/program files/microchip/xc8/v2.45/avr/bin/../lib/gcc/avr/5.4.0/../../../../avr/lib/avrxmega3\libm.a(addsf3x.o)
 .note.GNU-stack
                0x0000000000000000        0x0 c:/program files/microchip/xc8/v2.45/avr/bin/../lib/gcc/avr/5.4.0/../../../../avr/lib/avrxmega3\libm.a(cmpsf2.o)
 .note.GNU-stack
                0x0000000000000000        0x0 c:/program files/microchip/xc8/v2.45/avr/bin/../lib/gcc/avr/5.4.0/../../../../avr/lib/avrxmega3\libm.a(divsf3.o)
 .note.GNU-stack
                0x0000000000000000        0x0 c:/program files/microchip/xc8/v2.45/avr/bin/../lib/gcc/avr/5.4.0/../../../../avr/lib/avrxmega3\libm.a(divsf3x.o)
 .note.GNU-stack
                0x0000000000000000        0x0 c:/program files/microchip/xc8/v2.45/avr/bin/../lib/gcc/avr/5.4.0/../../../../avr/lib/avrxmega3\libm.a(fixsfsi.o)
 .note.GNU-stack
                0x0000000000000000        0x0 c:/program files/microchip/xc8/v2.45/avr/bin/../lib/gcc/avr/5.4.0/../../../../avr/lib/avrxmega3\libm.a(fixunssfsi.o)
 .note.GNU-stack
                0x0000000000000000        0x0 c:/program files/microchip/xc8/v2.45/avr/bin/../lib/gcc/avr/5.4.0/../../../../avr/lib/avrxmega3\libm.a(floatsisf.o)
 .note.GNU-stack
                0x0000000000000000        0x0 c:/program files/microchip/xc8/v2.45/avr/bin/../lib/gcc/avr/5.4.0/../../../../avr/lib/avrxmega3\libm.a(fp_cmp.o)
 .note.GNU-stack
                0x0000000000000000        0x0 c:/program files/microchip/xc8/v2.45/avr/bin/../lib/gcc/avr/5.4.0/../../../../avr/lib/avrxmega3\libm.a(fp_inf.o)
 .note.GNU-stack
                0x0000000000000000        0x0 c:/program files/microchip/xc8/v2.45/avr/bin/../lib/gcc/avr/5.4.0/../../../../avr/lib/avrxmega3\libm.a(fp_nan.o)
 .note.GNU-stack
                0x0000000000000000        0x0 c:/program files/microchip/xc8/v2.45/avr/bin/../lib/gcc/avr/5.4.0/../../../../avr/lib/avrxmega3\libm.a(fp_pscA.o)
 .note.GNU-stack
                0x0000000000000000        0x0 c:/program files/microchip/xc8/v2.45/avr/bin/../lib/gcc/avr/5.4.0/../../../../avr/lib/avrxmega3\libm.a(fp_pscB.o)
 .note.GNU-stack
                0x0000000000000000        0x0 c:/program files/microchip/xc8/v2.45/avr/bin/../lib/gcc/avr/5.4.0/../../../../avr/lib/avrxmega3\libm.a(fp_round.o)
 .note.GNU-stack
                0x0000000000000000        0x0 c:/program files/microchip/xc8/v2.45/avr/bin/../lib/gcc/avr/5.4.0/../../../../avr/lib/avrxmega3\libm.a(fp_split3.o)
 .note.GNU-stack
                0x0000000000000000        0x0 c:/program files/microchip/xc8/v2.45/avr/bin/../lib/gcc/avr/5.4.0/../../../../avr/lib/avrxmega3\libm.a(fp_zero.o)
 .note.GNU-stack
                0x0000000000000000        0x0 c:/program files/microchip/xc8/v2.45/avr/bin/../lib/gcc/avr/5.4.0/../../../../avr/lib/avrxmega3\libm.a(gesf2.o)
 .note.GNU-stack
                0x0000000000000000        0x0 c:/program files/microchip/xc8/v2.45/avr/bin/../lib/gcc/avr/5.4.0/../../../../avr/lib/avrxmega3\libm.a(mulsf3.o)
 .note.GNU-stack
                0x0000000000000000        0x0 c:/program files/microchip/xc8/v2.45/avr/bin/../lib/gcc/avr/5.4.0/../../../../avr/lib/avrxmega3\libm.a(mulsf3x.o)
 .note.GNU-stack
                0x0000000000000000        0x0 c:/program files/microchip/xc8/v2.45/avr/bin/../lib/gcc/avr/5.4.0/../../../../avr/lib/avrxmega3\libc.a(exit.o)
 .note.GNU-stack
                0x0000000000000000        0x0 c:/program files/microchip/xc8/v2.45/avr/bin/../lib/gcc/avr/5.4.0/../../../../avr/lib/avrxmega3\libc.a(__sio_snprintf_dfoux.o)
 .note.GNU-stack
                0x0000000000000000        0x0 c:/program files/microchip/xc8/v2.45/avr/bin/../lib/gcc/avr/5.4.0/../../../../avr/lib/avrxmega3\libc.a(__sio_sscanf_dfnoux.o)
 .note.GNU-stack
                0x0000000000000000        0x0 c:/program files/microchip/xc8/v2.45/avr/bin/../lib/gcc/avr/5.4.0/../../../../avr/lib/avrxmega3\libc.a(__int_vsnprintf.o)
 .note.GNU-stack
                0x0000000000000000        0x0 c:/program files/microchip/xc8/v2.45/avr/bin/../lib/gcc/avr/5.4.0/../../../../avr/lib/avrxmega3\libc.a(__fmt_fp.o)
 .note.GNU-stack
                0x0000000000000000        0x0 c:/program files/microchip/xc8/v2.45/avr/bin/../lib/gcc/avr/5.4.0/../../../../avr/lib/avrxmega3\libc.a(__fmt_s.o)
 .note.GNU-stack
                0x0000000000000000        0x0 c:/program files/microchip/xc8/v2.45/avr/bin/../lib/gcc/avr/5.4.0/../../../../avr/lib/avrxmega3\libc.a(__printf_core.o)
 .note.GNU-stack
                0x0000000000000000        0x0 c:/program files/microchip/xc8/v2.45/avr/bin/../lib/gcc/avr/5.4.0/../../../../avr/lib/avrxmega3\libc.a(__scan_d.o)
 .note.GNU-stack
                0x0000000000000000        0x0 c:/program files/microchip/xc8/v2.45/avr/bin/../lib/gcc/avr/5.4.0/../../../../avr/lib/avrxmega3\libc.a(__scan_fp.o)
 .note.GNU-stack
                0x0000000000000000        0x0 c:/program files/microchip/xc8/v2.45/avr/bin/../lib/gcc/avr/5.4.0/../../../../avr/lib/avrxmega3\libc.a(__scan_i.o)
 .note.GNU-stack
                0x0000000000000000        0x0 c:/program files/microchip/xc8/v2.45/avr/bin/../lib/gcc/avr/5.4.0/../../../../avr/lib/avrxmega3\libc.a(__scan_o.o)
 .note.GNU-stack
                0x0000000000000000        0x0 c:/program files/microchip/xc8/v2.45/avr/bin/../lib/gcc/avr/5.4.0/../../../../avr/lib/avrxmega3\libc.a(__scan_s.o)
 .note.GNU-stack
                0x0000000000000000        0x0 c:/program files/microchip/xc8/v2.45/avr/bin/../lib/gcc/avr/5.4.0/../../../../avr/lib/avrxmega3\libc.a(__scan_u.o)
 .note.GNU-stack
                0x0000000000000000        0x0 c:/program files/microchip/xc8/v2.45/avr/bin/../lib/gcc/avr/5.4.0/../../../../avr/lib/avrxmega3\libc.a(__scan_x.o)
 .note.GNU-stack
                0x0000000000000000        0x0 c:/program files/microchip/xc8/v2.45/avr/bin/../lib/gcc/avr/5.4.0/../../../../avr/lib/avrxmega3\libc.a(__scanf_core.o)
 .note.GNU-stack
                0x0000000000000000        0x0 c:/program files/microchip/xc8/v2.45/avr/bin/../lib/gcc/avr/5.4.0/../../../../avr/lib/avrxmega3\libc.a(fgetc.o)
 .note.GNU-stack
                0x0000000000000000        0x0 c:/program files/microchip/xc8/v2.45/avr/bin/../lib/gcc/avr/5.4.0/../../../../avr/lib/avrxmega3\libc.a(fputc.o)
 .note.GNU-stack
                0x0000000000000000        0x0 c:/program files/microchip/xc8/v2.45/avr/bin/../lib/gcc/avr/5.4.0/../../../../avr/lib/avrxmega3\libc.a(vsnprintf.o)
 .note.GNU-stack
                0x0000000000000000        0x0 c:/program files/microchip/xc8/v2.45/avr/bin/../lib/gcc/avr/5.4.0/../../../../avr/lib/avrxmega3\libc.a(__pop_float.o)
 .note.GNU-stack
                0x0000000000000000        0x0 c:/program files/microchip/xc8/v2.45/avr/bin/../lib/gcc/avr/5.4.0/../../../../avr/lib/avrxmega3\libc.a(__push_float.o)
 .note.GNU-stack
                0x0000000000000000        0x0 c:/program files/microchip/xc8/v2.45/avr/bin/../lib/gcc/avr/5.4.0/../../../../avr/lib/avrxmega3\libc.a(__push_int.o)
 .note.GNU-stack
                0x0000000000000000        0x0 c:/program files/microchip/xc8/v2.45/avr/bin/../lib/gcc/avr/5.4.0/../../../../avr/lib/avrxmega3\libc.a(vfprintf.o)
 .note.GNU-stack
                0x0000000000000000        0x0 c:/program files/microchip/xc8/v2.45/avr/bin/../lib/gcc/avr/5.4.0/../../../../avr/lib/avrxmega3\libc.a(atoi.o)
 .note.GNU-stack
                0x0000000000000000        0x0 c:/program files/microchip/xc8/v2.45/avr/bin/../lib/gcc/avr/5.4.0/../../../../avr/lib/avrxmega3\libc.a(strtof.o)
 .note.GNU-stack
                0x0000000000000000        0x0 c:/program files/microchip/xc8/v2.45/avr/bin/../lib/gcc/avr/5.4.0/../../../../avr/lib/avrxmega3\libc.a(strtoll.o)
 .note.GNU-stack
                0x0000000000000000        0x0 c:/program files/microchip/xc8/v2.45/avr/bin/../lib/gcc/avr/5.4.0/../../../../avr/lib/avrxmega3\libc.a(strtoull.o)
 .note.GNU-stack
                0x0000000000000000        0x0 c:/program files/microchip/xc8/v2.45/avr/bin/../lib/gcc/avr/5.4.0/../../../../avr/lib/avrxmega3\libc.a(memset.o)
 .note.GNU-stack
                0x0000000000000000        0x0 c:/program files/microchip/xc8/v2.45/avr/bin/../lib/gcc/avr/5.4.0/../../../../avr/lib/avrxmega3\libc.a(strchr.o)
 .note.GNU-stack
                0x0000000000000000        0x0 c:/program files/microchip/xc8/v2.45/avr/bin/../lib/gcc/avr/5.4.0/../../../../avr/lib/avrxmega3\libc.a(strcpy.o)
 .note.GNU-stack
                0x0000000000000000        0x0 c:/program files/microchip/xc8/v2.45/avr/bin/../lib/gcc/avr/5.4.0/../../../../avr/lib/avrxmega3\libc.a(strlen.o)
 .note.GNU-stack
                0x0000000000000000        0x0 c:/program files/microchip/xc8/v2.45/avr/bin/../lib/gcc/avr/5.4.0/../../../../avr/lib/avrxmega3\libc.a(strncmp.o)
 .note.GNU-stack
                0x0000000000000000        0x0 c:/program files/microchip/xc8/v2.45/avr/bin/../lib/gcc/avr/5.4.0/../../../../avr/lib/avrxmega3\libc.a(strncpy.o)
 .note.GNU-stack
                0x0000000000000000        0x0 c:/program files/microchip/xc8/v2.45/avr/bin/../lib/gcc/avr/5.4.0/../../../../avr/lib/avrxmega3\libc.a(strstr.o)
 .note.GNU-stack
                0x0000000000000000        0x0 c:/program files/microchip/xc8/v2.45/avr/bin/../lib/gcc/avr/5.4.0/../../../../avr/lib/avrxmega3\libc.a(strtok.o)
 .note.GNU-stack
                0x0000000000000000        0x0 c:/program files/microchip/xc8/v2.45/avr/bin/../lib/gcc/avr/5.4.0/../../../../avr/lib/avrxmega3\libc.a(isxdigit.o)
 .note.GNU-stack
                0x0000000000000000        0x0 c:/program files/microchip/xc8/v2.45/avr/bin/../lib/gcc/avr/5.4.0/../../../../avr/lib/avrxmega3\libc.a(tolower.o)
 .note.GNU-stack
                0x0000000000000000        0x0 c:/program files/microchip/xc8/v2.45/avr/bin/../lib/gcc/avr/5.4.0/../../../../avr/lib/avrxmega3\libc.a(toupper.o)
 .note.GNU-stack
                0x0000000000000000        0x0 c:/program files/microchip/xc8/v2.45/avr/bin/../lib/gcc/avr/5.4.0/../../../../avr/lib/avrxmega3\libc.a(errno.o)
 .note.GNU-stack
                0x0000000000000000        0x0 c:/program files/microchip/xc8/v2.45/avr/bin/../lib/gcc/avr/5.4.0/../../../../avr/lib/avrxmega3\libc.a(_Exit.o)
 .note.GNU-stack
                0x0000000000000000        0x0 c:/program files/microchip/xc8/v2.45/avr/bin/../lib/gcc/avr/5.4.0/../../../../avr/lib/avrxmega3\libc.a(__int_vfprintf.o)
 .note.GNU-stack
                0x0000000000000000        0x0 c:/program files/microchip/xc8/v2.45/avr/bin/../lib/gcc/avr/5.4.0/../../../../avr/lib/avrxmega3\libc.a(__int_vfscanf.o)
 .note.GNU-stack
                0x0000000000000000        0x0 c:/program files/microchip/xc8/v2.45/avr/bin/../lib/gcc/avr/5.4.0/../../../../avr/lib/avrxmega3\libc.a(__fmt_a.o)
 .note.GNU-stack
                0x0000000000000000        0x0 c:/program files/microchip/xc8/v2.45/avr/bin/../lib/gcc/avr/5.4.0/../../../../avr/lib/avrxmega3\libc.a(__strtoxll.o)
 .note.GNU-stack
                0x0000000000000000        0x0 c:/program files/microchip/xc8/v2.45/avr/bin/../lib/gcc/avr/5.4.0/../../../../avr/lib/avrxmega3\libc.a(strcspn.o)
 .note.GNU-stack
                0x0000000000000000        0x0 c:/program files/microchip/xc8/v2.45/avr/bin/../lib/gcc/avr/5.4.0/../../../../avr/lib/avrxmega3\libc.a(strspn.o)
 .note.GNU-stack
                0x0000000000000000        0x0 c:/program files/microchip/xc8/v2.45/avr/bin/../lib/gcc/avr/5.4.0/../../../../avr/lib/avrxmega3\libc.a(__printf_64bit_arg_support.o)
 .note.GNU-stack
                0x0000000000000000        0x0 c:/program files/microchip/xc8/v2.45/avr/bin/../lib/gcc/avr/5.4.0/../../../../avr/lib/avrxmega3\libc.a(isalnum.o)
 .note.GNU-stack
                0x0000000000000000        0x0 c:/program files/microchip/xc8/v2.45/avr/bin/../lib/gcc/avr/5.4.0/../../../../avr/lib/avrxmega3\libm.a(floorf.o)

.note.gnu.build-id
 *(.note.gnu.build-id)

.debug
 *(.debug)

.line
 *(.line)

.debug_srcinfo
 *(.debug_srcinfo)

.debug_sfnames
 *(.debug_sfnames)

.debug_aranges  0x0000000000000000      0x110
 *(.debug_aranges)
 .debug_aranges
                0x0000000000000000       0x50 build/default/production/printf.o
 .debug_aranges
                0x0000000000000050       0x70 build/default/production/gps.o
 .debug_aranges
                0x00000000000000c0       0x50 build/default/production/i2c.o

.debug_pubnames
 *(.debug_pubnames)

.debug_info     0x0000000000000000     0x44e8
 *(.debug_info .gnu.linkonce.wi.*)
 .debug_info    0x0000000000000000     0x25a7 C:/Program Files/Microchip/MPLABX/v6.15/packs/Microchip/ATmega_DFP/3.0.158/xc8/avr/lib/avrxmega3/crtatmega3208.o
 .debug_info    0x00000000000025a7      0x8b6 build/default/production/printf.o
 .debug_info    0x0000000000002e5d      0xd32 build/default/production/gps.o
 .debug_info    0x0000000000003b8f      0x959 build/default/production/i2c.o

.debug_abbrev   0x0000000000000000     0x28c5
 *(.debug_abbrev)
 .debug_abbrev  0x0000000000000000     0x23a4 C:/Program Files/Microchip/MPLABX/v6.15/packs/Microchip/ATmega_DFP/3.0.158/xc8/avr/lib/avrxmega3/crtatmega3208.o
 .debug_abbrev  0x00000000000023a4      0x18c build/default/production/printf.o
 .debug_abbrev  0x0000000000002530      0x208 build/default/production/gps.o
 .debug_abbrev  0x0000000000002738      0x18d build/default/production/i2c.o

.debug_line     0x0000000000000000      0xb3b
 *(.debug_line .debug_line.* .debug_line_end)
 .debug_line    0x0000000000000000      0x16f C:/Program Files/Microchip/MPLABX/v6.15/packs/Microchip/ATmega_DFP/3.0.158/xc8/avr/lib/avrxmega3/crtatmega3208.o
 .debug_line    0x000000000000016f      0x314 build/default/production/printf.o
 .debug_line    0x0000000000000483      0x486 build/default/production/gps.o
 .debug_line    0x0000000000000909      0x232 build/default/production/i2c.o

.debug_frame    0x0000000000000000      0x434
 *(.debug_frame)
 .debug_frame   0x0000000000000000       0xd8 build/default/production/printf.o
 .debug_frame   0x00000000000000d8      0x2c8 build/default/production/gps.o
 .debug_frame   0x00000000000003a0       0x94 build/default/production/i2c.o

.debug_str      0x0000000000000000     0x1064
 *(.debug_str)
 .debug_str     0x0000000000000000      0xfdf C:/Program Files/Microchip/MPLABX/v6.15/packs/Microchip/ATmega_DFP/3.0.158/xc8/avr/lib/avrxmega3/crtatmega3208.o
 .debug_str     0x0000000000000fdf       0x1e build/default/production/printf.o
 .debug_str     0x0000000000000ffd       0x5c build/default/production/gps.o
 .debug_str     0x0000000000001059        0xb build/default/production/i2c.o

.debug_loc      0x0000000000000000      0x6d0
 *(.debug_loc)
 .debug_loc     0x0000000000000000      0x1cb build/default/production/printf.o
 .debug_loc     0x00000000000001cb      0x3df build/default/production/gps.o
 .debug_loc     0x00000000000005aa      0x126 build/default/production/i2c.o

.debug_macinfo
 *(.debug_macinfo)

.debug_weaknames
 *(.debug_weaknames)

.debug_funcnames
 *(.debug_funcnames)

.debug_typenames
 *(.debug_typenames)

.debug_varnames
 *(.debug_varnames)

.debug_pubtypes
 *(.debug_pubtypes)

.debug_ranges   0x0000000000000000      0x110
 *(.debug_ranges)
 .debug_ranges  0x0000000000000000       0x40 build/default/production/printf.o
 .debug_ranges  0x0000000000000040       0x78 build/default/production/gps.o
 .debug_ranges  0x00000000000000b8       0x58 build/default/production/i2c.o

.debug_macro
 *(.debug_macro)
OUTPUT(dist/default/production/final-project.X.production.elf elf32-avr)
LOAD linker stubs
LOAD data_init

.note.gnu.avr.deviceinfo
                0x0000000000000000       0x40
 .note.gnu.avr.deviceinfo
                0x0000000000000000       0x40 C:/Program Files/Microchip/MPLABX/v6.15/packs/Microchip/ATmega_DFP/3.0.158/xc8/avr/lib/avrxmega3/crtatmega3208.o

.bss.formatted_time.4440
                0x0000000000803220       0x14
 .bss.formatted_time.4440
                0x0000000000803220       0x14 build/default/production/gps.o

.bss.buffer_index
                0x0000000000803234        0x2
 .bss.buffer_index
                0x0000000000803234        0x2 build/default/production/gps.o
                0x0000000000803234                buffer_index

.bss.gps_buffer
                0x0000000000803002       0xff
 .bss.gps_buffer
                0x0000000000803002       0xff build/default/production/gps.o
                0x0000000000803002                gps_buffer

.bss._tail      0x0000000000803238        0x1
 .bss._tail     0x0000000000803238        0x1 build/default/production/gps.o
                0x0000000000803238                _tail

.bss._head      0x0000000000803239        0x1
 .bss._head     0x0000000000803239        0x1 build/default/production/gps.o
                0x0000000000803239                _head

.bss.gpsData    0x0000000000803101       0xff
 .bss.gpsData   0x0000000000803101       0xff build/default/production/gps.o
                0x0000000000803101                gpsData

.bss.rxBufferLength
                0x000000000080323a        0x1
 .bss.rxBufferLength
                0x000000000080323a        0x1 build/default/production/i2c.o
                0x000000000080323a                rxBufferLength

.bss.rxBufferIndex
                0x000000000080323b        0x1
 .bss.rxBufferIndex
                0x000000000080323b        0x1 build/default/production/i2c.o
                0x000000000080323b                rxBufferIndex

.bss.rxBuffer   0x0000000000803200       0x20
 .bss.rxBuffer  0x0000000000803200       0x20 build/default/production/i2c.o
                0x0000000000803200                rxBuffer

.bss.p.1208     0x0000000000803236        0x2
 .bss.p.1208    0x0000000000803236        0x2 c:/program files/microchip/xc8/v2.45/avr/bin/../lib/gcc/avr/5.4.0/../../../../avr/lib/avrxmega3\libc.a(strtok.o)

.text.__scanf_core
                0x00000000000000ea      0x76e
 .text.__scanf_core
                0x00000000000000ea      0x76e c:/program files/microchip/xc8/v2.45/avr/bin/../lib/gcc/avr/5.4.0/../../../../avr/lib/avrxmega3\libc.a(__scanf_core.o)
                0x00000000000000ea                __scanf_core

.text.strtof    0x0000000000000858      0x74e
 .text.strtof   0x0000000000000858      0x74e c:/program files/microchip/xc8/v2.45/avr/bin/../lib/gcc/avr/5.4.0/../../../../avr/lib/avrxmega3\libc.a(strtof.o)
                0x0000000000000858                strtof

.text.__fmt_fp  0x0000000000000fa6      0x72c
 .text.__fmt_fp
                0x0000000000000fa6      0x72c c:/program files/microchip/xc8/v2.45/avr/bin/../lib/gcc/avr/5.4.0/../../../../avr/lib/avrxmega3\libc.a(__fmt_fp.o)
                0x0000000000000fa6                __fmt_f_needed
                0x0000000000000fa6                __fmt_fp

.text.__fmt_a   0x00000000000016d2      0x632
 .text.__fmt_a  0x00000000000016d2      0x632 c:/program files/microchip/xc8/v2.45/avr/bin/../lib/gcc/avr/5.4.0/../../../../avr/lib/avrxmega3\libc.a(__fmt_a.o)
                0x00000000000016d2                __fmt_a_needed
                0x00000000000016d2                __fmt_a

.text.vfpfcnvrt
                0x0000000000001d04      0x408
 .text.vfpfcnvrt
                0x0000000000001d04      0x408 c:/program files/microchip/xc8/v2.45/avr/bin/../lib/gcc/avr/5.4.0/../../../../avr/lib/avrxmega3\libc.a(__printf_64bit_arg_support.o)
                0x0000000000001d04                vfpfcnvrt

.text.__strtoxll
                0x000000000000210c      0x386
 .text.__strtoxll
                0x000000000000210c      0x386 c:/program files/microchip/xc8/v2.45/avr/bin/../lib/gcc/avr/5.4.0/../../../../avr/lib/avrxmega3\libc.a(__strtoxll.o)
                0x000000000000210c                __strtoxll

.text.__scan_fp
                0x0000000000002492      0x342
 .text.__scan_fp
                0x0000000000002492      0x342 c:/program files/microchip/xc8/v2.45/avr/bin/../lib/gcc/avr/5.4.0/../../../../avr/lib/avrxmega3\libc.a(__scan_fp.o)
                0x0000000000002492                __scan_fp
                0x0000000000002492                __scan_a_needed
                0x0000000000002492                __scan_f_needed

.rodata         0x00000000008067d4      0x2c3 load address 0x00000000000027d4
 .rodata        0x00000000008067d4      0x2c3 build/default/production/gps.o

.text.__fmt_x   0x0000000000002a98      0x280
 .text.__fmt_x  0x0000000000002a98      0x280 c:/program files/microchip/xc8/v2.45/avr/bin/../lib/gcc/avr/5.4.0/../../../../avr/lib/avrxmega3\libc.a(__printf_64bit_arg_support.o)
                0x0000000000002a98                __fmt_x

.text.check_arrival
                0x0000000000002d18      0x1e6
 .text.check_arrival
                0x0000000000002d18      0x1e6 build/default/production/gps.o
                0x0000000000002d18                check_arrival

.text.__scan_i  0x0000000000002efe      0x1e6
 .text.__scan_i
                0x0000000000002efe      0x1e6 c:/program files/microchip/xc8/v2.45/avr/bin/../lib/gcc/avr/5.4.0/../../../../avr/lib/avrxmega3\libc.a(__scan_i.o)
                0x0000000000002efe                __scan_i_needed
                0x0000000000002efe                __scan_i

.text.__fmt_d   0x00000000000030e4      0x17e
 .text.__fmt_d  0x00000000000030e4      0x17e c:/program files/microchip/xc8/v2.45/avr/bin/../lib/gcc/avr/5.4.0/../../../../avr/lib/avrxmega3\libc.a(__printf_64bit_arg_support.o)
                0x00000000000030e4                __fmt_d

.text.__pop_int
                0x0000000000003262      0x172
 .text.__pop_int
                0x0000000000003262      0x172 c:/program files/microchip/xc8/v2.45/avr/bin/../lib/gcc/avr/5.4.0/../../../../avr/lib/avrxmega3\libc.a(__printf_64bit_arg_support.o)
                0x0000000000003262                __pop_int

.text.parse_gngga
                0x00000000000033d4      0x15c
 .text.parse_gngga
                0x00000000000033d4      0x15c build/default/production/gps.o
                0x00000000000033d4                parse_gngga

.text.__cvt_u   0x0000000000003530      0x158
 .text.__cvt_u  0x0000000000003530      0x158 c:/program files/microchip/xc8/v2.45/avr/bin/../lib/gcc/avr/5.4.0/../../../../avr/lib/avrxmega3\libc.a(__printf_64bit_arg_support.o)
                0x0000000000003530                __cvt_u

.text.__scan_x  0x0000000000003688      0x14e
 .text.__scan_x
                0x0000000000003688      0x14e c:/program files/microchip/xc8/v2.45/avr/bin/../lib/gcc/avr/5.4.0/../../../../avr/lib/avrxmega3\libc.a(__scan_x.o)
                0x0000000000003688                __scan_x
                0x0000000000003688                __scan_x_needed

.text.__push_int
                0x00000000000037d6      0x136
 .text.__push_int
                0x00000000000037d6      0x136 c:/program files/microchip/xc8/v2.45/avr/bin/../lib/gcc/avr/5.4.0/../../../../avr/lib/avrxmega3\libc.a(__push_int.o)
                0x00000000000037d6                __push_int_needed
                0x00000000000037d6                __push_int

.text.convert_to_24hr_format
                0x000000000000390c      0x10a
 .text.convert_to_24hr_format
                0x000000000000390c      0x10a build/default/production/gps.o
                0x000000000000390c                convert_to_24hr_format

.text.loop      0x0000000000003a16       0xf2
 .text.loop     0x0000000000003a16       0xf2 build/default/production/gps.o
                0x0000000000003a16                loop

.text.floorf    0x0000000000003b08       0xe6
 .text.floorf   0x0000000000003b08       0xe6 c:/program files/microchip/xc8/v2.45/avr/bin/../lib/gcc/avr/5.4.0/../../../../avr/lib/avrxmega3\libm.a(floorf.o)
                0x0000000000003b08                floorf

.text           0x0000000000003bee       0xde
 .text          0x0000000000003bee       0xde c:/program files/microchip/xc8/v2.45/avr/bin/../lib/gcc/avr/5.4.0/../../../../avr/lib/avrxmega3\libm.a(divsf3x.o)
                0x0000000000003bee                __divsf3x
                0x0000000000003c16                __divsf3_pse

.text.__pop_ptr
                0x0000000000003ccc       0xd8
 .text.__pop_ptr
                0x0000000000003ccc       0xd8 c:/program files/microchip/xc8/v2.45/avr/bin/../lib/gcc/avr/5.4.0/../../../../avr/lib/avrxmega3\libc.a(__printf_64bit_arg_support.o)
                0x0000000000003ccc                __pop_ptr

.text           0x0000000000003da4       0xd4
 .text          0x0000000000003da4       0xd4 c:/program files/microchip/xc8/v2.45/avr/bin/../lib/gcc/avr/5.4.0/../../../../avr/lib/avrxmega3\libm.a(mulsf3x.o)
                0x0000000000003da4                __mulsf3x
                0x0000000000003dca                __mulsf3_pse

.text.__read_int
                0x0000000000003e78       0xd4
 .text.__read_int
                0x0000000000003e78       0xd4 c:/program files/microchip/xc8/v2.45/avr/bin/../lib/gcc/avr/5.4.0/../../../../avr/lib/avrxmega3\libc.a(__scan_d.o)
                0x0000000000003e78                __read_int

.text.__scan_o  0x0000000000003f4c       0xd4
 .text.__scan_o
                0x0000000000003f4c       0xd4 c:/program files/microchip/xc8/v2.45/avr/bin/../lib/gcc/avr/5.4.0/../../../../avr/lib/avrxmega3\libc.a(__scan_o.o)
                0x0000000000003f4c                __scan_o
                0x0000000000003f4c                __scan_o_needed

.text.__fmt_o   0x0000000000004020       0xd2
 .text.__fmt_o  0x0000000000004020       0xd2 c:/program files/microchip/xc8/v2.45/avr/bin/../lib/gcc/avr/5.4.0/../../../../avr/lib/avrxmega3\libc.a(__printf_64bit_arg_support.o)
                0x0000000000004020                __fmt_o

.text           0x00000000000040f2       0xce
 .text          0x00000000000040f2       0xce c:/program files/microchip/xc8/v2.45/avr/bin/../lib/gcc/avr/5.4.0/../../../../avr/lib/avrxmega3\libm.a(addsf3x.o)
                0x00000000000040f2                __addsf3x

.text.__scan_s  0x00000000000041c0       0xcc
 .text.__scan_s
                0x00000000000041c0       0xcc c:/program files/microchip/xc8/v2.45/avr/bin/../lib/gcc/avr/5.4.0/../../../../avr/lib/avrxmega3\libc.a(__scan_s.o)
                0x00000000000041c0                __scan_s_needed
                0x00000000000041c0                __scan_s
                0x00000000000041c0                __scan_0_needed

.text.__fmt_u   0x000000000000428c       0xae
 .text.__fmt_u  0x000000000000428c       0xae c:/program files/microchip/xc8/v2.45/avr/bin/../lib/gcc/avr/5.4.0/../../../../avr/lib/avrxmega3\libc.a(__printf_64bit_arg_support.o)
                0x000000000000428c                __fmt_u

.text.libgcc.div
                0x000000000000433a       0xa2
 .text.libgcc.div
                0x000000000000433a       0xa2 c:/program files/microchip/xc8/v2.45/avr/bin/../lib/gcc/avr/5.4.0/avrxmega3\libgcc.a(_udivmod64.o)
                0x000000000000433a                __udivmod64

.text.libgcc.mul
                0x00000000000043dc       0xa0
 .text.libgcc.mul
                0x00000000000043dc       0xa0 c:/program files/microchip/xc8/v2.45/avr/bin/../lib/gcc/avr/5.4.0/avrxmega3\libgcc.a(_muldi3.o)
                0x00000000000043dc                __muldi3

.text.convert_to_decimal
                0x000000000000447c       0x98
 .text.convert_to_decimal
                0x000000000000447c       0x98 build/default/production/gps.o
                0x000000000000447c                convert_to_decimal

.text.fputc     0x0000000000004514       0x98
 .text.fputc    0x0000000000004514       0x98 c:/program files/microchip/xc8/v2.45/avr/bin/../lib/gcc/avr/5.4.0/../../../../avr/lib/avrxmega3\libc.a(fputc.o)
                0x0000000000004514                fputc
                0x0000000000004514                putc

.text.fgetc     0x00000000000045ac       0x96
 .text.fgetc    0x00000000000045ac       0x96 c:/program files/microchip/xc8/v2.45/avr/bin/../lib/gcc/avr/5.4.0/../../../../avr/lib/avrxmega3\libc.a(fgetc.o)
                0x00000000000045ac                fgetc

.text.strtok    0x0000000000004642       0x7e
 .text.strtok   0x0000000000004642       0x7e c:/program files/microchip/xc8/v2.45/avr/bin/../lib/gcc/avr/5.4.0/../../../../avr/lib/avrxmega3\libc.a(strtok.o)
                0x0000000000004642                strtok

.text           0x00000000000046c0       0x7a
 .text          0x00000000000046c0       0x7a c:/program files/microchip/xc8/v2.45/avr/bin/../lib/gcc/avr/5.4.0/../../../../avr/lib/avrxmega3\libm.a(floatsisf.o)
                0x00000000000046c0                __floatunsisf
                0x00000000000046c4                __floatsisf

.text.__printf_core
                0x000000000000473a       0x78
 .text.__printf_core
                0x000000000000473a       0x78 c:/program files/microchip/xc8/v2.45/avr/bin/../lib/gcc/avr/5.4.0/../../../../avr/lib/avrxmega3\libc.a(__printf_core.o)
                0x000000000000473a                __printf_core

.text.__vsnprintf
                0x00000000000047b2       0x74
 .text.__vsnprintf
                0x00000000000047b2       0x74 c:/program files/microchip/xc8/v2.45/avr/bin/../lib/gcc/avr/5.4.0/../../../../avr/lib/avrxmega3\libc.a(__int_vsnprintf.o)
                0x00000000000047b2                __vsnprintf

.text.vsnprintf
                0x0000000000004826       0x74
 .text.vsnprintf
                0x0000000000004826       0x74 c:/program files/microchip/xc8/v2.45/avr/bin/../lib/gcc/avr/5.4.0/../../../../avr/lib/avrxmega3\libc.a(vsnprintf.o)
                0x0000000000004826                vsnprintf

.text.__pad     0x000000000000489a       0x72
 .text.__pad    0x000000000000489a       0x72 c:/program files/microchip/xc8/v2.45/avr/bin/../lib/gcc/avr/5.4.0/../../../../avr/lib/avrxmega3\libc.a(__printf_core.o)
                0x000000000000489a                __pad

.text.atoi      0x000000000000490c       0x72
 .text.atoi     0x000000000000490c       0x72 c:/program files/microchip/xc8/v2.45/avr/bin/../lib/gcc/avr/5.4.0/../../../../avr/lib/avrxmega3\libc.a(atoi.o)
                0x000000000000490c                atoi

.text.USART2_PRINTF_MOD
                0x000000000000497e       0x70
 .text.USART2_PRINTF_MOD
                0x000000000000497e       0x70 build/default/production/printf.o
                0x000000000000497e                USART2_PRINTF_MOD

.text.__push_float
                0x00000000000049ee       0x6a
 .text.__push_float
                0x00000000000049ee       0x6a c:/program files/microchip/xc8/v2.45/avr/bin/../lib/gcc/avr/5.4.0/../../../../avr/lib/avrxmega3\libc.a(__push_float.o)
                0x00000000000049ee                __push_float_needed
                0x00000000000049ee                __push_float

.text           0x0000000000004a58       0x5e
 .text          0x0000000000004a58       0x5e c:/program files/microchip/xc8/v2.45/avr/bin/../lib/gcc/avr/5.4.0/../../../../avr/lib/avrxmega3\libm.a(fixunssfsi.o)
                0x0000000000004a58                __fixunssfsi

.text.read_prec_or_width
                0x0000000000004ab6       0x5c
 .text.read_prec_or_width
                0x0000000000004ab6       0x5c c:/program files/microchip/xc8/v2.45/avr/bin/../lib/gcc/avr/5.4.0/../../../../avr/lib/avrxmega3\libc.a(__printf_64bit_arg_support.o)

.text.readFromTWI
                0x0000000000004b12       0x56
 .text.readFromTWI
                0x0000000000004b12       0x56 build/default/production/i2c.o
                0x0000000000004b12                readFromTWI

.text.__consumews
                0x0000000000004b68       0x56
 .text.__consumews
                0x0000000000004b68       0x56 c:/program files/microchip/xc8/v2.45/avr/bin/../lib/gcc/avr/5.4.0/../../../../avr/lib/avrxmega3\libc.a(__scanf_core.o)
                0x0000000000004b68                __consumews

.text.__fmt_s   0x0000000000004bbe       0x54
 .text.__fmt_s  0x0000000000004bbe       0x54 c:/program files/microchip/xc8/v2.45/avr/bin/../lib/gcc/avr/5.4.0/../../../../avr/lib/avrxmega3\libc.a(__fmt_s.o)
                0x0000000000004bbe                __fmt_s
                0x0000000000004bbe                __fmt_0_needed
                0x0000000000004bbe                __fmt_s_needed

.text.__scan_d  0x0000000000004c12       0x4c
 .text.__scan_d
                0x0000000000004c12       0x4c c:/program files/microchip/xc8/v2.45/avr/bin/../lib/gcc/avr/5.4.0/../../../../avr/lib/avrxmega3\libc.a(__scan_d.o)
                0x0000000000004c12                __scan_d_needed
                0x0000000000004c12                __scan_d

.text.__scan_u  0x0000000000004c5e       0x4c
 .text.__scan_u
                0x0000000000004c5e       0x4c c:/program files/microchip/xc8/v2.45/avr/bin/../lib/gcc/avr/5.4.0/../../../../avr/lib/avrxmega3\libc.a(__scan_u.o)
                0x0000000000004c5e                __scan_u_needed
                0x0000000000004c5e                __scan_u

.text.GPS_check
                0x0000000000004caa       0x48
 .text.GPS_check
                0x0000000000004caa       0x48 build/default/production/gps.o
                0x0000000000004caa                GPS_check

.text           0x0000000000004cf2       0x48
 .text          0x0000000000004cf2       0x48 c:/program files/microchip/xc8/v2.45/avr/bin/../lib/gcc/avr/5.4.0/../../../../avr/lib/avrxmega3\libm.a(fp_cmp.o)
                0x0000000000004cf2                __fp_cmp

.text.strstr    0x0000000000004d3a       0x48
 .text.strstr   0x0000000000004d3a       0x48 c:/program files/microchip/xc8/v2.45/avr/bin/../lib/gcc/avr/5.4.0/../../../../avr/lib/avrxmega3\libc.a(strstr.o)
                0x0000000000004d3a                strstr

.text.GPS_available
                0x0000000000004d82       0x46
 .text.GPS_available
                0x0000000000004d82       0x46 build/default/production/gps.o
                0x0000000000004d82                GPS_available

.text.__skipws  0x0000000000004dc8       0x46
 .text.__skipws
                0x0000000000004dc8       0x46 c:/program files/microchip/xc8/v2.45/avr/bin/../lib/gcc/avr/5.4.0/../../../../avr/lib/avrxmega3\libc.a(__scanf_core.o)
                0x0000000000004dc8                __skipws

.text           0x0000000000004e0e       0x44
 .text          0x0000000000004e0e       0x44 c:/program files/microchip/xc8/v2.45/avr/bin/../lib/gcc/avr/5.4.0/../../../../avr/lib/avrxmega3\libm.a(fp_split3.o)
                0x0000000000004e0e                __fp_split3
                0x0000000000004e1e                __fp_splitA

.text.__wrap_sscanf
                0x0000000000004e52       0x40
 .text.__wrap_sscanf
                0x0000000000004e52       0x40 c:/program files/microchip/xc8/v2.45/avr/bin/../lib/gcc/avr/5.4.0/../../../../avr/lib/avrxmega3\libc.a(__sio_sscanf_dfnoux.o)
                0x0000000000004e52                _sscanf_cdfFgGnopuxX
                0x0000000000004e52                _sscanf_cdeEgGnopuxX
                0x0000000000004e52                _sscanf_cdeEfFgGnopuxX
                0x0000000000004e52                _sscanf_cdgGnopuxX
                0x0000000000004e52                _sscanf_cdeEnopuxX
                0x0000000000004e52                _sscanf_cdfFnopuxX
                0x0000000000004e52                _sscanf_cdeEfFnopuxX

.text.__fmt_state
                0x0000000000004e92       0x40
 .text.__fmt_state
                0x0000000000004e92       0x40 c:/program files/microchip/xc8/v2.45/avr/bin/../lib/gcc/avr/5.4.0/../../../../avr/lib/avrxmega3\libc.a(__printf_core.o)
                0x0000000000004e92                __fmt_state

.text.__pop_float
                0x0000000000004ed2       0x40
 .text.__pop_float
                0x0000000000004ed2       0x40 c:/program files/microchip/xc8/v2.45/avr/bin/../lib/gcc/avr/5.4.0/../../../../avr/lib/avrxmega3\libc.a(__pop_float.o)
                0x0000000000004ed2                __pop_float_needed
                0x0000000000004ed2                __pop_float

.text.USART2_PRINTF
                0x0000000000004f12       0x3e
 .text.USART2_PRINTF
                0x0000000000004f12       0x3e build/default/production/printf.o
                0x0000000000004f12                USART2_PRINTF

.text.ungetc    0x0000000000004f50       0x3e
 .text.ungetc   0x0000000000004f50       0x3e c:/program files/microchip/xc8/v2.45/avr/bin/../lib/gcc/avr/5.4.0/../../../../avr/lib/avrxmega3\libc.a(fgetc.o)
                0x0000000000004f50                ungetc

.text.strncmp   0x0000000000004f8e       0x3e
 .text.strncmp  0x0000000000004f8e       0x3e c:/program files/microchip/xc8/v2.45/avr/bin/../lib/gcc/avr/5.4.0/../../../../avr/lib/avrxmega3\libc.a(strncmp.o)
                0x0000000000004f8e                strncmp

.text.libgcc.builtins
                0x0000000000004fcc       0x3c
 .text.libgcc.builtins
                0x0000000000004fcc       0x3c c:/program files/microchip/xc8/v2.45/avr/bin/../lib/gcc/avr/5.4.0/avrxmega3\libgcc.a(_ashrdi3.o)
                0x0000000000004fcc                __ashrdi3
                0x0000000000004fd0                __lshrdi3

.text.__out     0x0000000000005008       0x3a
 .text.__out    0x0000000000005008       0x3a c:/program files/microchip/xc8/v2.45/avr/bin/../lib/gcc/avr/5.4.0/../../../../avr/lib/avrxmega3\libc.a(__printf_core.o)
                0x0000000000005008                __out

.text.strcspn   0x0000000000005042       0x3a
 .text.strcspn  0x0000000000005042       0x3a c:/program files/microchip/xc8/v2.45/avr/bin/../lib/gcc/avr/5.4.0/../../../../avr/lib/avrxmega3\libc.a(strcspn.o)
                0x0000000000005042                strcspn

.text.strspn    0x000000000000507c       0x3a
 .text.strspn   0x000000000000507c       0x3a c:/program files/microchip/xc8/v2.45/avr/bin/../lib/gcc/avr/5.4.0/../../../../avr/lib/avrxmega3\libc.a(strspn.o)
                0x000000000000507c                strspn

.rodata._powers_
                0x00000000008090b6       0x34 load address 0x00000000000050b6
 .rodata._powers_
                0x00000000008090b6       0x34 c:/program files/microchip/xc8/v2.45/avr/bin/../lib/gcc/avr/5.4.0/../../../../avr/lib/avrxmega3\libc.a(strtof.o)

.text.strncpy   0x00000000000050ea       0x34
 .text.strncpy  0x00000000000050ea       0x34 c:/program files/microchip/xc8/v2.45/avr/bin/../lib/gcc/avr/5.4.0/../../../../avr/lib/avrxmega3\libc.a(strncpy.o)
                0x00000000000050ea                strncpy

.text.GPS_read  0x000000000000511e       0x32
 .text.GPS_read
                0x000000000000511e       0x32 build/default/production/gps.o
                0x000000000000511e                GPS_read

.text.libgcc.prologue
                0x0000000000005150       0x32
 .text.libgcc.prologue
                0x0000000000005150       0x32 c:/program files/microchip/xc8/v2.45/avr/bin/../lib/gcc/avr/5.4.0/avrxmega3\libgcc.a(_prologue.o)
                0x0000000000005150                __prologue_saves__

.text.vfprintf  0x0000000000005182       0x30
 .text.vfprintf
                0x0000000000005182       0x30 c:/program files/microchip/xc8/v2.45/avr/bin/../lib/gcc/avr/5.4.0/../../../../avr/lib/avrxmega3\libc.a(vfprintf.o)
                0x0000000000005182                vfprintf

.text.__vfprintf
                0x00000000000051b2       0x30
 .text.__vfprintf
                0x00000000000051b2       0x30 c:/program files/microchip/xc8/v2.45/avr/bin/../lib/gcc/avr/5.4.0/../../../../avr/lib/avrxmega3\libc.a(__int_vfprintf.o)
                0x00000000000051b2                __vfprintf

.text.__vfscanf
                0x00000000000051e2       0x30
 .text.__vfscanf
                0x00000000000051e2       0x30 c:/program files/microchip/xc8/v2.45/avr/bin/../lib/gcc/avr/5.4.0/../../../../avr/lib/avrxmega3\libc.a(__int_vfscanf.o)
                0x00000000000051e2                __vfscanf

.text.libgcc.prologue
                0x0000000000005212       0x30
 .text.libgcc.prologue
                0x0000000000005212       0x30 c:/program files/microchip/xc8/v2.45/avr/bin/../lib/gcc/avr/5.4.0/avrxmega3\libgcc.a(_epilogue.o)
                0x0000000000005212                __epilogue_restores__

.text.libgcc.div
                0x0000000000005242       0x28
 .text.libgcc.div
                0x0000000000005242       0x28 c:/program files/microchip/xc8/v2.45/avr/bin/../lib/gcc/avr/5.4.0/avrxmega3\libgcc.a(_udivmodhi4.o)
                0x0000000000005242                __udivmodhi4

.text.__wrap_snprintf
                0x000000000000526a       0x28
 .text.__wrap_snprintf
                0x000000000000526a       0x28 c:/program files/microchip/xc8/v2.45/avr/bin/../lib/gcc/avr/5.4.0/../../../../avr/lib/avrxmega3\libc.a(__sio_snprintf_dfoux.o)
                0x000000000000526a                _snprintf_cdfFgGopuxX
                0x000000000000526a                _snprintf_cdeEopuxX
                0x000000000000526a                _snprintf_cdeEfFopuxX
                0x000000000000526a                _snprintf_cdeEfFgGopuxX
                0x000000000000526a                _snprintf_cdeEgGopuxX
                0x000000000000526a                _snprintf_cdfFopuxX
                0x000000000000526a                _snprintf_cdgGopuxX

.text.isxdigit  0x0000000000005292       0x28
 .text.isxdigit
                0x0000000000005292       0x28 c:/program files/microchip/xc8/v2.45/avr/bin/../lib/gcc/avr/5.4.0/../../../../avr/lib/avrxmega3\libc.a(isxdigit.o)
                0x0000000000005292                isxdigit

.text.isalnum   0x00000000000052ba       0x28
 .text.isalnum  0x00000000000052ba       0x28 c:/program files/microchip/xc8/v2.45/avr/bin/../lib/gcc/avr/5.4.0/../../../../avr/lib/avrxmega3\libc.a(isalnum.o)
                0x00000000000052ba                isalnum

.text.libgcc.div
                0x00000000000052e2       0x28
 .text.libgcc.div
                0x00000000000052e2       0x28 c:/program files/microchip/xc8/v2.45/avr/bin/../lib/gcc/avr/5.4.0/avrxmega3\libgcc.a(_divmodhi4.o)
                0x00000000000052e2                _div
                0x00000000000052e2                __divmodhi4

.text.read      0x000000000000530a       0x26
 .text.read     0x000000000000530a       0x26 build/default/production/i2c.o
                0x000000000000530a                read

.text           0x0000000000005330       0x22
 .text          0x0000000000005330       0x22 c:/program files/microchip/xc8/v2.45/avr/bin/../lib/gcc/avr/5.4.0/../../../../avr/lib/avrxmega3\libm.a(fp_round.o)
                0x0000000000005330                __fp_round

.text.USART2_INIT
                0x0000000000005352       0x20
 .text.USART2_INIT
                0x0000000000005352       0x20 build/default/production/printf.o
                0x0000000000005352                USART2_INIT

.text.libgcc    0x0000000000005372       0x20
 .text.libgcc   0x0000000000005372       0x20 c:/program files/microchip/xc8/v2.45/avr/bin/../lib/gcc/avr/5.4.0/avrxmega3\libgcc.a(_negdi2.o)
                0x0000000000005372                __negdi2

.text.libgcc.mul
                0x0000000000005392       0x1e
 .text.libgcc.mul
                0x0000000000005392       0x1e c:/program files/microchip/xc8/v2.45/avr/bin/../lib/gcc/avr/5.4.0/avrxmega3\libgcc.a(_umulhisi3.o)
                0x0000000000005392                __umulhisi3

.text.strlen    0x00000000000053b0       0x1c
 .text.strlen   0x00000000000053b0       0x1c c:/program files/microchip/xc8/v2.45/avr/bin/../lib/gcc/avr/5.4.0/../../../../avr/lib/avrxmega3\libc.a(strlen.o)
                0x00000000000053b0                strlen

.text.libgcc.div
                0x00000000000053cc       0x1c
 .text.libgcc.div
                0x00000000000053cc       0x1c c:/program files/microchip/xc8/v2.45/avr/bin/../lib/gcc/avr/5.4.0/avrxmega3\libgcc.a(_udivdi3.o)
                0x00000000000053cc                __umoddi3
                0x00000000000053d0                __udivdi3
                0x00000000000053d2                __udivdi3_umoddi3

.text.TWI_init  0x00000000000053e8       0x1a
 .text.TWI_init
                0x00000000000053e8       0x1a build/default/production/i2c.o
                0x00000000000053e8                TWI_init

.rodata         0x0000000000809402       0x1a load address 0x0000000000005402
 .rodata        0x0000000000809402       0x1a c:/program files/microchip/xc8/v2.45/avr/bin/../lib/gcc/avr/5.4.0/../../../../avr/lib/avrxmega3\libc.a(strtof.o)

.text.strchr    0x000000000000541c       0x18
 .text.strchr   0x000000000000541c       0x18 c:/program files/microchip/xc8/v2.45/avr/bin/../lib/gcc/avr/5.4.0/../../../../avr/lib/avrxmega3\libc.a(strchr.o)
                0x000000000000541c                strchr

.text.libgcc    0x0000000000005434       0x18
 .text.libgcc   0x0000000000005434       0x18 c:/program files/microchip/xc8/v2.45/avr/bin/../lib/gcc/avr/5.4.0/avrxmega3\libgcc.a(_cmpdi2_s8.o)
                0x0000000000005434                __cmpdi2_s8

.text.main      0x000000000000544c       0x16
 .text.main     0x000000000000544c       0x16 build/default/production/gps.o
                0x000000000000544c                main

.text.libgcc.mul
                0x0000000000005462       0x16
 .text.libgcc.mul
                0x0000000000005462       0x16 c:/program files/microchip/xc8/v2.45/avr/bin/../lib/gcc/avr/5.4.0/avrxmega3\libgcc.a(_muluhisi3.o)
                0x0000000000005462                __muluhisi3

.text.exit      0x0000000000005478       0x16
 .text.exit     0x0000000000005478       0x16 c:/program files/microchip/xc8/v2.45/avr/bin/../lib/gcc/avr/5.4.0/../../../../avr/lib/avrxmega3\libc.a(exit.o)
                0x0000000000005478                exit

.rodata.state_table
                0x000000000080948e       0x16 load address 0x000000000000548e
 .rodata.state_table
                0x000000000080948e       0x16 c:/program files/microchip/xc8/v2.45/avr/bin/../lib/gcc/avr/5.4.0/../../../../avr/lib/avrxmega3\libc.a(__printf_core.o)

.text.TWI_startRead
                0x00000000000054a4       0x14
 .text.TWI_startRead
                0x00000000000054a4       0x14 build/default/production/i2c.o
                0x00000000000054a4                TWI_startRead

.text.requestByte
                0x00000000000054b8       0x14
 .text.requestByte
                0x00000000000054b8       0x14 build/default/production/i2c.o
                0x00000000000054b8                requestByte

.text.libgcc.mul
                0x00000000000054cc       0x12
 .text.libgcc.mul
                0x00000000000054cc       0x12 c:/program files/microchip/xc8/v2.45/avr/bin/../lib/gcc/avr/5.4.0/avrxmega3\libgcc.a(_muldi3_6.o)
                0x00000000000054cc                __muldi3_6

.text.memset    0x00000000000054de       0x12
 .text.memset   0x00000000000054de       0x12 c:/program files/microchip/xc8/v2.45/avr/bin/../lib/gcc/avr/5.4.0/../../../../avr/lib/avrxmega3\libc.a(memset.o)
                0x00000000000054de                memset

.text.toupper   0x00000000000054f0       0x12
 .text.toupper  0x00000000000054f0       0x12 c:/program files/microchip/xc8/v2.45/avr/bin/../lib/gcc/avr/5.4.0/../../../../avr/lib/avrxmega3\libc.a(toupper.o)
                0x00000000000054f0                toupper

.text.libgcc    0x0000000000005502       0x12
 .text.libgcc   0x0000000000005502       0x12 c:/program files/microchip/xc8/v2.45/avr/bin/../lib/gcc/avr/5.4.0/avrxmega3\libgcc.a(_adddi3.o)
                0x0000000000005502                __adddi3

.text.libgcc    0x0000000000005514       0x12
 .text.libgcc   0x0000000000005514       0x12 c:/program files/microchip/xc8/v2.45/avr/bin/../lib/gcc/avr/5.4.0/avrxmega3\libgcc.a(_cmpdi2.o)
                0x0000000000005514                __cmpdi2

.text.TWI_initPins
                0x0000000000005526       0x10
 .text.TWI_initPins
                0x0000000000005526       0x10 build/default/production/i2c.o
                0x0000000000005526                TWI_initPins

.rodata         0x0000000000809536       0x10 load address 0x0000000000005536
 .rodata        0x0000000000809536       0x10 c:/program files/microchip/xc8/v2.45/avr/bin/../lib/gcc/avr/5.4.0/../../../../avr/lib/avrxmega3\libc.a(__fmt_fp.o)

.text.strcpy    0x0000000000005546       0x10
 .text.strcpy   0x0000000000005546       0x10 c:/program files/microchip/xc8/v2.45/avr/bin/../lib/gcc/avr/5.4.0/../../../../avr/lib/avrxmega3\libc.a(strcpy.o)
                0x0000000000005546                strcpy

.text.tolower   0x0000000000005556       0x10
 .text.tolower  0x0000000000005556       0x10 c:/program files/microchip/xc8/v2.45/avr/bin/../lib/gcc/avr/5.4.0/../../../../avr/lib/avrxmega3\libc.a(tolower.o)
                0x0000000000005556                tolower

.rodata         0x0000000000809566       0x10 load address 0x0000000000005566
 .rodata        0x0000000000809566       0x10 c:/program files/microchip/xc8/v2.45/avr/bin/../lib/gcc/avr/5.4.0/../../../../avr/lib/avrxmega3\libc.a(__fmt_a.o)

.text           0x0000000000005576        0xe
 .text          0x0000000000005576        0xe c:/program files/microchip/xc8/v2.45/avr/bin/../lib/gcc/avr/5.4.0/../../../../avr/lib/avrxmega3\libm.a(addsf3.o)
                0x0000000000005576                __subsf3
                0x0000000000005578                __addsf3

.text           0x0000000000005584        0xe
 .text          0x0000000000005584        0xe c:/program files/microchip/xc8/v2.45/avr/bin/../lib/gcc/avr/5.4.0/../../../../avr/lib/avrxmega3\libm.a(fixsfsi.o)
                0x0000000000005584                __fixsfsi

.text           0x0000000000005592        0xe
 .text          0x0000000000005592        0xe c:/program files/microchip/xc8/v2.45/avr/bin/../lib/gcc/avr/5.4.0/../../../../avr/lib/avrxmega3\libm.a(fp_pscA.o)
                0x0000000000005592                __fp_pscA

.text           0x00000000000055a0        0xe
 .text          0x00000000000055a0        0xe c:/program files/microchip/xc8/v2.45/avr/bin/../lib/gcc/avr/5.4.0/../../../../avr/lib/avrxmega3\libm.a(fp_pscB.o)
                0x00000000000055a0                __fp_pscB

.text           0x00000000000055ae        0xe
 .text          0x00000000000055ae        0xe c:/program files/microchip/xc8/v2.45/avr/bin/../lib/gcc/avr/5.4.0/../../../../avr/lib/avrxmega3\libm.a(fp_zero.o)
                0x00000000000055ae                __fp_zero
                0x00000000000055b0                __fp_szero

.text           0x00000000000055bc        0xc
 .text          0x00000000000055bc        0xc c:/program files/microchip/xc8/v2.45/avr/bin/../lib/gcc/avr/5.4.0/../../../../avr/lib/avrxmega3\libm.a(fp_inf.o)
                0x00000000000055bc                __fp_inf

.rodata         0x00000000008095c8        0xc load address 0x00000000000055c8
 .rodata        0x00000000008095c8        0xc c:/program files/microchip/xc8/v2.45/avr/bin/../lib/gcc/avr/5.4.0/../../../../avr/lib/avrxmega3\libc.a(__scan_fp.o)

.text.GPS_begin
                0x00000000000055d4        0xa
 .text.GPS_begin
                0x00000000000055d4        0xa build/default/production/gps.o
                0x00000000000055d4                GPS_begin

.text           0x00000000000055de        0xa
 .text          0x00000000000055de        0xa c:/program files/microchip/xc8/v2.45/avr/bin/../lib/gcc/avr/5.4.0/../../../../avr/lib/avrxmega3\libm.a(cmpsf2.o)
                0x00000000000055de                __nesf2
                0x00000000000055de                __eqsf2
                0x00000000000055de                __cmpsf2
                0x00000000000055de                __ltsf2
                0x00000000000055de                __lesf2

.text           0x00000000000055e8        0xa
 .text          0x00000000000055e8        0xa c:/program files/microchip/xc8/v2.45/avr/bin/../lib/gcc/avr/5.4.0/../../../../avr/lib/avrxmega3\libm.a(gesf2.o)
                0x00000000000055e8                __gesf2
                0x00000000000055e8                __gtsf2

.text.atof      0x00000000000055f2        0xa
 .text.atof     0x00000000000055f2        0xa c:/program files/microchip/xc8/v2.45/avr/bin/../lib/gcc/avr/5.4.0/../../../../avr/lib/avrxmega3\libc.a(strtof.o)
                0x00000000000055f2                atof

.text           0x00000000000055fc        0x8
 .text          0x00000000000055fc        0x8 c:/program files/microchip/xc8/v2.45/avr/bin/../lib/gcc/avr/5.4.0/../../../../avr/lib/avrxmega3\libm.a(divsf3.o)
                0x00000000000055fc                __divsf3

.text           0x0000000000005604        0x8
 .text          0x0000000000005604        0x8 c:/program files/microchip/xc8/v2.45/avr/bin/../lib/gcc/avr/5.4.0/../../../../avr/lib/avrxmega3\libm.a(mulsf3.o)
                0x0000000000005604                __mulsf3

.text.strtoll   0x000000000000560c        0x8
 .text.strtoll  0x000000000000560c        0x8 c:/program files/microchip/xc8/v2.45/avr/bin/../lib/gcc/avr/5.4.0/../../../../avr/lib/avrxmega3\libc.a(strtoll.o)
                0x000000000000560c                strtoll

.text.strtoull  0x0000000000005614        0x8
 .text.strtoull
                0x0000000000005614        0x8 c:/program files/microchip/xc8/v2.45/avr/bin/../lib/gcc/avr/5.4.0/../../../../avr/lib/avrxmega3\libc.a(strtoull.o)
                0x0000000000005614                strtoull

.rodata.nuls.2781
                0x000000000080961c        0x7 load address 0x000000000000561c
 .rodata.nuls.2781
                0x000000000080961c        0x7 c:/program files/microchip/xc8/v2.45/avr/bin/../lib/gcc/avr/5.4.0/../../../../avr/lib/avrxmega3\libc.a(__fmt_s.o)

.text           0x0000000000005624        0x6
 .text          0x0000000000005624        0x6 c:/program files/microchip/xc8/v2.45/avr/bin/../lib/gcc/avr/5.4.0/../../../../avr/lib/avrxmega3\libm.a(fp_nan.o)
                0x0000000000005624                __fp_nan

.text.strtold   0x000000000000562a        0x6
 .text.strtold  0x000000000000562a        0x6 c:/program files/microchip/xc8/v2.45/avr/bin/../lib/gcc/avr/5.4.0/../../../../avr/lib/avrxmega3\libc.a(strtof.o)
                0x000000000000562a                strtold

.rodata.nilstr.3022
                0x0000000000809630        0x6 load address 0x0000000000005630
 .rodata.nilstr.3022
                0x0000000000809630        0x6 c:/program files/microchip/xc8/v2.45/avr/bin/../lib/gcc/avr/5.4.0/../../../../avr/lib/avrxmega3\libc.a(__printf_64bit_arg_support.o)

.text           0x0000000000005636        0x4
 .text          0x0000000000005636        0x4 C:/Program Files/Microchip/MPLABX/v6.15/packs/Microchip/ATmega_DFP/3.0.158/xc8/avr/lib/avrxmega3/crtatmega3208.o
                0x0000000000005636                __vector_22
                0x0000000000005636                __vector_28
                0x0000000000005636                __vector_1
                0x0000000000005636                __vector_32
                0x0000000000005636                __vector_34
                0x0000000000005636                __vector_24
                0x0000000000005636                __vector_12
                0x0000000000005636                __bad_interrupt
                0x0000000000005636                __vector_6
                0x0000000000005636                __vector_31
                0x0000000000005636                __vector_35
                0x0000000000005636                __vector_3
                0x0000000000005636                __vector_23
                0x0000000000005636                __vector_30
                0x0000000000005636                __vector_25
                0x0000000000005636                __vector_11
                0x0000000000005636                __vector_13
                0x0000000000005636                __vector_17
                0x0000000000005636                __vector_19
                0x0000000000005636                __vector_7
                0x0000000000005636                __vector_27
                0x0000000000005636                __vector_5
                0x0000000000005636                __vector_33
                0x0000000000005636                __vector_4
                0x0000000000005636                __vector_9
                0x0000000000005636                __vector_2
                0x0000000000005636                __vector_21
                0x0000000000005636                __vector_15
                0x0000000000005636                __vector_29
                0x0000000000005636                __vector_8
                0x0000000000005636                __vector_26
                0x0000000000005636                __vector_14
                0x0000000000005636                __vector_10
                0x0000000000005636                __vector_16
                0x0000000000005636                __vector_18
                0x0000000000005636                __vector_20

.text._Exit     0x000000000000563a        0x4
 .text._Exit    0x000000000000563a        0x4 c:/program files/microchip/xc8/v2.45/avr/bin/../lib/gcc/avr/5.4.0/../../../../avr/lib/avrxmega3\libc.a(_Exit.o)
                0x000000000000563a                _Exit

.text.__dummy_fini
                0x000000000000563e        0x2
 .text.__dummy_fini
                0x000000000000563e        0x2 c:/program files/microchip/xc8/v2.45/avr/bin/../lib/gcc/avr/5.4.0/../../../../avr/lib/avrxmega3\libc.a(exit.o)
                0x000000000000563e                _fini

.text.__dummy_funcs_on_exit
                0x0000000000005640        0x2
 .text.__dummy_funcs_on_exit
                0x0000000000005640        0x2 c:/program files/microchip/xc8/v2.45/avr/bin/../lib/gcc/avr/5.4.0/../../../../avr/lib/avrxmega3\libc.a(exit.o)
                0x0000000000005640                __funcs_on_exit

.text.__dummy_simulator_exit
                0x0000000000005642        0x2
 .text.__dummy_simulator_exit
                0x0000000000005642        0x2 c:/program files/microchip/xc8/v2.45/avr/bin/../lib/gcc/avr/5.4.0/../../../../avr/lib/avrxmega3\libc.a(exit.o)
                0x0000000000005642                __simulator_exit
